Archive member included to satisfy reference by file (symbol)

c:/ac6/systemworkbench/plugins/fr.ac6.mcu.externaltools.arm-none.win32_1.17.0.201812190825/tools/compiler/bin/../lib/gcc/arm-none-eabi/7.3.1/thumb/v7e-m/fpv5/hard\libgcc.a(_aeabi_uldivmod.o)
                              Drivers/STM32F7xx_HAL_Driver/Src/stm32f7xx_hal_rcc.o (__aeabi_uldivmod)
c:/ac6/systemworkbench/plugins/fr.ac6.mcu.externaltools.arm-none.win32_1.17.0.201812190825/tools/compiler/bin/../lib/gcc/arm-none-eabi/7.3.1/thumb/v7e-m/fpv5/hard\libgcc.a(_udivmoddi4.o)
                              c:/ac6/systemworkbench/plugins/fr.ac6.mcu.externaltools.arm-none.win32_1.17.0.201812190825/tools/compiler/bin/../lib/gcc/arm-none-eabi/7.3.1/thumb/v7e-m/fpv5/hard\libgcc.a(_aeabi_uldivmod.o) (__udivmoddi4)
c:/ac6/systemworkbench/plugins/fr.ac6.mcu.externaltools.arm-none.win32_1.17.0.201812190825/tools/compiler/bin/../lib/gcc/arm-none-eabi/7.3.1/thumb/v7e-m/fpv5/hard\libgcc.a(_dvmd_tls.o)
                              c:/ac6/systemworkbench/plugins/fr.ac6.mcu.externaltools.arm-none.win32_1.17.0.201812190825/tools/compiler/bin/../lib/gcc/arm-none-eabi/7.3.1/thumb/v7e-m/fpv5/hard\libgcc.a(_aeabi_uldivmod.o) (__aeabi_ldiv0)
c:/ac6/systemworkbench/plugins/fr.ac6.mcu.externaltools.arm-none.win32_1.17.0.201812190825/tools/compiler/bin/../lib/gcc/arm-none-eabi/7.3.1/../../../../arm-none-eabi/lib/thumb/v7e-m/fpv5/hard\libc_nano.a(lib_a-exit.o)
                              c:/ac6/systemworkbench/plugins/fr.ac6.mcu.externaltools.arm-none.win32_1.17.0.201812190825/tools/compiler/bin/../lib/gcc/arm-none-eabi/7.3.1/../../../../arm-none-eabi/lib/thumb/v7e-m/fpv5/hard/crt0.o (exit)
c:/ac6/systemworkbench/plugins/fr.ac6.mcu.externaltools.arm-none.win32_1.17.0.201812190825/tools/compiler/bin/../lib/gcc/arm-none-eabi/7.3.1/../../../../arm-none-eabi/lib/thumb/v7e-m/fpv5/hard\libc_nano.a(lib_a-impure.o)
                              c:/ac6/systemworkbench/plugins/fr.ac6.mcu.externaltools.arm-none.win32_1.17.0.201812190825/tools/compiler/bin/../lib/gcc/arm-none-eabi/7.3.1/../../../../arm-none-eabi/lib/thumb/v7e-m/fpv5/hard\libc_nano.a(lib_a-exit.o) (_global_impure_ptr)
c:/ac6/systemworkbench/plugins/fr.ac6.mcu.externaltools.arm-none.win32_1.17.0.201812190825/tools/compiler/bin/../lib/gcc/arm-none-eabi/7.3.1/../../../../arm-none-eabi/lib/thumb/v7e-m/fpv5/hard\libc_nano.a(lib_a-init.o)
                              c:/ac6/systemworkbench/plugins/fr.ac6.mcu.externaltools.arm-none.win32_1.17.0.201812190825/tools/compiler/bin/../lib/gcc/arm-none-eabi/7.3.1/../../../../arm-none-eabi/lib/thumb/v7e-m/fpv5/hard/crt0.o (__libc_init_array)
c:/ac6/systemworkbench/plugins/fr.ac6.mcu.externaltools.arm-none.win32_1.17.0.201812190825/tools/compiler/bin/../lib/gcc/arm-none-eabi/7.3.1/../../../../arm-none-eabi/lib/thumb/v7e-m/fpv5/hard\libc_nano.a(lib_a-malloc.o)
                              Lib/MTi/xbus/xbusparser.o (malloc)
c:/ac6/systemworkbench/plugins/fr.ac6.mcu.externaltools.arm-none.win32_1.17.0.201812190825/tools/compiler/bin/../lib/gcc/arm-none-eabi/7.3.1/../../../../arm-none-eabi/lib/thumb/v7e-m/fpv5/hard\libc_nano.a(lib_a-memcpy-stub.o)
                              Core/Src/Wireless.o (memcpy)
c:/ac6/systemworkbench/plugins/fr.ac6.mcu.externaltools.arm-none.win32_1.17.0.201812190825/tools/compiler/bin/../lib/gcc/arm-none-eabi/7.3.1/../../../../arm-none-eabi/lib/thumb/v7e-m/fpv5/hard\libc_nano.a(lib_a-memset.o)
                              c:/ac6/systemworkbench/plugins/fr.ac6.mcu.externaltools.arm-none.win32_1.17.0.201812190825/tools/compiler/bin/../lib/gcc/arm-none-eabi/7.3.1/../../../../arm-none-eabi/lib/thumb/v7e-m/fpv5/hard/crt0.o (memset)
c:/ac6/systemworkbench/plugins/fr.ac6.mcu.externaltools.arm-none.win32_1.17.0.201812190825/tools/compiler/bin/../lib/gcc/arm-none-eabi/7.3.1/../../../../arm-none-eabi/lib/thumb/v7e-m/fpv5/hard\libc_nano.a(lib_a-nano-freer.o)
                              c:/ac6/systemworkbench/plugins/fr.ac6.mcu.externaltools.arm-none.win32_1.17.0.201812190825/tools/compiler/bin/../lib/gcc/arm-none-eabi/7.3.1/../../../../arm-none-eabi/lib/thumb/v7e-m/fpv5/hard\libc_nano.a(lib_a-malloc.o) (_free_r)
c:/ac6/systemworkbench/plugins/fr.ac6.mcu.externaltools.arm-none.win32_1.17.0.201812190825/tools/compiler/bin/../lib/gcc/arm-none-eabi/7.3.1/../../../../arm-none-eabi/lib/thumb/v7e-m/fpv5/hard\libc_nano.a(lib_a-nano-mallocr.o)
                              c:/ac6/systemworkbench/plugins/fr.ac6.mcu.externaltools.arm-none.win32_1.17.0.201812190825/tools/compiler/bin/../lib/gcc/arm-none-eabi/7.3.1/../../../../arm-none-eabi/lib/thumb/v7e-m/fpv5/hard\libc_nano.a(lib_a-malloc.o) (_malloc_r)
c:/ac6/systemworkbench/plugins/fr.ac6.mcu.externaltools.arm-none.win32_1.17.0.201812190825/tools/compiler/bin/../lib/gcc/arm-none-eabi/7.3.1/../../../../arm-none-eabi/lib/thumb/v7e-m/fpv5/hard\libc_nano.a(lib_a-sbrkr.o)
[...]
Memory Configuration

Name             Origin             Length             Attributes
RAM              0x20000000         0x00080000         xrw
FLASH            0x08000000         0x00200000         xr
*default*        0x00000000         0xffffffff

Linker script and memory map

LOAD c:/ac6/systemworkbench/plugins/fr.ac6.mcu.externaltools.arm-none.win32_1.17.0.201812190825/tools/compiler/bin/../lib/gcc/arm-none-eabi/7.3.1/thumb/v7e-m/fpv5/hard/crti.o
LOAD c:/ac6/systemworkbench/plugins/fr.ac6.mcu.externaltools.arm-none.win32_1.17.0.201812190825/tools/compiler/bin/../lib/gcc/arm-none-eabi/7.3.1/thumb/v7e-m/fpv5/hard/crtbegin.o
LOAD c:/ac6/systemworkbench/plugins/fr.ac6.mcu.externaltools.arm-none.win32_1.17.0.201812190825/tools/compiler/bin/../lib/gcc/arm-none-eabi/7.3.1/../../../../arm-none-eabi/lib/thumb/v7e-m/fpv5/hard/crt0.o
LOAD Core/Src/Wireless.o
LOAD Core/Src/main.o
LOAD Core/Src/stm32f7xx_hal_msp.o
LOAD Core/Src/stm32f7xx_it.o
LOAD Core/Src/system_stm32f7xx.o
LOAD Core/Src/wheels.o
LOAD Drivers/STM32F7xx_HAL_Driver/Src/stm32f7xx_hal.o
LOAD Drivers/STM32F7xx_HAL_Driver/Src/stm32f7xx_hal_cortex.o
LOAD Drivers/STM32F7xx_HAL_Driver/Src/stm32f7xx_hal_dma.o
LOAD Drivers/STM32F7xx_HAL_Driver/Src/stm32f7xx_hal_dma_ex.o
LOAD Drivers/STM32F7xx_HAL_Driver/Src/stm32f7xx_hal_flash.o
LOAD Drivers/STM32F7xx_HAL_Driver/Src/stm32f7xx_hal_flash_ex.o
LOAD Drivers/STM32F7xx_HAL_Driver/Src/stm32f7xx_hal_gpio.o
LOAD Drivers/STM32F7xx_HAL_Driver/Src/stm32f7xx_hal_i2c.o
LOAD Drivers/STM32F7xx_HAL_Driver/Src/stm32f7xx_hal_i2c_ex.o
LOAD Drivers/STM32F7xx_HAL_Driver/Src/stm32f7xx_hal_pwr.o
LOAD Drivers/STM32F7xx_HAL_Driver/Src/stm32f7xx_hal_pwr_ex.o
LOAD Drivers/STM32F7xx_HAL_Driver/Src/stm32f7xx_hal_qspi.o
LOAD Drivers/STM32F7xx_HAL_Driver/Src/stm32f7xx_hal_rcc.o
LOAD Drivers/STM32F7xx_HAL_Driver/Src/stm32f7xx_hal_rcc_ex.o
LOAD Drivers/STM32F7xx_HAL_Driver/Src/stm32f7xx_hal_spi.o
LOAD Drivers/STM32F7xx_HAL_Driver/Src/stm32f7xx_hal_tim.o
LOAD Drivers/STM32F7xx_HAL_Driver/Src/stm32f7xx_hal_tim_ex.o
LOAD Drivers/STM32F7xx_HAL_Driver/Src/stm32f7xx_hal_uart.o
LOAD Lib/MTi/xbus/xbusmessage.o
LOAD Lib/MTi/xbus/xbusparser.o
LOAD Lib/MTi/xbus/xbusutility.o
LOAD Lib/MTi/xbus/xsdeviceid.o
LOAD Lib/PuTTY.o
LOAD Lib/SX1280/SX1280.o
LOAD Util/gpio_util.o
LOAD Util/tim_util.o
LOAD startup/startup_stm32f767xx.o
LOAD c:/ac6/systemworkbench/plugins/fr.ac6.mcu.externaltools.arm-none.win32_1.17.0.201812190825/tools/compiler/bin/../lib/gcc/arm-none-eabi/7.3.1/../../../../arm-none-eabi/lib/thumb/v7e-m/fpv5/hard\libm.a
START GROUP
LOAD c:/ac6/systemworkbench/plugins/fr.ac6.mcu.externaltools.arm-none.win32_1.17.0.201812190825/tools/compiler/bin/../lib/gcc/arm-none-eabi/7.3.1/thumb/v7e-m/fpv5/hard\libgcc.a
LOAD c:/ac6/systemworkbench/plugins/fr.ac6.mcu.externaltools.arm-none.win32_1.17.0.201812190825/tools/compiler/bin/../lib/gcc/arm-none-eabi/7.3.1/../../../../arm-none-eabi/lib/thumb/v7e-m/fpv5/hard\libc_nano.a
END GROUP
START GROUP
LOAD c:/ac6/systemworkbench/plugins/fr.ac6.mcu.externaltools.arm-none.win32_1.17.0.201812190825/tools/compiler/bin/../lib/gcc/arm-none-eabi/7.3.1/thumb/v7e-m/fpv5/hard\libgcc.a
LOAD c:/ac6/systemworkbench/plugins/fr.ac6.mcu.externaltools.arm-none.win32_1.17.0.201812190825/tools/compiler/bin/../lib/gcc/arm-none-eabi/7.3.1/../../../../arm-none-eabi/lib/thumb/v7e-m/fpv5/hard\libc_nano.a
LOAD c:/ac6/systemworkbench/plugins/fr.ac6.mcu.externaltools.arm-none.win32_1.17.0.201812190825/tools/compiler/bin/../lib/gcc/arm-none-eabi/7.3.1/../../../../arm-none-eabi/lib/thumb/v7e-m/fpv5/hard\libnosys.a
END GROUP
START GROUP
LOAD c:/ac6/systemworkbench/plugins/fr.ac6.mcu.externaltools.arm-none.win32_1.17.0.201812190825/tools/compiler/bin/../lib/gcc/arm-none-eabi/7.3.1/thumb/v7e-m/fpv5/hard\libgcc.a
LOAD c:/ac6/systemworkbench/plugins/fr.ac6.mcu.externaltools.arm-none.win32_1.17.0.201812190825/tools/compiler/bin/../lib/gcc/arm-none-eabi/7.3.1/../../../../arm-none-eabi/lib/thumb/v7e-m/fpv5/hard\libc_nano.a
LOAD c:/ac6/systemworkbench/plugins/fr.ac6.mcu.externaltools.arm-none.win32_1.17.0.201812190825/tools/compiler/bin/../lib/gcc/arm-none-eabi/7.3.1/../../../../arm-none-eabi/lib/thumb/v7e-m/fpv5/hard\libnosys.a
END GROUP
LOAD c:/ac6/systemworkbench/plugins/fr.ac6.mcu.externaltools.arm-none.win32_1.17.0.201812190825/tools/compiler/bin/../lib/gcc/arm-none-eabi/7.3.1/thumb/v7e-m/fpv5/hard/crtend.o
LOAD c:/ac6/systemworkbench/plugins/fr.ac6.mcu.externaltools.arm-none.win32_1.17.0.201812190825/tools/compiler/bin/../lib/gcc/arm-none-eabi/7.3.1/thumb/v7e-m/fpv5/hard/crtn.o
                0x20080000                _estack = 0x20080000
                0x00000200                _Min_Heap_Size = 0x200
                0x00000400                _Min_Stack_Size = 0x400

.isr_vector     0x08000000      0x1f8
                0x08000000                . = ALIGN (0x4)
 *(.isr_vector)
 .isr_vector    0x08000000      0x1f8 startup/startup_stm32f767xx.o
                0x08000000                g_pfnVectors
                0x080001f8                . = ALIGN (0x4)

.text           0x08000200     0x6028
                0x08000200                . = ALIGN (0x4)
 *(.text)
 .text          0x08000200       0x40 c:/ac6/systemworkbench/plugins/fr.ac6.mcu.externaltools.arm-none.win32_1.17.0.201812190825/tools/compiler/bin/../lib/gcc/arm-none-eabi/7.3.1/thumb/v7e-m/fpv5/hard/crtbegin.o
 .text          0x08000240       0x30 c:/ac6/systemworkbench/plugins/fr.ac6.mcu.externaltools.arm-none.win32_1.17.0.201812190825/tools/compiler/bin/../lib/gcc/arm-none-eabi/7.3.1/thumb/v7e-m/fpv5/hard\libgcc.a(_aeabi_uldivmod.o)
                0x08000240                __aeabi_uldivmod
 .text          0x08000270      0x2cc c:/ac6/systemworkbench/plugins/fr.ac6.mcu.externaltools.arm-none.win32_1.17.0.201812190825/tools/compiler/bin/../lib/gcc/arm-none-eabi/7.3.1/thumb/v7e-m/fpv5/hard\libgcc.a(_udivmoddi4.o)
                0x08000270                __udivmoddi4
 .text          0x0800053c        0x4 c:/ac6/systemworkbench/plugins/fr.ac6.mcu.externaltools.arm-none.win32_1.17.0.201812190825/tools/compiler/bin/../lib/gcc/arm-none-eabi/7.3.1/thumb/v7e-m/fpv5/hard\libgcc.a(_dvmd_tls.o)
                0x0800053c                __aeabi_idiv0
                0x0800053c                __aeabi_ldiv0
 .text          0x08000540       0x10 c:/ac6/systemworkbench/plugins/fr.ac6.mcu.externaltools.arm-none.win32_1.17.0.201812190825/tools/compiler/bin/../lib/gcc/arm-none-eabi/7.3.1/../../../../arm-none-eabi/lib/thumb/v7e-m/fpv5/hard\libc_nano.a(lib_a-strlen.o)
                0x08000540                strlen
 .text          0x08000550       0xa0 c:/ac6/systemworkbench/plugins/fr.ac6.mcu.externaltools.arm-none.win32_1.17.0.201812190825/tools/compiler/bin/../lib/gcc/arm-none-eabi/7.3.1/../../../../arm-none-eabi/lib/thumb/v7e-m/fpv5/hard\libc_nano.a(lib_a-memchr.o)
                0x08000550                memchr
 *(.text*)
 .text.Wireless_Init
                0x080005f0       0xd0 Core/Src/Wireless.o
                0x080005f0                Wireless_Init
 .text.ReceivePacket
                0x080006c0       0x20 Core/Src/Wireless.o
                0x080006c0                ReceivePacket
 .text.Wireless_IRQ_Handler
                0x080006e0       0x6c Core/Src/Wireless.o
                0x080006e0                Wireless_IRQ_Handler
 .text.Wireless_DMA_Handler
                0x0800074c       0x48 Core/Src/Wireless.o
                0x0800074c                Wireless_DMA_Handler
 .text.MX_GPIO_Init
                0x08000794      0x284 Core/Src/main.o
 .text.MX_DMA_Init
                0x08000a18       0x94 Core/Src/main.o
 .text.MX_TIM2_Init
                0x08000aac       0x50 Core/Src/main.o
 .text.MX_TIM3_Init
                0x08000afc       0x54 Core/Src/main.o
 .text.MX_TIM4_Init
                0x08000b50       0x54 Core/Src/main.o
 .text.MX_TIM1_Init
                0x08000ba4       0x58 Core/Src/main.o
 .text.MX_TIM5_Init
                0x08000bfc       0x54 Core/Src/main.o
 .text.MX_TIM6_Init
                0x08000c50       0x3c Core/Src/main.o
 .text.MX_TIM7_Init
                0x08000c8c       0x3c Core/Src/main.o
 .text.MX_TIM11_Init
                0x08000cc8       0x24 Core/Src/main.o
 .text.MX_TIM13_Init
                0x08000cec       0x24 Core/Src/main.o
 .text.MX_TIM14_Init
                0x08000d10       0x24 Core/Src/main.o
 .text.MX_TIM8_Init
                0x08000d34       0xc4 Core/Src/main.o
 .text.MX_TIM10_Init
                0x08000df8       0x58 Core/Src/main.o
 .text.MX_TIM9_Init
                0x08000e50       0x60 Core/Src/main.o
 .text.MX_I2C1_Init
                0x08000eb0       0x44 Core/Src/main.o
 .text.MX_SPI4_Init
                0x08000ef4       0x44 Core/Src/main.o
 .text.MX_SPI1_Init
                0x08000f38       0x44 Core/Src/main.o
 .text.MX_UART5_Init
                0x08000f7c       0x30 Core/Src/main.o
 .text.MX_QUADSPI_Init
                0x08000fac       0x30 Core/Src/main.o
 .text.MX_TIM12_Init
                0x08000fdc       0x40 Core/Src/main.o
 .text.HAL_SPI_TxRxCpltCallback
                0x0800101c       0x40 Core/Src/main.o
                0x0800101c                HAL_SPI_TxRxCpltCallback
 .text.HAL_GPIO_EXTI_Callback
                0x0800105c       0x24 Core/Src/main.o
                0x0800105c                HAL_GPIO_EXTI_Callback
 .text.SystemClock_Config
                0x08001080       0xb4 Core/Src/main.o
                0x08001080                SystemClock_Config
 .text.main     0x08001134      0x21c Core/Src/main.o
                0x08001134                main
 .text.Error_Handler
                0x08001350        0x2 Core/Src/main.o
                0x08001350                Error_Handler
 *fill*         0x08001352        0x2 
 .text.HAL_MspInit
                0x08001354       0x30 Core/Src/stm32f7xx_hal_msp.o
                0x08001354                HAL_MspInit
 .text.HAL_I2C_MspInit
                0x08001384       0xc8 Core/Src/stm32f7xx_hal_msp.o
                0x08001384                HAL_I2C_MspInit
 .text.HAL_QSPI_MspInit
                0x0800144c      0x120 Core/Src/stm32f7xx_hal_msp.o
                0x0800144c                HAL_QSPI_MspInit
 .text.HAL_SPI_MspInit
                0x0800156c      0x1bc Core/Src/stm32f7xx_hal_msp.o
                0x0800156c                HAL_SPI_MspInit
 .text.HAL_TIM_Encoder_MspInit
                0x08001728      0x1ac Core/Src/stm32f7xx_hal_msp.o
                0x08001728                HAL_TIM_Encoder_MspInit
 .text.HAL_TIM_Base_MspInit
                0x080018d4       0xec Core/Src/stm32f7xx_hal_msp.o
                0x080018d4                HAL_TIM_Base_MspInit
 .text.HAL_TIM_PWM_MspInit
                0x080019c0       0x4c Core/Src/stm32f7xx_hal_msp.o
                0x080019c0                HAL_TIM_PWM_MspInit
 .text.HAL_TIM_MspPostInit
                0x08001a0c       0xc8 Core/Src/stm32f7xx_hal_msp.o
                0x08001a0c                HAL_TIM_MspPostInit
 .text.HAL_UART_MspInit
                0x08001ad4       0xb8 Core/Src/stm32f7xx_hal_msp.o
                0x08001ad4                HAL_UART_MspInit
 .text.NMI_Handler
                0x08001b8c        0x2 Core/Src/stm32f7xx_it.o
                0x08001b8c                NMI_Handler
 .text.HardFault_Handler
                0x08001b8e        0x2 Core/Src/stm32f7xx_it.o
                0x08001b8e                HardFault_Handler
 .text.MemManage_Handler
                0x08001b90        0x2 Core/Src/stm32f7xx_it.o
                0x08001b90                MemManage_Handler
 .text.BusFault_Handler
                0x08001b92        0x2 Core/Src/stm32f7xx_it.o
                0x08001b92                BusFault_Handler
 .text.UsageFault_Handler
                0x08001b94        0x2 Core/Src/stm32f7xx_it.o
                0x08001b94                UsageFault_Handler
 .text.SVC_Handler
                0x08001b96        0x2 Core/Src/stm32f7xx_it.o
                0x08001b96                SVC_Handler
 .text.DebugMon_Handler
                0x08001b98        0x2 Core/Src/stm32f7xx_it.o
                0x08001b98                DebugMon_Handler
 .text.PendSV_Handler
                0x08001b9a        0x2 Core/Src/stm32f7xx_it.o
                0x08001b9a                PendSV_Handler
 .text.SysTick_Handler
                0x08001b9c        0x8 Core/Src/stm32f7xx_it.o
                0x08001b9c                SysTick_Handler
 .text.DMA1_Stream0_IRQHandler
                0x08001ba4       0x10 Core/Src/stm32f7xx_it.o
                0x08001ba4                DMA1_Stream0_IRQHandler
 .text.EXTI9_5_IRQHandler
                0x08001bb4       0x10 Core/Src/stm32f7xx_it.o
                0x08001bb4                EXTI9_5_IRQHandler
 .text.I2C1_EV_IRQHandler
                0x08001bc4       0x10 Core/Src/stm32f7xx_it.o
                0x08001bc4                I2C1_EV_IRQHandler
 .text.SPI1_IRQHandler
                0x08001bd4       0x10 Core/Src/stm32f7xx_it.o
                0x08001bd4                SPI1_IRQHandler
 .text.EXTI15_10_IRQHandler
                0x08001be4       0x14 Core/Src/stm32f7xx_it.o
                0x08001be4                EXTI15_10_IRQHandler
 .text.DMA1_Stream7_IRQHandler
                0x08001bf8       0x10 Core/Src/stm32f7xx_it.o
                0x08001bf8                DMA1_Stream7_IRQHandler
 .text.UART5_IRQHandler
                0x08001c08       0x10 Core/Src/stm32f7xx_it.o
                0x08001c08                UART5_IRQHandler
 .text.DMA2_Stream0_IRQHandler
                0x08001c18       0x10 Core/Src/stm32f7xx_it.o
                0x08001c18                DMA2_Stream0_IRQHandler
 .text.DMA2_Stream1_IRQHandler
                0x08001c28       0x10 Core/Src/stm32f7xx_it.o
                0x08001c28                DMA2_Stream1_IRQHandler
 .text.DMA2_Stream2_IRQHandler
                0x08001c38       0x10 Core/Src/stm32f7xx_it.o
                0x08001c38                DMA2_Stream2_IRQHandler
 .text.DMA2_Stream3_IRQHandler
                0x08001c48       0x10 Core/Src/stm32f7xx_it.o
                0x08001c48                DMA2_Stream3_IRQHandler
 .text.SPI4_IRQHandler
                0x08001c58       0x10 Core/Src/stm32f7xx_it.o
                0x08001c58                SPI4_IRQHandler
 .text.QUADSPI_IRQHandler
                0x08001c68       0x10 Core/Src/stm32f7xx_it.o
                0x08001c68                QUADSPI_IRQHandler
 .text.SystemInit
                0x08001c78       0x50 Core/Src/system_stm32f7xx.o
                0x08001c78                SystemInit
 .text.HAL_InitTick
                0x08001cc8       0x48 Drivers/STM32F7xx_HAL_Driver/Src/stm32f7xx_hal.o
                0x08001cc8                HAL_InitTick
 .text.HAL_Init
                0x08001d10       0x24 Drivers/STM32F7xx_HAL_Driver/Src/stm32f7xx_hal.o
                0x08001d10                HAL_Init
 .text.HAL_IncTick
                0x08001d34       0x18 Drivers/STM32F7xx_HAL_Driver/Src/stm32f7xx_hal.o
                0x08001d34                HAL_IncTick
 .text.HAL_GetTick
                0x08001d4c        0xc Drivers/STM32F7xx_HAL_Driver/Src/stm32f7xx_hal.o
                0x08001d4c                HAL_GetTick
 .text.HAL_Delay
                0x08001d58       0x28 Drivers/STM32F7xx_HAL_Driver/Src/stm32f7xx_hal.o
                0x08001d58                HAL_Delay
 .text.HAL_NVIC_SetPriorityGrouping
                0x08001d80       0x24 Drivers/STM32F7xx_HAL_Driver/Src/stm32f7xx_hal_cortex.o
                0x08001d80                HAL_NVIC_SetPriorityGrouping
 .text.HAL_NVIC_SetPriority
                0x08001da4       0x64 Drivers/STM32F7xx_HAL_Driver/Src/stm32f7xx_hal_cortex.o
                0x08001da4                HAL_NVIC_SetPriority
 .text.HAL_NVIC_EnableIRQ
                0x08001e08       0x18 Drivers/STM32F7xx_HAL_Driver/Src/stm32f7xx_hal_cortex.o
                0x08001e08                HAL_NVIC_EnableIRQ
 .text.HAL_SYSTICK_Config
                0x08001e20       0x2c Drivers/STM32F7xx_HAL_Driver/Src/stm32f7xx_hal_cortex.o
                0x08001e20                HAL_SYSTICK_Config
 .text.DMA_SetConfig
                0x08001e4c       0x2c Drivers/STM32F7xx_HAL_Driver/Src/stm32f7xx_hal_dma.o
 .text.DMA_CalcBaseAndBitshift
                0x08001e78       0x38 Drivers/STM32F7xx_HAL_Driver/Src/stm32f7xx_hal_dma.o
 .text.DMA_CheckFifoParam
                0x08001eb0       0x8e Drivers/STM32F7xx_HAL_Driver/Src/stm32f7xx_hal_dma.o
 *fill*         0x08001f3e        0x2 
 .text.HAL_DMA_Init
                0x08001f40       0xcc Drivers/STM32F7xx_HAL_Driver/Src/stm32f7xx_hal_dma.o
                0x08001f40                HAL_DMA_Init
 .text.HAL_DMA_Start_IT
                0x0800200c       0x74 Drivers/STM32F7xx_HAL_Driver/Src/stm32f7xx_hal_dma.o
                0x0800200c                HAL_DMA_Start_IT
 .text.HAL_DMA_Abort_IT
                0x08002080       0x26 Drivers/STM32F7xx_HAL_Driver/Src/stm32f7xx_hal_dma.o
                0x08002080                HAL_DMA_Abort_IT
 *fill*         0x080020a6        0x2 
 .text.HAL_DMA_IRQHandler
                0x080020a8      0x1dc Drivers/STM32F7xx_HAL_Driver/Src/stm32f7xx_hal_dma.o
                0x080020a8                HAL_DMA_IRQHandler
 .text.HAL_GPIO_Init
                0x08002284      0x1e0 Drivers/STM32F7xx_HAL_Driver/Src/stm32f7xx_hal_gpio.o
                0x08002284                HAL_GPIO_Init
 .text.HAL_GPIO_ReadPin
                0x08002464        0xe Drivers/STM32F7xx_HAL_Driver/Src/stm32f7xx_hal_gpio.o
                0x08002464                HAL_GPIO_ReadPin
 .text.HAL_GPIO_WritePin
                0x08002472        0xc Drivers/STM32F7xx_HAL_Driver/Src/stm32f7xx_hal_gpio.o
                0x08002472                HAL_GPIO_WritePin
 .text.HAL_GPIO_TogglePin
                0x0800247e        0x8 Drivers/STM32F7xx_HAL_Driver/Src/stm32f7xx_hal_gpio.o
                0x0800247e                HAL_GPIO_TogglePin
 *fill*         0x08002486        0x2 
 .text.HAL_GPIO_EXTI_IRQHandler
                0x08002488       0x1c Drivers/STM32F7xx_HAL_Driver/Src/stm32f7xx_hal_gpio.o
                0x08002488                HAL_GPIO_EXTI_IRQHandler
 .text.HAL_I2C_Init
                0x080024a4       0xbc Drivers/STM32F7xx_HAL_Driver/Src/stm32f7xx_hal_i2c.o
                0x080024a4                HAL_I2C_Init
 .text.HAL_I2C_EV_IRQHandler
                0x08002560       0x10 Drivers/STM32F7xx_HAL_Driver/Src/stm32f7xx_hal_i2c.o
                0x08002560                HAL_I2C_EV_IRQHandler
 .text.HAL_I2CEx_ConfigAnalogFilter
                0x08002570       0x5c Drivers/STM32F7xx_HAL_Driver/Src/stm32f7xx_hal_i2c_ex.o
                0x08002570                HAL_I2CEx_ConfigAnalogFilter
 .text.HAL_I2CEx_ConfigDigitalFilter
                0x080025cc       0x58 Drivers/STM32F7xx_HAL_Driver/Src/stm32f7xx_hal_i2c_ex.o
                0x080025cc                HAL_I2CEx_ConfigDigitalFilter
 .text.HAL_I2CEx_EnableFastModePlus
                0x08002624       0x2c Drivers/STM32F7xx_HAL_Driver/Src/stm32f7xx_hal_i2c_ex.o
                0x08002624                HAL_I2CEx_EnableFastModePlus
 .text.HAL_PWREx_EnableOverDrive
                0x08002650       0x7c Drivers/STM32F7xx_HAL_Driver/Src/stm32f7xx_hal_pwr_ex.o
                0x08002650                HAL_PWREx_EnableOverDrive
 .text.QSPI_WaitFlagStateUntilTimeout
                0x080026cc       0x4a Drivers/STM32F7xx_HAL_Driver/Src/stm32f7xx_hal_qspi.o
 .text.HAL_QSPI_ErrorCallback
                0x08002716        0x2 Drivers/STM32F7xx_HAL_Driver/Src/stm32f7xx_hal_qspi.o
                0x08002716                HAL_QSPI_ErrorCallback
 .text.QSPI_DMAAbortCplt
                0x08002718       0x3c Drivers/STM32F7xx_HAL_Driver/Src/stm32f7xx_hal_qspi.o
 .text.HAL_QSPI_AbortCpltCallback
                0x08002754        0x2 Drivers/STM32F7xx_HAL_Driver/Src/stm32f7xx_hal_qspi.o
                0x08002754                HAL_QSPI_AbortCpltCallback
 .text.HAL_QSPI_CmdCpltCallback
                0x08002756        0x2 Drivers/STM32F7xx_HAL_Driver/Src/stm32f7xx_hal_qspi.o
                0x08002756                HAL_QSPI_CmdCpltCallback
 .text.HAL_QSPI_RxCpltCallback
                0x08002758        0x2 Drivers/STM32F7xx_HAL_Driver/Src/stm32f7xx_hal_qspi.o
                0x08002758                HAL_QSPI_RxCpltCallback
 .text.HAL_QSPI_TxCpltCallback
                0x0800275a        0x2 Drivers/STM32F7xx_HAL_Driver/Src/stm32f7xx_hal_qspi.o
                0x0800275a                HAL_QSPI_TxCpltCallback
 .text.HAL_QSPI_FifoThresholdCallback
                0x0800275c        0x2 Drivers/STM32F7xx_HAL_Driver/Src/stm32f7xx_hal_qspi.o
                0x0800275c                HAL_QSPI_FifoThresholdCallback
 .text.HAL_QSPI_StatusMatchCallback
                0x0800275e        0x2 Drivers/STM32F7xx_HAL_Driver/Src/stm32f7xx_hal_qspi.o
                0x0800275e                HAL_QSPI_StatusMatchCallback
 .text.HAL_QSPI_TimeOutCallback
                0x08002760        0x2 Drivers/STM32F7xx_HAL_Driver/Src/stm32f7xx_hal_qspi.o
                0x08002760                HAL_QSPI_TimeOutCallback
 *fill*         0x08002762        0x2 
 .text.HAL_QSPI_IRQHandler
                0x08002764      0x200 Drivers/STM32F7xx_HAL_Driver/Src/stm32f7xx_hal_qspi.o
                0x08002764                HAL_QSPI_IRQHandler
 .text.HAL_QSPI_SetTimeout
                0x08002964        0x4 Drivers/STM32F7xx_HAL_Driver/Src/stm32f7xx_hal_qspi.o
                0x08002964                HAL_QSPI_SetTimeout
 .text.HAL_QSPI_Init
                0x08002968       0xc8 Drivers/STM32F7xx_HAL_Driver/Src/stm32f7xx_hal_qspi.o
                0x08002968                HAL_QSPI_Init
 .text.HAL_RCC_OscConfig
                0x08002a30      0x3d4 Drivers/STM32F7xx_HAL_Driver/Src/stm32f7xx_hal_rcc.o
                0x08002a30                HAL_RCC_OscConfig
 .text.HAL_RCC_GetSysClockFreq
                0x08002e04       0xd8 Drivers/STM32F7xx_HAL_Driver/Src/stm32f7xx_hal_rcc.o
                0x08002e04                HAL_RCC_GetSysClockFreq
 .text.HAL_RCC_ClockConfig
                0x08002edc      0x164 Drivers/STM32F7xx_HAL_Driver/Src/stm32f7xx_hal_rcc.o
                0x08002edc                HAL_RCC_ClockConfig
 .text.HAL_RCC_GetHCLKFreq
                0x08003040        0xc Drivers/STM32F7xx_HAL_Driver/Src/stm32f7xx_hal_rcc.o
                0x08003040                HAL_RCC_GetHCLKFreq
 .text.HAL_RCC_GetPCLK1Freq
                0x0800304c       0x20 Drivers/STM32F7xx_HAL_Driver/Src/stm32f7xx_hal_rcc.o
                0x0800304c                HAL_RCC_GetPCLK1Freq
 .text.HAL_RCC_GetPCLK2Freq
                0x0800306c       0x20 Drivers/STM32F7xx_HAL_Driver/Src/stm32f7xx_hal_rcc.o
                0x0800306c                HAL_RCC_GetPCLK2Freq
 .text.HAL_RCCEx_PeriphCLKConfig
                0x0800308c      0x604 Drivers/STM32F7xx_HAL_Driver/Src/stm32f7xx_hal_rcc_ex.o
                0x0800308c                HAL_RCCEx_PeriphCLKConfig
 .text.SPI_WaitFlagStateUntilTimeout
                0x08003690       0x8a Drivers/STM32F7xx_HAL_Driver/Src/stm32f7xx_hal_spi.o
 .text.SPI_WaitFifoStateUntilTimeout
                0x0800371a       0xa8 Drivers/STM32F7xx_HAL_Driver/Src/stm32f7xx_hal_spi.o
 .text.SPI_EndRxTxTransaction
                0x080037c2       0x66 Drivers/STM32F7xx_HAL_Driver/Src/stm32f7xx_hal_spi.o
 .text.SPI_EndRxTransaction
                0x08003828       0x88 Drivers/STM32F7xx_HAL_Driver/Src/stm32f7xx_hal_spi.o
 .text.HAL_SPI_Init
                0x080038b0       0xba Drivers/STM32F7xx_HAL_Driver/Src/stm32f7xx_hal_spi.o
                0x080038b0                HAL_SPI_Init
 .text.HAL_SPI_TransmitReceive
                0x0800396a      0x29c Drivers/STM32F7xx_HAL_Driver/Src/stm32f7xx_hal_spi.o
                0x0800396a                HAL_SPI_TransmitReceive
 *fill*         0x08003c06        0x2 
 .text.HAL_SPI_TransmitReceive_DMA
                0x08003c08      0x1e4 Drivers/STM32F7xx_HAL_Driver/Src/stm32f7xx_hal_spi.o
                0x08003c08                HAL_SPI_TransmitReceive_DMA
 .text.HAL_SPI_RxCpltCallback
                0x08003dec        0x2 Drivers/STM32F7xx_HAL_Driver/Src/stm32f7xx_hal_spi.o
                0x08003dec                HAL_SPI_RxCpltCallback
 .text.HAL_SPI_RxHalfCpltCallback
                0x08003dee        0x2 Drivers/STM32F7xx_HAL_Driver/Src/stm32f7xx_hal_spi.o
                0x08003dee                HAL_SPI_RxHalfCpltCallback
 .text.SPI_DMAHalfReceiveCplt
                0x08003df0        0xa Drivers/STM32F7xx_HAL_Driver/Src/stm32f7xx_hal_spi.o
 .text.HAL_SPI_TxRxHalfCpltCallback
                0x08003dfa        0x2 Drivers/STM32F7xx_HAL_Driver/Src/stm32f7xx_hal_spi.o
                0x08003dfa                HAL_SPI_TxRxHalfCpltCallback
 .text.SPI_DMAHalfTransmitReceiveCplt
                0x08003dfc        0xa Drivers/STM32F7xx_HAL_Driver/Src/stm32f7xx_hal_spi.o
 .text.HAL_SPI_ErrorCallback
                0x08003e06        0x2 Drivers/STM32F7xx_HAL_Driver/Src/stm32f7xx_hal_spi.o
                0x08003e06                HAL_SPI_ErrorCallback
 .text.SPI_DMAError
                0x08003e08       0x22 Drivers/STM32F7xx_HAL_Driver/Src/stm32f7xx_hal_spi.o
 .text.SPI_DMAReceiveCplt
                0x08003e2a       0x58 Drivers/STM32F7xx_HAL_Driver/Src/stm32f7xx_hal_spi.o
 .text.SPI_DMATransmitReceiveCplt
                0x08003e82       0x5e Drivers/STM32F7xx_HAL_Driver/Src/stm32f7xx_hal_spi.o
 .text.HAL_SPI_IRQHandler
                0x08003ee0      0x108 Drivers/STM32F7xx_HAL_Driver/Src/stm32f7xx_hal_spi.o
                0x08003ee0                HAL_SPI_IRQHandler
 .text.SPI_DMAAbortOnError
                0x08003fe8       0x12 Drivers/STM32F7xx_HAL_Driver/Src/stm32f7xx_hal_spi.o
 .text.TIM_TI1_ConfigInputStage
                0x08003ffa       0x26 Drivers/STM32F7xx_HAL_Driver/Src/stm32f7xx_hal_tim.o
 .text.TIM_TI2_ConfigInputStage
                0x08004020       0x28 Drivers/STM32F7xx_HAL_Driver/Src/stm32f7xx_hal_tim.o
 .text.TIM_ITRx_SetConfig
                0x08004048       0x10 Drivers/STM32F7xx_HAL_Driver/Src/stm32f7xx_hal_tim.o
 .text.TIM_Base_SetConfig
                0x08004058      0x10c Drivers/STM32F7xx_HAL_Driver/Src/stm32f7xx_hal_tim.o
                0x08004058                TIM_Base_SetConfig
 .text.HAL_TIM_Base_Init
                0x08004164       0x32 Drivers/STM32F7xx_HAL_Driver/Src/stm32f7xx_hal_tim.o
                0x08004164                HAL_TIM_Base_Init
 .text.HAL_TIM_PWM_Init
                0x08004196       0x32 Drivers/STM32F7xx_HAL_Driver/Src/stm32f7xx_hal_tim.o
                0x08004196                HAL_TIM_PWM_Init
 .text.HAL_TIM_Encoder_Init
                0x080041c8       0x9c Drivers/STM32F7xx_HAL_Driver/Src/stm32f7xx_hal_tim.o
                0x080041c8                HAL_TIM_Encoder_Init
 .text.TIM_OC1_SetConfig
                0x08004264       0x60 Drivers/STM32F7xx_HAL_Driver/Src/stm32f7xx_hal_tim.o
                0x08004264                TIM_OC1_SetConfig
 .text.TIM_OC2_SetConfig
                0x080042c4       0x68 Drivers/STM32F7xx_HAL_Driver/Src/stm32f7xx_hal_tim.o
                0x080042c4                TIM_OC2_SetConfig
 .text.TIM_OC3_SetConfig
                0x0800432c       0x68 Drivers/STM32F7xx_HAL_Driver/Src/stm32f7xx_hal_tim.o
                0x0800432c                TIM_OC3_SetConfig
 .text.TIM_OC4_SetConfig
                0x08004394       0x54 Drivers/STM32F7xx_HAL_Driver/Src/stm32f7xx_hal_tim.o
                0x08004394                TIM_OC4_SetConfig
 .text.TIM_ETR_SetConfig
                0x080043e8       0x18 Drivers/STM32F7xx_HAL_Driver/Src/stm32f7xx_hal_tim.o
                0x080043e8                TIM_ETR_SetConfig
 .text.HAL_TIM_ConfigClockSource
                0x08004400      0x114 Drivers/STM32F7xx_HAL_Driver/Src/stm32f7xx_hal_tim.o
                0x08004400                HAL_TIM_ConfigClockSource
 .text.TIM_OC5_SetConfig
                0x08004514       0x54 Drivers/STM32F7xx_HAL_Driver/Src/stm32f7xx_hal_tim_ex.o
 .text.TIM_OC6_SetConfig
                0x08004568       0x54 Drivers/STM32F7xx_HAL_Driver/Src/stm32f7xx_hal_tim_ex.o
 .text.HAL_TIMEx_MasterConfigSynchronization
                0x080045bc       0x58 Drivers/STM32F7xx_HAL_Driver/Src/stm32f7xx_hal_tim_ex.o
                0x080045bc                HAL_TIMEx_MasterConfigSynchronization
 .text.HAL_TIMEx_ConfigBreakDeadTime
                0x08004614       0x94 Drivers/STM32F7xx_HAL_Driver/Src/stm32f7xx_hal_tim_ex.o
                0x08004614                HAL_TIMEx_ConfigBreakDeadTime
 .text.HAL_TIM_PWM_ConfigChannel
                0x080046a8      0x134 Drivers/STM32F7xx_HAL_Driver/Src/stm32f7xx_hal_tim_ex.o
                0x080046a8                HAL_TIM_PWM_ConfigChannel
 .text.UART_Transmit_IT
                0x080047dc       0x6c Drivers/STM32F7xx_HAL_Driver/Src/stm32f7xx_hal_uart.o
 .text.UART_EndTxTransfer
                0x08004848       0x12 Drivers/STM32F7xx_HAL_Driver/Src/stm32f7xx_hal_uart.o
 .text.UART_EndRxTransfer
                0x0800485a       0x1c Drivers/STM32F7xx_HAL_Driver/Src/stm32f7xx_hal_uart.o
 .text.HAL_UART_Receive_IT
                0x08004876       0xb2 Drivers/STM32F7xx_HAL_Driver/Src/stm32f7xx_hal_uart.o
                0x08004876                HAL_UART_Receive_IT
 .text.HAL_UART_Transmit_DMA
                0x08004928       0x90 Drivers/STM32F7xx_HAL_Driver/Src/stm32f7xx_hal_uart.o
                0x08004928                HAL_UART_Transmit_DMA
 .text.UART_WaitOnFlagUntilTimeout
                0x080049b8       0x62 Drivers/STM32F7xx_HAL_Driver/Src/stm32f7xx_hal_uart.o
                0x080049b8                UART_WaitOnFlagUntilTimeout
 .text.HAL_UART_TxCpltCallback
                0x08004a1a        0x2 Drivers/STM32F7xx_HAL_Driver/Src/stm32f7xx_hal_uart.o
                0x08004a1a                HAL_UART_TxCpltCallback
 .text.UART_DMATransmitCplt
                0x08004a1c       0x32 Drivers/STM32F7xx_HAL_Driver/Src/stm32f7xx_hal_uart.o
 .text.UART_EndTransmit_IT
                0x08004a4e       0x1a Drivers/STM32F7xx_HAL_Driver/Src/stm32f7xx_hal_uart.o
 .text.HAL_UART_TxHalfCpltCallback
                0x08004a68        0x2 Drivers/STM32F7xx_HAL_Driver/Src/stm32f7xx_hal_uart.o
                0x08004a68                HAL_UART_TxHalfCpltCallback
 .text.UART_DMATxHalfCplt
                0x08004a6a        0xa Drivers/STM32F7xx_HAL_Driver/Src/stm32f7xx_hal_uart.o
 .text.HAL_UART_RxCpltCallback
                0x08004a74        0x2 Drivers/STM32F7xx_HAL_Driver/Src/stm32f7xx_hal_uart.o
                0x08004a74                HAL_UART_RxCpltCallback
 .text.UART_Receive_IT
                0x08004a76       0x82 Drivers/STM32F7xx_HAL_Driver/Src/stm32f7xx_hal_uart.o
 .text.HAL_UART_ErrorCallback
                0x08004af8        0x2 Drivers/STM32F7xx_HAL_Driver/Src/stm32f7xx_hal_uart.o
                0x08004af8                HAL_UART_ErrorCallback
 .text.UART_DMAError
                0x08004afa       0x56 Drivers/STM32F7xx_HAL_Driver/Src/stm32f7xx_hal_uart.o
 .text.HAL_UART_IRQHandler
                0x08004b50      0x138 Drivers/STM32F7xx_HAL_Driver/Src/stm32f7xx_hal_uart.o
                0x08004b50                HAL_UART_IRQHandler
 .text.UART_DMAAbortOnError
                0x08004c88       0x14 Drivers/STM32F7xx_HAL_Driver/Src/stm32f7xx_hal_uart.o
 .text.UART_SetConfig
                0x08004c9c      0x35c Drivers/STM32F7xx_HAL_Driver/Src/stm32f7xx_hal_uart.o
                0x08004c9c                UART_SetConfig
 .text.UART_AdvFeatureConfig
                0x08004ff8       0xca Drivers/STM32F7xx_HAL_Driver/Src/stm32f7xx_hal_uart.o
                0x08004ff8                UART_AdvFeatureConfig
 .text.UART_CheckIdleState
                0x080050c2       0x48 Drivers/STM32F7xx_HAL_Driver/Src/stm32f7xx_hal_uart.o
                0x080050c2                UART_CheckIdleState
 .text.HAL_UART_Init
                0x0800510a       0x66 Drivers/STM32F7xx_HAL_Driver/Src/stm32f7xx_hal_uart.o
                0x0800510a                HAL_UART_Init
 .text.Putty_HexOut
                0x08005170       0x30 Lib/PuTTY.o
 .text.Putty_TextOut
                0x080051a0       0x12 Lib/PuTTY.o
 *fill*         0x080051b2        0x2 
 .text.Putty_printf
                0x080051b4       0x30 Lib/PuTTY.o
                0x080051b4                Putty_printf
 .text.Putty_Init
                0x080051e4       0x34 Lib/PuTTY.o
                0x080051e4                Putty_Init
 .text.SendData
                0x08005218      0x10c Lib/SX1280/SX1280.o
                0x08005218                SendData
 .text.setStandby
                0x08005324       0x1e Lib/SX1280/SX1280.o
                0x08005324                setStandby
 .text.SX1280WakeUp
                0x08005342       0xba Lib/SX1280/SX1280.o
                0x08005342                SX1280WakeUp
 .text.setAutoFS
                0x080053fc       0x1e Lib/SX1280/SX1280.o
                0x080053fc                setAutoFS
 *fill*         0x0800541a        0x6 
 .text.setRFFrequency
                0x08005420       0x48 Lib/SX1280/SX1280.o
                0x08005420                setRFFrequency
 .text.setChannel
                0x08005468       0x30 Lib/SX1280/SX1280.o
                0x08005468                setChannel
 .text.setPacketType
                0x08005498       0x1e Lib/SX1280/SX1280.o
                0x08005498                setPacketType
 .text.setTXParam
                0x080054b6       0x22 Lib/SX1280/SX1280.o
                0x080054b6                setTXParam
 .text.setBufferBase
                0x080054d8       0x22 Lib/SX1280/SX1280.o
                0x080054d8                setBufferBase
 .text.setModulationParam
                0x080054fa       0x28 Lib/SX1280/SX1280.o
                0x080054fa                setModulationParam
 .text.setPacketParam
                0x08005522       0x2e Lib/SX1280/SX1280.o
                0x08005522                setPacketParam
 .text.getRXBufferStatus
                0x08005550       0x32 Lib/SX1280/SX1280.o
                0x08005550                getRXBufferStatus
 .text.getPacketStatus
                0x08005582       0x36 Lib/SX1280/SX1280.o
                0x08005582                getPacketStatus
 .text.setDIOIRQParams
                0x080055b8       0x54 Lib/SX1280/SX1280.o
                0x080055b8                setDIOIRQParams
 .text.getIRQ   0x0800560c       0x34 Lib/SX1280/SX1280.o
                0x0800560c                getIRQ
 .text.clearIRQ
                0x08005640       0x24 Lib/SX1280/SX1280.o
                0x08005640                clearIRQ
 .text.setRX    0x08005664       0x38 Lib/SX1280/SX1280.o
                0x08005664                setRX
 .text.writeRegister
                0x0800569c       0x34 Lib/SX1280/SX1280.o
                0x0800569c                writeRegister
 .text.readRegister
                0x080056d0       0x40 Lib/SX1280/SX1280.o
                0x080056d0                readRegister
 .text.modifyRegister
                0x08005710       0x36 Lib/SX1280/SX1280.o
                0x08005710                modifyRegister
 .text.SendData_DMA
                0x08005746       0x5e Lib/SX1280/SX1280.o
                0x08005746                SendData_DMA
 .text.readBuffer
                0x080057a4       0x32 Lib/SX1280/SX1280.o
                0x080057a4                readBuffer
 .text.DMA_Callback
                0x080057d6       0x2e Lib/SX1280/SX1280.o
                0x080057d6                DMA_Callback
 .text.setSyncSensitivity
                0x08005804       0x22 Lib/SX1280/SX1280.o
                0x08005804                setSyncSensitivity
 .text.setSyncWords
                0x08005826       0x66 Lib/SX1280/SX1280.o
                0x08005826                setSyncWords
 .text.setSyncWordTolerance
                0x0800588c       0x12 Lib/SX1280/SX1280.o
                0x0800588c                setSyncWordTolerance
 .text.SX1280Setup
                0x0800589e       0x5a Lib/SX1280/SX1280.o
                0x0800589e                SX1280Setup
 .text.Reset_Handler
                0x080058f8       0x50 startup/startup_stm32f767xx.o
                0x080058f8                Reset_Handler
 .text.Default_Handler
                0x08005948        0x2 startup/startup_stm32f767xx.o
                0x08005948                RTC_Alarm_IRQHandler
                0x08005948                EXTI2_IRQHandler
                0x08005948                TIM8_CC_IRQHandler
                0x08005948                UART8_IRQHandler
                0x08005948                TIM1_CC_IRQHandler
                0x08005948                DMA2_Stream5_IRQHandler
                0x08005948                JPEG_IRQHandler
                0x08005948                DMA1_Stream5_IRQHandler
                0x08005948                CAN3_RX1_IRQHandler
                0x08005948                PVD_IRQHandler
                0x08005948                TAMP_STAMP_IRQHandler
                0x08005948                CAN2_RX1_IRQHandler
                0x08005948                EXTI3_IRQHandler
                0x08005948                TIM8_TRG_COM_TIM14_IRQHandler
                0x08005948                DFSDM1_FLT1_IRQHandler
                0x08005948                TIM1_UP_TIM10_IRQHandler
                0x08005948                TIM8_UP_TIM13_IRQHandler
                0x08005948                I2C3_ER_IRQHandler
                0x08005948                DFSDM1_FLT2_IRQHandler
                0x08005948                EXTI0_IRQHandler
                0x08005948                I2C2_EV_IRQHandler
                0x08005948                DMA1_Stream2_IRQHandler
                0x08005948                CAN1_RX0_IRQHandler
                0x08005948                FPU_IRQHandler
                0x08005948                OTG_HS_WKUP_IRQHandler
                0x08005948                CAN3_SCE_IRQHandler
                0x08005948                LTDC_ER_IRQHandler
                0x08005948                CAN2_SCE_IRQHandler
                0x08005948                TIM6_DAC_IRQHandler
                0x08005948                TIM1_BRK_TIM9_IRQHandler
                0x08005948                DCMI_IRQHandler
                0x08005948                CAN2_RX0_IRQHandler
                0x08005948                SAI2_IRQHandler
                0x08005948                DFSDM1_FLT3_IRQHandler
                0x08005948                USART6_IRQHandler
                0x08005948                CAN3_RX0_IRQHandler
                0x08005948                USART3_IRQHandler
                0x08005948                CAN1_RX1_IRQHandler
                0x08005948                TIM4_IRQHandler
                0x08005948                DMA1_Stream6_IRQHandler
                0x08005948                DMA1_Stream1_IRQHandler
                0x08005948                UART4_IRQHandler
                0x08005948                TIM3_IRQHandler
                0x08005948                RCC_IRQHandler
                0x08005948                TIM8_BRK_TIM12_IRQHandler
                0x08005948                Default_Handler
                0x08005948                CEC_IRQHandler
                0x08005948                ADC_IRQHandler
                0x08005948                SPI5_IRQHandler
                0x08005948                TIM7_IRQHandler
                0x08005948                SDMMC1_IRQHandler
                0x08005948                CAN2_TX_IRQHandler
                0x08005948                TIM5_IRQHandler
                0x08005948                DMA2_Stream7_IRQHandler
                0x08005948                I2C3_EV_IRQHandler
                0x08005948                RTC_WKUP_IRQHandler
                0x08005948                LTDC_IRQHandler
                0x08005948                ETH_WKUP_IRQHandler
                0x08005948                SPDIF_RX_IRQHandler
                0x08005948                SPI2_IRQHandler
                0x08005948                OTG_HS_EP1_IN_IRQHandler
                0x08005948                CAN1_TX_IRQHandler
                0x08005948                EXTI4_IRQHandler
                0x08005948                RNG_IRQHandler
                0x08005948                ETH_IRQHandler
                0x08005948                OTG_HS_EP1_OUT_IRQHandler
                0x08005948                WWDG_IRQHandler
                0x08005948                SPI6_IRQHandler
                0x08005948                MDIOS_IRQHandler
                0x08005948                I2C4_EV_IRQHandler
                0x08005948                CAN3_TX_IRQHandler
                0x08005948                TIM2_IRQHandler
                0x08005948                OTG_FS_WKUP_IRQHandler
                0x08005948                TIM1_TRG_COM_TIM11_IRQHandler
                0x08005948                OTG_HS_IRQHandler
                0x08005948                DMA2D_IRQHandler
                0x08005948                EXTI1_IRQHandler
                0x08005948                SDMMC2_IRQHandler
                0x08005948                UART7_IRQHandler
                0x08005948                USART2_IRQHandler
                0x08005948                DFSDM1_FLT0_IRQHandler
                0x08005948                I2C2_ER_IRQHandler
                0x08005948                CAN1_SCE_IRQHandler
                0x08005948                FLASH_IRQHandler
                0x08005948                DMA2_Stream4_IRQHandler
                0x08005948                USART1_IRQHandler
                0x08005948                OTG_FS_IRQHandler
                0x08005948                SPI3_IRQHandler
                0x08005948                DMA1_Stream4_IRQHandler
                0x08005948                I2C1_ER_IRQHandler
                0x08005948                FMC_IRQHandler
                0x08005948                LPTIM1_IRQHandler
                0x08005948                I2C4_ER_IRQHandler
                0x08005948                DMA2_Stream6_IRQHandler
                0x08005948                SAI1_IRQHandler
                0x08005948                DMA1_Stream3_IRQHandler
 *fill*         0x0800594a        0x2 
 .text.__libc_init_array
                0x0800594c       0x48 c:/ac6/systemworkbench/plugins/fr.ac6.mcu.externaltools.arm-none.win32_1.17.0.201812190825/tools/compiler/bin/../lib/gcc/arm-none-eabi/7.3.1/../../../../arm-none-eabi/lib/thumb/v7e-m/fpv5/hard\libc_nano.a(lib_a-init.o)
                0x0800594c                __libc_init_array
 .text.memcpy   0x08005994       0x16 c:/ac6/systemworkbench/plugins/fr.ac6.mcu.externaltools.arm-none.win32_1.17.0.201812190825/tools/compiler/bin/../lib/gcc/arm-none-eabi/7.3.1/../../../../arm-none-eabi/lib/thumb/v7e-m/fpv5/hard\libc_nano.a(lib_a-memcpy-stub.o)
                0x08005994                memcpy
 .text.memset   0x080059aa       0x10 c:/ac6/systemworkbench/plugins/fr.ac6.mcu.externaltools.arm-none.win32_1.17.0.201812190825/tools/compiler/bin/../lib/gcc/arm-none-eabi/7.3.1/../../../../arm-none-eabi/lib/thumb/v7e-m/fpv5/hard\libc_nano.a(lib_a-memset.o)
                0x080059aa                memset
 *fill*         0x080059ba        0x2 
 .text._free_r  0x080059bc       0x9c c:/ac6/systemworkbench/plugins/fr.ac6.mcu.externaltools.arm-none.win32_1.17.0.201812190825/tools/compiler/bin/../lib/gcc/arm-none-eabi/7.3.1/../../../../arm-none-eabi/lib/thumb/v7e-m/fpv5/hard\libc_nano.a(lib_a-nano-freer.o)
                0x080059bc                _free_r
 .text._malloc_r
                0x08005a58       0xb4 c:/ac6/systemworkbench/plugins/fr.ac6.mcu.externaltools.arm-none.win32_1.17.0.201812190825/tools/compiler/bin/../lib/gcc/arm-none-eabi/7.3.1/../../../../arm-none-eabi/lib/thumb/v7e-m/fpv5/hard\libc_nano.a(lib_a-nano-mallocr.o)
                0x08005a58                _malloc_r
 .text._sbrk_r  0x08005b0c       0x20 c:/ac6/systemworkbench/plugins/fr.ac6.mcu.externaltools.arm-none.win32_1.17.0.201812190825/tools/compiler/bin/../lib/gcc/arm-none-eabi/7.3.1/../../../../arm-none-eabi/lib/thumb/v7e-m/fpv5/hard\libc_nano.a(lib_a-sbrkr.o)
                0x08005b0c                _sbrk_r
 .text.sprintf  0x08005b2c       0x40 c:/ac6/systemworkbench/plugins/fr.ac6.mcu.externaltools.arm-none.win32_1.17.0.201812190825/tools/compiler/bin/../lib/gcc/arm-none-eabi/7.3.1/../../../../arm-none-eabi/lib/thumb/v7e-m/fpv5/hard\libc_nano.a(lib_a-sprintf.o)
                0x08005b2c                siprintf
                0x08005b2c                sprintf
 .text._vsprintf_r
                0x08005b6c       0x2c c:/ac6/systemworkbench/plugins/fr.ac6.mcu.externaltools.arm-none.win32_1.17.0.201812190825/tools/compiler/bin/../lib/gcc/arm-none-eabi/7.3.1/../../../../arm-none-eabi/lib/thumb/v7e-m/fpv5/hard\libc_nano.a(lib_a-vsprintf.o)
                0x08005b6c                _vsprintf_r
                0x08005b6c                _vsiprintf_r
 .text.vsprintf
                0x08005b98       0x14 c:/ac6/systemworkbench/plugins/fr.ac6.mcu.externaltools.arm-none.win32_1.17.0.201812190825/tools/compiler/bin/../lib/gcc/arm-none-eabi/7.3.1/../../../../arm-none-eabi/lib/thumb/v7e-m/fpv5/hard\libc_nano.a(lib_a-vsprintf.o)
                0x08005b98                vsiprintf
                0x08005b98                vsprintf
 .text.__malloc_lock
                0x08005bac        0x2 c:/ac6/systemworkbench/plugins/fr.ac6.mcu.externaltools.arm-none.win32_1.17.0.201812190825/tools/compiler/bin/../lib/gcc/arm-none-eabi/7.3.1/../../../../arm-none-eabi/lib/thumb/v7e-m/fpv5/hard\libc_nano.a(lib_a-mlock.o)
                0x08005bac                __malloc_lock
 .text.__malloc_unlock
                0x08005bae        0x2 c:/ac6/systemworkbench/plugins/fr.ac6.mcu.externaltools.arm-none.win32_1.17.0.201812190825/tools/compiler/bin/../lib/gcc/arm-none-eabi/7.3.1/../../../../arm-none-eabi/lib/thumb/v7e-m/fpv5/hard\libc_nano.a(lib_a-mlock.o)
                0x08005bae                __malloc_unlock
 .text.__ssputs_r
                0x08005bb0       0xb4 c:/ac6/systemworkbench/plugins/fr.ac6.mcu.externaltools.arm-none.win32_1.17.0.201812190825/tools/compiler/bin/../lib/gcc/arm-none-eabi/7.3.1/../../../../arm-none-eabi/lib/thumb/v7e-m/fpv5/hard\libc_nano.a(lib_a-nano-svfprintf.o)
                0x08005bb0                __ssputs_r
 .text._svfprintf_r
                0x08005c64      0x1f0 c:/ac6/systemworkbench/plugins/fr.ac6.mcu.externaltools.arm-none.win32_1.17.0.201812190825/tools/compiler/bin/../lib/gcc/arm-none-eabi/7.3.1/../../../../arm-none-eabi/lib/thumb/v7e-m/fpv5/hard\libc_nano.a(lib_a-nano-svfprintf.o)
                0x08005c64                _svfiprintf_r
                0x08005c64                _svfprintf_r
 .text._printf_common
                0x08005e54       0xea c:/ac6/systemworkbench/plugins/fr.ac6.mcu.externaltools.arm-none.win32_1.17.0.201812190825/tools/compiler/bin/../lib/gcc/arm-none-eabi/7.3.1/../../../../arm-none-eabi/lib/thumb/v7e-m/fpv5/hard\libc_nano.a(lib_a-nano-vfprintf_i.o)
                0x08005e54                _printf_common
 *fill*         0x08005f3e        0x2 
 .text._printf_i
                0x08005f40      0x224 c:/ac6/systemworkbench/plugins/fr.ac6.mcu.externaltools.arm-none.win32_1.17.0.201812190825/tools/compiler/bin/../lib/gcc/arm-none-eabi/7.3.1/../../../../arm-none-eabi/lib/thumb/v7e-m/fpv5/hard\libc_nano.a(lib_a-nano-vfprintf_i.o)
                0x08005f40                _printf_i
 .text.memmove  0x08006164       0x32 c:/ac6/systemworkbench/plugins/fr.ac6.mcu.externaltools.arm-none.win32_1.17.0.201812190825/tools/compiler/bin/../lib/gcc/arm-none-eabi/7.3.1/../../../../arm-none-eabi/lib/thumb/v7e-m/fpv5/hard\libc_nano.a(lib_a-memmove.o)
                0x08006164                memmove
 .text._realloc_r
                0x08006196       0x4c c:/ac6/systemworkbench/plugins/fr.ac6.mcu.externaltools.arm-none.win32_1.17.0.201812190825/tools/compiler/bin/../lib/gcc/arm-none-eabi/7.3.1/../../../../arm-none-eabi/lib/thumb/v7e-m/fpv5/hard\libc_nano.a(lib_a-nano-reallocr.o)
                0x08006196                _realloc_r
 .text._malloc_usable_size_r
                0x080061e2       0x10 c:/ac6/systemworkbench/plugins/fr.ac6.mcu.externaltools.arm-none.win32_1.17.0.201812190825/tools/compiler/bin/../lib/gcc/arm-none-eabi/7.3.1/../../../../arm-none-eabi/lib/thumb/v7e-m/fpv5/hard\libc_nano.a(lib_a-nano-msizer.o)
                0x080061e2                _malloc_usable_size_r
 *fill*         0x080061f2        0x2 
 .text._sbrk    0x080061f4       0x1c c:/ac6/systemworkbench/plugins/fr.ac6.mcu.externaltools.arm-none.win32_1.17.0.201812190825/tools/compiler/bin/../lib/gcc/arm-none-eabi/7.3.1/../../../../arm-none-eabi/lib/thumb/v7e-m/fpv5/hard\libnosys.a(sbrk.o)
                0x080061f4                _sbrk
 *(.glue_7)
 .glue_7        0x08006210        0x0 linker stubs
 *(.glue_7t)
 .glue_7t       0x08006210        0x0 linker stubs
 *(.eh_frame)
 .eh_frame      0x08006210        0x0 c:/ac6/systemworkbench/plugins/fr.ac6.mcu.externaltools.arm-none.win32_1.17.0.201812190825/tools/compiler/bin/../lib/gcc/arm-none-eabi/7.3.1/thumb/v7e-m/fpv5/hard/crtbegin.o
 *(.init)
 .init          0x08006210        0x4 c:/ac6/systemworkbench/plugins/fr.ac6.mcu.externaltools.arm-none.win32_1.17.0.201812190825/tools/compiler/bin/../lib/gcc/arm-none-eabi/7.3.1/thumb/v7e-m/fpv5/hard/crti.o
                0x08006210                _init
 .init          0x08006214        0x8 c:/ac6/systemworkbench/plugins/fr.ac6.mcu.externaltools.arm-none.win32_1.17.0.201812190825/tools/compiler/bin/../lib/gcc/arm-none-eabi/7.3.1/thumb/v7e-m/fpv5/hard/crtn.o
 *(.fini)
 .fini          0x0800621c        0x4 c:/ac6/systemworkbench/plugins/fr.ac6.mcu.externaltools.arm-none.win32_1.17.0.201812190825/tools/compiler/bin/../lib/gcc/arm-none-eabi/7.3.1/thumb/v7e-m/fpv5/hard/crti.o
                0x0800621c                _fini
 .fini          0x08006220        0x8 c:/ac6/systemworkbench/plugins/fr.ac6.mcu.externaltools.arm-none.win32_1.17.0.201812190825/tools/compiler/bin/../lib/gcc/arm-none-eabi/7.3.1/thumb/v7e-m/fpv5/hard/crtn.o
                0x08006228                . = ALIGN (0x4)
                0x08006228                _etext = .

.vfp11_veneer   0x08006228        0x0
 .vfp11_veneer  0x08006228        0x0 linker stubs

.v4_bx          0x08006228        0x0
 .v4_bx         0x08006228        0x0 linker stubs

.iplt           0x08006228        0x0
 .iplt          0x08006228        0x0 c:/ac6/systemworkbench/plugins/fr.ac6.mcu.externaltools.arm-none.win32_1.17.0.201812190825/tools/compiler/bin/../lib/gcc/arm-none-eabi/7.3.1/thumb/v7e-m/fpv5/hard/crtbegin.o

.rodata         0x08006228      0x14c
                0x08006228                . = ALIGN (0x4)
 *(.rodata)
 .rodata        0x08006228       0x18 Core/Src/system_stm32f7xx.o
                0x08006228                AHBPrescTable
                0x08006238                APBPrescTable
 .rodata        0x08006240        0x8 Drivers/STM32F7xx_HAL_Driver/Src/stm32f7xx_hal_dma.o
 *(.rodata*)
 .rodata.str1.4
                0x08006248       0x67 Core/Src/Wireless.o
                                 0x6b (size before relaxing)
 *fill*         0x080062af        0x1 
 .rodata.str1.4
                0x080062b0       0x43 Core/Src/main.o
 *fill*         0x080062f3        0x1 
 .rodata.str1.4
                0x080062f4       0x4c Lib/PuTTY.o
                                 0x57 (size before relaxing)
 .rodata._svfprintf_r.str1.1
                0x08006340       0x11 c:/ac6/systemworkbench/plugins/fr.ac6.mcu.externaltools.arm-none.win32_1.17.0.201812190825/tools/compiler/bin/../lib/gcc/arm-none-eabi/7.3.1/../../../../arm-none-eabi/lib/thumb/v7e-m/fpv5/hard\libc_nano.a(lib_a-nano-svfprintf.o)
 .rodata._printf_i.str1.1
                0x08006351       0x22 c:/ac6/systemworkbench/plugins/fr.ac6.mcu.externaltools.arm-none.win32_1.17.0.201812190825/tools/compiler/bin/../lib/gcc/arm-none-eabi/7.3.1/../../../../arm-none-eabi/lib/thumb/v7e-m/fpv5/hard\libc_nano.a(lib_a-nano-vfprintf_i.o)
                0x08006374                . = ALIGN (0x4)
 *fill*         0x08006373        0x1 

.ARM.extab
 *(.ARM.extab* .gnu.linkonce.armextab.*)

.ARM            0x08006374        0x8
                0x08006374                __exidx_start = .
 *(.ARM.exidx*)
 .ARM.exidx     0x08006374        0x8 c:/ac6/systemworkbench/plugins/fr.ac6.mcu.externaltools.arm-none.win32_1.17.0.201812190825/tools/compiler/bin/../lib/gcc/arm-none-eabi/7.3.1/thumb/v7e-m/fpv5/hard\libgcc.a(_udivmoddi4.o)
                0x0800637c                __exidx_end = .

.rel.dyn        0x0800637c        0x0
 .rel.iplt      0x0800637c        0x0 c:/ac6/systemworkbench/plugins/fr.ac6.mcu.externaltools.arm-none.win32_1.17.0.201812190825/tools/compiler/bin/../lib/gcc/arm-none-eabi/7.3.1/thumb/v7e-m/fpv5/hard/crtbegin.o

.preinit_array  0x0800637c        0x0
                0x0800637c                PROVIDE (__preinit_array_start = .)
 *(.preinit_array*)
                0x0800637c                PROVIDE (__preinit_array_end = .)

.init_array     0x0800637c        0x4
                0x0800637c                PROVIDE (__init_array_start = .)
 *(SORT_BY_NAME(.init_array.*))
 *(.init_array*)
 .init_array    0x0800637c        0x4 c:/ac6/systemworkbench/plugins/fr.ac6.mcu.externaltools.arm-none.win32_1.17.0.201812190825/tools/compiler/bin/../lib/gcc/arm-none-eabi/7.3.1/thumb/v7e-m/fpv5/hard/crtbegin.o
                0x08006380                PROVIDE (__init_array_end = .)

.fini_array     0x08006380        0x4
                [!provide]                PROVIDE (__fini_array_start = .)
 *(SORT_BY_NAME(.fini_array.*))
 *(.fini_array*)
 .fini_array    0x08006380        0x4 c:/ac6/systemworkbench/plugins/fr.ac6.mcu.externaltools.arm-none.win32_1.17.0.201812190825/tools/compiler/bin/../lib/gcc/arm-none-eabi/7.3.1/thumb/v7e-m/fpv5/hard/crtbegin.o
                [!provide]                PROVIDE (__fini_array_end = .)
                0x08006384                _sidata = LOADADDR (.data)

.data           0x20000000      0x2b0 load address 0x08006384
                0x20000000                . = ALIGN (0x4)
                0x20000000                _sdata = .
 *(.data)
 .data          0x20000000       0x38 Core/Src/Wireless.o
                0x20000000                set
 .data          0x20000038        0x4 Core/Src/system_stm32f7xx.o
                0x20000038                SystemCoreClock
 .data          0x2000003c        0x8 Drivers/STM32F7xx_HAL_Driver/Src/stm32f7xx_hal.o
                0x2000003c                uwTickFreq
                0x20000040                uwTickPrio
 .data          0x20000044       0x80 Lib/SX1280/SX1280.o
                0x20000044                robot_syncWord
 .data          0x200000c4      0x188 Util/gpio_util.o
                0x200000c4                SX_BUSY_pin
                0x200000cc                SX_NSS_pin
                0x200000d4                SX_RST_pin
                0x200000dc                SX_IRQ_pin
                0x200000e4                MTi_IRQ_pin
                0x200000ec                MTi_RST_pin
                0x200000f4                FRQ_sel
                0x200000fc                ID3_pin
                0x20000104                ID2_pin
                0x2000010c                ID1_pin
                0x20000114                ID0_pin
                0x2000011c                LED6_pin
                0x20000124                LED5_pin
                0x2000012c                LED4_pin
                0x20000134                LED3_pin
                0x2000013c                LED2_pin
                0x20000144                LED1_pin
                0x2000014c                LED0_pin
                0x20000154                Dribbler_PWM_pin
                0x2000015c                Bat_pin
                0x20000164                LF_ENC_B_pin
                0x2000016c                LF_ENC_A_pin
                0x20000174                LB_ENC_B_pin
                0x2000017c                LB_ENC_A_pin
                0x20000184                RF_ENC_B_pin
                0x2000018c                RF_ENC_A_pin
                0x20000194                RB_ENC_B_pin
                0x2000019c                RB_ENC_A_pin
                0x200001a4                LF_LOCK_pin
                0x200001ac                LB_LOCK_pin
                0x200001b4                RF_LOCK_pin
                0x200001bc                RB_LOCK_pin
                0x200001c4                LF_DIR_pin
                0x200001cc                LB_DIR_pin
                0x200001d4                RF_DIR_pin
                0x200001dc                RB_DIR_pin
                0x200001e4                LF_PWM_pin
                0x200001ec                LB_PWM_pin
                0x200001f4                RF_PWM_pin
                0x200001fc                RB_PWM_pin
                0x20000204                Geneva_ENC_B_pin
                0x2000020c                Geneva_ENC_A_pin
                0x20000214                Geneva_DIR_B_pin
                0x2000021c                Geneva_DIR_A_pin
                0x20000224                Geneva_PWM_pin
                0x2000022c                Charge_done_pin
                0x20000234                Charge_pin
                0x2000023c                Chip_pin
                0x20000244                Kick_pin
 *(.data*)
 .data._impure_ptr
                0x2000024c        0x4 c:/ac6/systemworkbench/plugins/fr.ac6.mcu.externaltools.arm-none.win32_1.17.0.201812190825/tools/compiler/bin/../lib/gcc/arm-none-eabi/7.3.1/../../../../arm-none-eabi/lib/thumb/v7e-m/fpv5/hard\libc_nano.a(lib_a-impure.o)
                0x2000024c                _impure_ptr
 .data.impure_data
                0x20000250       0x60 c:/ac6/systemworkbench/plugins/fr.ac6.mcu.externaltools.arm-none.win32_1.17.0.201812190825/tools/compiler/bin/../lib/gcc/arm-none-eabi/7.3.1/../../../../arm-none-eabi/lib/thumb/v7e-m/fpv5/hard\libc_nano.a(lib_a-impure.o)
                0x200002b0                . = ALIGN (0x4)
                0x200002b0                _edata = .

.igot.plt       0x200002b0        0x0 load address 0x08006634
 .igot.plt      0x200002b0        0x0 c:/ac6/systemworkbench/plugins/fr.ac6.mcu.externaltools.arm-none.win32_1.17.0.201812190825/tools/compiler/bin/../lib/gcc/arm-none-eabi/7.3.1/thumb/v7e-m/fpv5/hard/crtbegin.o
                0x200002b0                . = ALIGN (0x4)

.bss            0x200002b0     0x1164 load address 0x08006634
                0x200002b0                _sbss = .
                0x200002b0                __bss_start__ = _sbss
 *(.bss)
 .bss           0x200002b0       0x1c c:/ac6/systemworkbench/plugins/fr.ac6.mcu.externaltools.arm-none.win32_1.17.0.201812190825/tools/compiler/bin/../lib/gcc/arm-none-eabi/7.3.1/thumb/v7e-m/fpv5/hard/crtbegin.o
 .bss           0x200002cc        0x8 Core/Src/main.o
                0x200002cc                counter
                0x200002d0                strength
 *(.bss*)
 .bss.__malloc_free_list
                0x200002d4        0x4 c:/ac6/systemworkbench/plugins/fr.ac6.mcu.externaltools.arm-none.win32_1.17.0.201812190825/tools/compiler/bin/../lib/gcc/arm-none-eabi/7.3.1/../../../../arm-none-eabi/lib/thumb/v7e-m/fpv5/hard\libc_nano.a(lib_a-nano-mallocr.o)
                0x200002d4                __malloc_free_list
 .bss.__malloc_sbrk_start
                0x200002d8        0x4 c:/ac6/systemworkbench/plugins/fr.ac6.mcu.externaltools.arm-none.win32_1.17.0.201812190825/tools/compiler/bin/../lib/gcc/arm-none-eabi/7.3.1/../../../../arm-none-eabi/lib/thumb/v7e-m/fpv5/hard\libc_nano.a(lib_a-nano-mallocr.o)
                0x200002d8                __malloc_sbrk_start
 .bss.heap_end.5377
                0x200002dc        0x4 c:/ac6/systemworkbench/plugins/fr.ac6.mcu.externaltools.arm-none.win32_1.17.0.201812190825/tools/compiler/bin/../lib/gcc/arm-none-eabi/7.3.1/../../../../arm-none-eabi/lib/thumb/v7e-m/fpv5/hard\libnosys.a(sbrk.o)
 *(COMMON)
 COMMON         0x200002e0      0x99c Core/Src/Wireless.o
                0x200002e0                Putty_Vars
                0x20000b28                SX1280_struct
                0x20000b68                PC_to_Bot
                0x20000b6c                SX
                0x20000b70                PacketStat
                0x20000b78                TX_buffer
                0x20000bf8                RX_buffer
                0x20000c78                Bot_to_PC
 COMMON         0x20000c7c      0x790 Core/Src/main.o
                0x20000c7c                hdma_quadspi
                0x20000cdc                htim8
                0x20000d1c                htim4
                0x20000d5c                hi2c1
                0x20000da8                htim10
                0x20000de8                hdma_spi4_rx
                0x20000e48                htim5
                0x20000e88                htim3
                0x20000ec8                huart5
                0x20000f38                htim13
                0x20000f78                hdma_spi4_tx
                0x20000fd8                htim11
                0x20001018                hspi4
                0x2000107c                htim6
                0x200010bc                htim1
                0x200010fc                hdma_i2c1_rx
                0x2000115c                htim9
                0x2000119c                hspi1
                0x20001200                htim2
                0x20001240                hdma_spi1_rx
                0x200012a0                htim14
                0x200012e0                htim12
                0x20001320                htim7
                0x20001360                hdma_uart5_tx
                0x200013c0                hqspi
 COMMON         0x2000140c        0x4 Drivers/STM32F7xx_HAL_Driver/Src/stm32f7xx_hal.o
                0x2000140c                uwTick
 COMMON         0x20001410        0x4 c:/ac6/systemworkbench/plugins/fr.ac6.mcu.externaltools.arm-none.win32_1.17.0.201812190825/tools/compiler/bin/../lib/gcc/arm-none-eabi/7.3.1/../../../../arm-none-eabi/lib/thumb/v7e-m/fpv5/hard\libc_nano.a(lib_a-reent.o)
                0x20001410                errno
                0x20001414                . = ALIGN (0x4)
                0x20001414                _ebss = .
                0x20001414                __bss_end__ = _ebss

._user_heap_stack
                0x20001414      0x604 load address 0x08006634
                0x20001418                . = ALIGN (0x8)
 *fill*         0x20001414        0x4 
                0x20001418                PROVIDE (end = .)
                [!provide]                PROVIDE (_end = .)
                0x20001618                . = (. + _Min_Heap_Size)
 *fill*         0x20001418      0x200 
                0x20001a18                . = (. + _Min_Stack_Size)
 *fill*         0x20001618      0x400 
                0x20001a18                . = ALIGN (0x8)

/DISCARD/
 libc.a(*)
 libm.a(*)
 libgcc.a(*)

.ARM.attributes
                0x00000000       0x2e
 *(.ARM.attributes)
 .ARM.attributes
                0x00000000       0x20 c:/ac6/systemworkbench/plugins/fr.ac6.mcu.externaltools.arm-none.win32_1.17.0.201812190825/tools/compiler/bin/../lib/gcc/arm-none-eabi/7.3.1/thumb/v7e-m/fpv5/hard/crti.o
 .ARM.attributes
                0x00000020       0x32 c:/ac6/systemworkbench/plugins/fr.ac6.mcu.externaltools.arm-none.win32_1.17.0.201812190825/tools/compiler/bin/../lib/gcc/arm-none-eabi/7.3.1/thumb/v7e-m/fpv5/hard/crtbegin.o
 .ARM.attributes
                0x00000052       0x37 Core/Src/Wireless.o
 .ARM.attributes
                0x00000089       0x37 Core/Src/main.o
 .ARM.attributes
                0x000000c0       0x37 Core/Src/stm32f7xx_hal_msp.o
 .ARM.attributes
                0x000000f7       0x37 Core/Src/stm32f7xx_it.o
 .ARM.attributes
                0x0000012e       0x37 Core/Src/system_stm32f7xx.o
 .ARM.attributes
                0x00000165       0x37 Drivers/STM32F7xx_HAL_Driver/Src/stm32f7xx_hal.o
 .ARM.attributes
                0x0000019c       0x37 Drivers/STM32F7xx_HAL_Driver/Src/stm32f7xx_hal_cortex.o
 .ARM.attributes
                0x000001d3       0x37 Drivers/STM32F7xx_HAL_Driver/Src/stm32f7xx_hal_dma.o
 .ARM.attributes
                0x0000020a       0x37 Drivers/STM32F7xx_HAL_Driver/Src/stm32f7xx_hal_gpio.o
 .ARM.attributes
                0x00000241       0x37 Drivers/STM32F7xx_HAL_Driver/Src/stm32f7xx_hal_i2c.o
 .ARM.attributes
                0x00000278       0x37 Drivers/STM32F7xx_HAL_Driver/Src/stm32f7xx_hal_i2c_ex.o
 .ARM.attributes
                0x000002af       0x37 Drivers/STM32F7xx_HAL_Driver/Src/stm32f7xx_hal_pwr_ex.o
 .ARM.attributes
                0x000002e6       0x37 Drivers/STM32F7xx_HAL_Driver/Src/stm32f7xx_hal_qspi.o
 .ARM.attributes
                0x0000031d       0x37 Drivers/STM32F7xx_HAL_Driver/Src/stm32f7xx_hal_rcc.o
 .ARM.attributes
                0x00000354       0x37 Drivers/STM32F7xx_HAL_Driver/Src/stm32f7xx_hal_rcc_ex.o
 .ARM.attributes
                0x0000038b       0x37 Drivers/STM32F7xx_HAL_Driver/Src/stm32f7xx_hal_spi.o
 .ARM.attributes
                0x000003c2       0x37 Drivers/STM32F7xx_HAL_Driver/Src/stm32f7xx_hal_tim.o
 .ARM.attributes
                0x000003f9       0x37 Drivers/STM32F7xx_HAL_Driver/Src/stm32f7xx_hal_tim_ex.o
 .ARM.attributes
                0x00000430       0x37 Drivers/STM32F7xx_HAL_Driver/Src/stm32f7xx_hal_uart.o
 .ARM.attributes
                0x00000467       0x37 Lib/PuTTY.o
 .ARM.attributes
                0x0000049e       0x37 Lib/SX1280/SX1280.o
 .ARM.attributes
                0x000004d5       0x37 Util/gpio_util.o
 .ARM.attributes
                0x0000050c       0x21 startup/startup_stm32f767xx.o
 .ARM.attributes
                0x0000052d       0x20 c:/ac6/systemworkbench/plugins/fr.ac6.mcu.externaltools.arm-none.win32_1.17.0.201812190825/tools/compiler/bin/../lib/gcc/arm-none-eabi/7.3.1/thumb/v7e-m/fpv5/hard\libgcc.a(_aeabi_uldivmod.o)
 .ARM.attributes
                0x0000054d       0x32 c:/ac6/systemworkbench/plugins/fr.ac6.mcu.externaltools.arm-none.win32_1.17.0.201812190825/tools/compiler/bin/../lib/gcc/arm-none-eabi/7.3.1/thumb/v7e-m/fpv5/hard\libgcc.a(_udivmoddi4.o)
 .ARM.attributes
                0x0000057f       0x20 c:/ac6/systemworkbench/plugins/fr.ac6.mcu.externaltools.arm-none.win32_1.17.0.201812190825/tools/compiler/bin/../lib/gcc/arm-none-eabi/7.3.1/thumb/v7e-m/fpv5/hard\libgcc.a(_dvmd_tls.o)
 .ARM.attributes
                0x0000059f       0x32 c:/ac6/systemworkbench/plugins/fr.ac6.mcu.externaltools.arm-none.win32_1.17.0.201812190825/tools/compiler/bin/../lib/gcc/arm-none-eabi/7.3.1/../../../../arm-none-eabi/lib/thumb/v7e-m/fpv5/hard\libc_nano.a(lib_a-impure.o)
 .ARM.attributes
                0x000005d1       0x32 c:/ac6/systemworkbench/plugins/fr.ac6.mcu.externaltools.arm-none.win32_1.17.0.201812190825/tools/compiler/bin/../lib/gcc/arm-none-eabi/7.3.1/../../../../arm-none-eabi/lib/thumb/v7e-m/fpv5/hard\libc_nano.a(lib_a-init.o)
 .ARM.attributes
                0x00000603       0x32 c:/ac6/systemworkbench/plugins/fr.ac6.mcu.externaltools.arm-none.win32_1.17.0.201812190825/tools/compiler/bin/../lib/gcc/arm-none-eabi/7.3.1/../../../../arm-none-eabi/lib/thumb/v7e-m/fpv5/hard\libc_nano.a(lib_a-memcpy-stub.o)
 .ARM.attributes
                0x00000635       0x32 c:/ac6/systemworkbench/plugins/fr.ac6.mcu.externaltools.arm-none.win32_1.17.0.201812190825/tools/compiler/bin/../lib/gcc/arm-none-eabi/7.3.1/../../../../arm-none-eabi/lib/thumb/v7e-m/fpv5/hard\libc_nano.a(lib_a-memset.o)
 .ARM.attributes
                0x00000667       0x32 c:/ac6/systemworkbench/plugins/fr.ac6.mcu.externaltools.arm-none.win32_1.17.0.201812190825/tools/compiler/bin/../lib/gcc/arm-none-eabi/7.3.1/../../../../arm-none-eabi/lib/thumb/v7e-m/fpv5/hard\libc_nano.a(lib_a-nano-freer.o)
 .ARM.attributes
                0x00000699       0x32 c:/ac6/systemworkbench/plugins/fr.ac6.mcu.externaltools.arm-none.win32_1.17.0.201812190825/tools/compiler/bin/../lib/gcc/arm-none-eabi/7.3.1/../../../../arm-none-eabi/lib/thumb/v7e-m/fpv5/hard\libc_nano.a(lib_a-nano-mallocr.o)
 .ARM.attributes
                0x000006cb       0x32 c:/ac6/systemworkbench/plugins/fr.ac6.mcu.externaltools.arm-none.win32_1.17.0.201812190825/tools/compiler/bin/../lib/gcc/arm-none-eabi/7.3.1/../../../../arm-none-eabi/lib/thumb/v7e-m/fpv5/hard\libc_nano.a(lib_a-sbrkr.o)
 .ARM.attributes
                0x000006fd       0x32 c:/ac6/systemworkbench/plugins/fr.ac6.mcu.externaltools.arm-none.win32_1.17.0.201812190825/tools/compiler/bin/../lib/gcc/arm-none-eabi/7.3.1/../../../../arm-none-eabi/lib/thumb/v7e-m/fpv5/hard\libc_nano.a(lib_a-sprintf.o)
 .ARM.attributes
                0x0000072f       0x19 c:/ac6/systemworkbench/plugins/fr.ac6.mcu.externaltools.arm-none.win32_1.17.0.201812190825/tools/compiler/bin/../lib/gcc/arm-none-eabi/7.3.1/../../../../arm-none-eabi/lib/thumb/v7e-m/fpv5/hard\libc_nano.a(lib_a-strlen.o)
 .ARM.attributes
                0x00000748       0x32 c:/ac6/systemworkbench/plugins/fr.ac6.mcu.externaltools.arm-none.win32_1.17.0.201812190825/tools/compiler/bin/../lib/gcc/arm-none-eabi/7.3.1/../../../../arm-none-eabi/lib/thumb/v7e-m/fpv5/hard\libc_nano.a(lib_a-vsprintf.o)
 .ARM.attributes
                0x0000077a       0x32 c:/ac6/systemworkbench/plugins/fr.ac6.mcu.externaltools.arm-none.win32_1.17.0.201812190825/tools/compiler/bin/../lib/gcc/arm-none-eabi/7.3.1/../../../../arm-none-eabi/lib/thumb/v7e-m/fpv5/hard\libc_nano.a(lib_a-mlock.o)
 .ARM.attributes
                0x000007ac       0x32 c:/ac6/systemworkbench/plugins/fr.ac6.mcu.externaltools.arm-none.win32_1.17.0.201812190825/tools/compiler/bin/../lib/gcc/arm-none-eabi/7.3.1/../../../../arm-none-eabi/lib/thumb/v7e-m/fpv5/hard\libc_nano.a(lib_a-nano-svfprintf.o)
 .ARM.attributes
                0x000007de       0x32 c:/ac6/systemworkbench/plugins/fr.ac6.mcu.externaltools.arm-none.win32_1.17.0.201812190825/tools/compiler/bin/../lib/gcc/arm-none-eabi/7.3.1/../../../../arm-none-eabi/lib/thumb/v7e-m/fpv5/hard\libc_nano.a(lib_a-nano-vfprintf_i.o)
 .ARM.attributes
                0x00000810       0x32 c:/ac6/systemworkbench/plugins/fr.ac6.mcu.externaltools.arm-none.win32_1.17.0.201812190825/tools/compiler/bin/../lib/gcc/arm-none-eabi/7.3.1/../../../../arm-none-eabi/lib/thumb/v7e-m/fpv5/hard\libc_nano.a(lib_a-reent.o)
 .ARM.attributes
                0x00000842       0x1e c:/ac6/systemworkbench/plugins/fr.ac6.mcu.externaltools.arm-none.win32_1.17.0.201812190825/tools/compiler/bin/../lib/gcc/arm-none-eabi/7.3.1/../../../../arm-none-eabi/lib/thumb/v7e-m/fpv5/hard\libc_nano.a(lib_a-memchr.o)
 .ARM.attributes
                0x00000860       0x32 c:/ac6/systemworkbench/plugins/fr.ac6.mcu.externaltools.arm-none.win32_1.17.0.201812190825/tools/compiler/bin/../lib/gcc/arm-none-eabi/7.3.1/../../../../arm-none-eabi/lib/thumb/v7e-m/fpv5/hard\libc_nano.a(lib_a-memmove.o)
 .ARM.attributes
                0x00000892       0x32 c:/ac6/systemworkbench/plugins/fr.ac6.mcu.externaltools.arm-none.win32_1.17.0.201812190825/tools/compiler/bin/../lib/gcc/arm-none-eabi/7.3.1/../../../../arm-none-eabi/lib/thumb/v7e-m/fpv5/hard\libc_nano.a(lib_a-nano-reallocr.o)
 .ARM.attributes
                0x000008c4       0x32 c:/ac6/systemworkbench/plugins/fr.ac6.mcu.externaltools.arm-none.win32_1.17.0.201812190825/tools/compiler/bin/../lib/gcc/arm-none-eabi/7.3.1/../../../../arm-none-eabi/lib/thumb/v7e-m/fpv5/hard\libc_nano.a(lib_a-nano-msizer.o)
 .ARM.attributes
                0x000008f6       0x32 c:/ac6/systemworkbench/plugins/fr.ac6.mcu.externaltools.arm-none.win32_1.17.0.201812190825/tools/compiler/bin/../lib/gcc/arm-none-eabi/7.3.1/../../../../arm-none-eabi/lib/thumb/v7e-m/fpv5/hard\libnosys.a(sbrk.o)
 .ARM.attributes
                0x00000928       0x20 c:/ac6/systemworkbench/plugins/fr.ac6.mcu.externaltools.arm-none.win32_1.17.0.201812190825/tools/compiler/bin/../lib/gcc/arm-none-eabi/7.3.1/thumb/v7e-m/fpv5/hard/crtn.o
OUTPUT(robot3.elf elf32-littlearm)

.debug_info     0x00000000    0x296d4
 .debug_info    0x00000000     0x1b17 Core/Src/Wireless.o
 .debug_info    0x00001b17     0x4434 Core/Src/main.o
 .debug_info    0x00005f4b     0x2b96 Core/Src/stm32f7xx_hal_msp.o
 .debug_info    0x00008ae1     0x195a Core/Src/stm32f7xx_it.o
 .debug_info    0x0000a43b      0xf12 Core/Src/system_stm32f7xx.o
 .debug_info    0x0000b34d     0x135e Drivers/STM32F7xx_HAL_Driver/Src/stm32f7xx_hal.o
 .debug_info    0x0000c6ab     0x19b9 Drivers/STM32F7xx_HAL_Driver/Src/stm32f7xx_hal_cortex.o
 .debug_info    0x0000e064     0x127d Drivers/STM32F7xx_HAL_Driver/Src/stm32f7xx_hal_dma.o
 .debug_info    0x0000f2e1      0xfc7 Drivers/STM32F7xx_HAL_Driver/Src/stm32f7xx_hal_gpio.o
 .debug_info    0x000102a8     0x3a17 Drivers/STM32F7xx_HAL_Driver/Src/stm32f7xx_hal_i2c.o
 .debug_info    0x00013cbf     0x11d0 Drivers/STM32F7xx_HAL_Driver/Src/stm32f7xx_hal_i2c_ex.o
 .debug_info    0x00014e8f     0x124b Drivers/STM32F7xx_HAL_Driver/Src/stm32f7xx_hal_pwr_ex.o
 .debug_info    0x000160da     0x1eb5 Drivers/STM32F7xx_HAL_Driver/Src/stm32f7xx_hal_qspi.o
 .debug_info    0x00017f8f     0x136a Drivers/STM32F7xx_HAL_Driver/Src/stm32f7xx_hal_rcc.o
 .debug_info    0x000192f9     0x1099 Drivers/STM32F7xx_HAL_Driver/Src/stm32f7xx_hal_rcc_ex.o
 .debug_info    0x0001a392     0x2617 Drivers/STM32F7xx_HAL_Driver/Src/stm32f7xx_hal_spi.o
 .debug_info    0x0001c9a9     0x372e Drivers/STM32F7xx_HAL_Driver/Src/stm32f7xx_hal_tim.o
 .debug_info    0x000200d7     0x1fc2 Drivers/STM32F7xx_HAL_Driver/Src/stm32f7xx_hal_tim_ex.o
 .debug_info    0x00022099     0x206c Drivers/STM32F7xx_HAL_Driver/Src/stm32f7xx_hal_uart.o
 .debug_info    0x00024105     0x1c85 Lib/PuTTY.o
 .debug_info    0x00025d8a     0x2a6b Lib/SX1280/SX1280.o
 .debug_info    0x000287f5      0xebd Util/gpio_util.o
 .debug_info    0x000296b2       0x22 startup/startup_stm32f767xx.o

.debug_abbrev   0x00000000     0x4195
 .debug_abbrev  0x00000000      0x34b Core/Src/Wireless.o
 .debug_abbrev  0x0000034b      0x431 Core/Src/main.o
 .debug_abbrev  0x0000077c      0x2c0 Core/Src/stm32f7xx_hal_msp.o
 .debug_abbrev  0x00000a3c      0x25f Core/Src/stm32f7xx_it.o
 .debug_abbrev  0x00000c9b      0x212 Core/Src/system_stm32f7xx.o
 .debug_abbrev  0x00000ead      0x2e5 Drivers/STM32F7xx_HAL_Driver/Src/stm32f7xx_hal.o
 .debug_abbrev  0x00001192      0x3d6 Drivers/STM32F7xx_HAL_Driver/Src/stm32f7xx_hal_cortex.o
 .debug_abbrev  0x00001568      0x32a Drivers/STM32F7xx_HAL_Driver/Src/stm32f7xx_hal_dma.o
 .debug_abbrev  0x00001892      0x2a7 Drivers/STM32F7xx_HAL_Driver/Src/stm32f7xx_hal_gpio.o
 .debug_abbrev  0x00001b39      0x2f0 Drivers/STM32F7xx_HAL_Driver/Src/stm32f7xx_hal_i2c.o
 .debug_abbrev  0x00001e29      0x248 Drivers/STM32F7xx_HAL_Driver/Src/stm32f7xx_hal_i2c_ex.o
 .debug_abbrev  0x00002071      0x2db Drivers/STM32F7xx_HAL_Driver/Src/stm32f7xx_hal_pwr_ex.o
 .debug_abbrev  0x0000234c      0x327 Drivers/STM32F7xx_HAL_Driver/Src/stm32f7xx_hal_qspi.o
 .debug_abbrev  0x00002673      0x356 Drivers/STM32F7xx_HAL_Driver/Src/stm32f7xx_hal_rcc.o
 .debug_abbrev  0x000029c9      0x2ad Drivers/STM32F7xx_HAL_Driver/Src/stm32f7xx_hal_rcc_ex.o
 .debug_abbrev  0x00002c76      0x2f2 Drivers/STM32F7xx_HAL_Driver/Src/stm32f7xx_hal_spi.o
 .debug_abbrev  0x00002f68      0x2b5 Drivers/STM32F7xx_HAL_Driver/Src/stm32f7xx_hal_tim.o
 .debug_abbrev  0x0000321d      0x2e0 Drivers/STM32F7xx_HAL_Driver/Src/stm32f7xx_hal_tim_ex.o
 .debug_abbrev  0x000034fd      0x314 Drivers/STM32F7xx_HAL_Driver/Src/stm32f7xx_hal_uart.o
 .debug_abbrev  0x00003811      0x376 Lib/PuTTY.o
 .debug_abbrev  0x00003b87      0x44b Lib/SX1280/SX1280.o
 .debug_abbrev  0x00003fd2      0x1b1 Util/gpio_util.o
 .debug_abbrev  0x00004183       0x12 startup/startup_stm32f767xx.o

.debug_loc      0x00000000    0x11061
 .debug_loc     0x00000000      0x296 Core/Src/Wireless.o
 .debug_loc     0x00000296      0x168 Core/Src/main.o
 .debug_loc     0x000003fe      0x365 Core/Src/stm32f7xx_hal_msp.o
 .debug_loc     0x00000763      0x13e Core/Src/system_stm32f7xx.o
 .debug_loc     0x000008a1       0xfd Drivers/STM32F7xx_HAL_Driver/Src/stm32f7xx_hal.o
 .debug_loc     0x0000099e      0x5c0 Drivers/STM32F7xx_HAL_Driver/Src/stm32f7xx_hal_cortex.o
 .debug_loc     0x00000f5e      0xbc6 Drivers/STM32F7xx_HAL_Driver/Src/stm32f7xx_hal_dma.o
 .debug_loc     0x00001b24      0x469 Drivers/STM32F7xx_HAL_Driver/Src/stm32f7xx_hal_gpio.o
 .debug_loc     0x00001f8d     0x3ae2 Drivers/STM32F7xx_HAL_Driver/Src/stm32f7xx_hal_i2c.o
 .debug_loc     0x00005a6f      0x176 Drivers/STM32F7xx_HAL_Driver/Src/stm32f7xx_hal_i2c_ex.o
 .debug_loc     0x00005be5      0x198 Drivers/STM32F7xx_HAL_Driver/Src/stm32f7xx_hal_pwr_ex.o
 .debug_loc     0x00005d7d     0x1370 Drivers/STM32F7xx_HAL_Driver/Src/stm32f7xx_hal_qspi.o
 .debug_loc     0x000070ed      0x4cf Drivers/STM32F7xx_HAL_Driver/Src/stm32f7xx_hal_rcc.o
 .debug_loc     0x000075bc      0x5fc Drivers/STM32F7xx_HAL_Driver/Src/stm32f7xx_hal_rcc_ex.o
 .debug_loc     0x00007bb8     0x1acd Drivers/STM32F7xx_HAL_Driver/Src/stm32f7xx_hal_spi.o
 .debug_loc     0x00009685     0x36d5 Drivers/STM32F7xx_HAL_Driver/Src/stm32f7xx_hal_tim.o
 .debug_loc     0x0000cd5a     0x1bd7 Drivers/STM32F7xx_HAL_Driver/Src/stm32f7xx_hal_tim_ex.o
 .debug_loc     0x0000e931     0x1612 Drivers/STM32F7xx_HAL_Driver/Src/stm32f7xx_hal_uart.o
 .debug_loc     0x0000ff43      0x264 Lib/PuTTY.o
 .debug_loc     0x000101a7      0xeba Lib/SX1280/SX1280.o

.debug_aranges  0x00000000     0x14f8
 .debug_aranges
                0x00000000       0x48 Core/Src/Wireless.o
 .debug_aranges
                0x00000048       0xf0 Core/Src/main.o
 .debug_aranges
                0x00000138       0x98 Core/Src/stm32f7xx_hal_msp.o
 .debug_aranges
                0x000001d0       0xc8 Core/Src/stm32f7xx_it.o
 .debug_aranges
                0x00000298       0x28 Core/Src/system_stm32f7xx.o
 .debug_aranges
                0x000002c0      0x110 Drivers/STM32F7xx_HAL_Driver/Src/stm32f7xx_hal.o
 .debug_aranges
                0x000003d0       0xa8 Drivers/STM32F7xx_HAL_Driver/Src/stm32f7xx_hal_cortex.o
 .debug_aranges
                0x00000478       0x90 Drivers/STM32F7xx_HAL_Driver/Src/stm32f7xx_hal_dma.o
 .debug_aranges
                0x00000508       0x58 Drivers/STM32F7xx_HAL_Driver/Src/stm32f7xx_hal_gpio.o
 .debug_aranges
                0x00000560      0x260 Drivers/STM32F7xx_HAL_Driver/Src/stm32f7xx_hal_i2c.o
 .debug_aranges
                0x000007c0       0x38 Drivers/STM32F7xx_HAL_Driver/Src/stm32f7xx_hal_i2c_ex.o
 .debug_aranges
                0x000007f8       0x80 Drivers/STM32F7xx_HAL_Driver/Src/stm32f7xx_hal_pwr_ex.o
 .debug_aranges
                0x00000878      0x160 Drivers/STM32F7xx_HAL_Driver/Src/stm32f7xx_hal_qspi.o
 .debug_aranges
                0x000009d8       0x88 Drivers/STM32F7xx_HAL_Driver/Src/stm32f7xx_hal_rcc.o
 .debug_aranges
                0x00000a60       0x50 Drivers/STM32F7xx_HAL_Driver/Src/stm32f7xx_hal_rcc_ex.o
 .debug_aranges
                0x00000ab0      0x1d8 Drivers/STM32F7xx_HAL_Driver/Src/stm32f7xx_hal_spi.o
 .debug_aranges
                0x00000c88      0x368 Drivers/STM32F7xx_HAL_Driver/Src/stm32f7xx_hal_tim.o
 .debug_aranges
                0x00000ff0      0x178 Drivers/STM32F7xx_HAL_Driver/Src/stm32f7xx_hal_tim_ex.o
 .debug_aranges
                0x00001168      0x190 Drivers/STM32F7xx_HAL_Driver/Src/stm32f7xx_hal_uart.o
 .debug_aranges
                0x000012f8       0x78 Lib/PuTTY.o
 .debug_aranges
                0x00001370      0x148 Lib/SX1280/SX1280.o
 .debug_aranges
                0x000014b8       0x18 Util/gpio_util.o
 .debug_aranges
                0x000014d0       0x28 startup/startup_stm32f767xx.o

.debug_ranges   0x00000000     0x1400
 .debug_ranges  0x00000000       0x38 Core/Src/Wireless.o
 .debug_ranges  0x00000038       0xf8 Core/Src/main.o
 .debug_ranges  0x00000130       0x88 Core/Src/stm32f7xx_hal_msp.o
 .debug_ranges  0x000001b8       0xb8 Core/Src/stm32f7xx_it.o
 .debug_ranges  0x00000270       0x18 Core/Src/system_stm32f7xx.o
 .debug_ranges  0x00000288      0x100 Drivers/STM32F7xx_HAL_Driver/Src/stm32f7xx_hal.o
 .debug_ranges  0x00000388       0xf8 Drivers/STM32F7xx_HAL_Driver/Src/stm32f7xx_hal_cortex.o
 .debug_ranges  0x00000480       0x80 Drivers/STM32F7xx_HAL_Driver/Src/stm32f7xx_hal_dma.o
 .debug_ranges  0x00000500       0x48 Drivers/STM32F7xx_HAL_Driver/Src/stm32f7xx_hal_gpio.o
 .debug_ranges  0x00000548      0x250 Drivers/STM32F7xx_HAL_Driver/Src/stm32f7xx_hal_i2c.o
 .debug_ranges  0x00000798       0x28 Drivers/STM32F7xx_HAL_Driver/Src/stm32f7xx_hal_i2c_ex.o
 .debug_ranges  0x000007c0       0x70 Drivers/STM32F7xx_HAL_Driver/Src/stm32f7xx_hal_pwr_ex.o
 .debug_ranges  0x00000830      0x150 Drivers/STM32F7xx_HAL_Driver/Src/stm32f7xx_hal_qspi.o
 .debug_ranges  0x00000980       0x78 Drivers/STM32F7xx_HAL_Driver/Src/stm32f7xx_hal_rcc.o
 .debug_ranges  0x000009f8       0x40 Drivers/STM32F7xx_HAL_Driver/Src/stm32f7xx_hal_rcc_ex.o
 .debug_ranges  0x00000a38      0x1c8 Drivers/STM32F7xx_HAL_Driver/Src/stm32f7xx_hal_spi.o
 .debug_ranges  0x00000c00      0x358 Drivers/STM32F7xx_HAL_Driver/Src/stm32f7xx_hal_tim.o
 .debug_ranges  0x00000f58      0x168 Drivers/STM32F7xx_HAL_Driver/Src/stm32f7xx_hal_tim_ex.o
 .debug_ranges  0x000010c0      0x180 Drivers/STM32F7xx_HAL_Driver/Src/stm32f7xx_hal_uart.o
 .debug_ranges  0x00001240       0x68 Lib/PuTTY.o
 .debug_ranges  0x000012a8      0x138 Lib/SX1280/SX1280.o
 .debug_ranges  0x000013e0       0x20 startup/startup_stm32f767xx.o

.debug_macro    0x00000000    0x2a896
 .debug_macro   0x00000000      0x3d1 Core/Src/Wireless.o
 .debug_macro   0x000003d1      0xa6c Core/Src/Wireless.o
 .debug_macro   0x00000e3d       0x22 Core/Src/Wireless.o
 .debug_macro   0x00000e5f      0x191 Core/Src/Wireless.o
 .debug_macro   0x00000ff0       0x2e Core/Src/Wireless.o
 .debug_macro   0x0000101e       0x3b Core/Src/Wireless.o
 .debug_macro   0x00001059       0x22 Core/Src/Wireless.o
 .debug_macro   0x0000107b       0x8e Core/Src/Wireless.o
 .debug_macro   0x00001109       0x51 Core/Src/Wireless.o
 .debug_macro   0x0000115a       0xef Core/Src/Wireless.o
 .debug_macro   0x00001249       0x6a Core/Src/Wireless.o
 .debug_macro   0x000012b3      0x1df Core/Src/Wireless.o
 .debug_macro   0x00001492       0x35 Core/Src/Wireless.o
 .debug_macro   0x000014c7       0x50 Core/Src/Wireless.o
 .debug_macro   0x00001517     0x1114 Core/Src/Wireless.o
 .debug_macro   0x0000262b    0x19f38 Core/Src/Wireless.o
 .debug_macro   0x0001c563       0x43 Core/Src/Wireless.o
 .debug_macro   0x0001c5a6     0x35cf Core/Src/Wireless.o
 .debug_macro   0x0001fb75       0x5e Core/Src/Wireless.o
 .debug_macro   0x0001fbd3       0x17 Core/Src/Wireless.o
 .debug_macro   0x0001fbea       0x35 Core/Src/Wireless.o
 .debug_macro   0x0001fc1f       0x34 Core/Src/Wireless.o
 .debug_macro   0x0001fc53       0x16 Core/Src/Wireless.o
 .debug_macro   0x0001fc69       0x97 Core/Src/Wireless.o
 .debug_macro   0x0001fd00      0x330 Core/Src/Wireless.o
 .debug_macro   0x00020030       0xfd Core/Src/Wireless.o
 .debug_macro   0x0002012d       0x10 Core/Src/Wireless.o
 .debug_macro   0x0002013d       0x58 Core/Src/Wireless.o
 .debug_macro   0x00020195       0x1f Core/Src/Wireless.o
 .debug_macro   0x000201b4       0x43 Core/Src/Wireless.o
 .debug_macro   0x000201f7       0x20 Core/Src/Wireless.o
 .debug_macro   0x00020217      0x18e Core/Src/Wireless.o
 .debug_macro   0x000203a5       0x10 Core/Src/Wireless.o
 .debug_macro   0x000203b5       0x1c Core/Src/Wireless.o
 .debug_macro   0x000203d1       0x52 Core/Src/Wireless.o
 .debug_macro   0x00020423       0x40 Core/Src/Wireless.o
 .debug_macro   0x00020463       0x10 Core/Src/Wireless.o
 .debug_macro   0x00020473       0x40 Core/Src/Wireless.o
 .debug_macro   0x000204b3       0xd7 Core/Src/Wireless.o
 .debug_macro   0x0002058a       0x1c Core/Src/Wireless.o
 .debug_macro   0x000205a6       0x3d Core/Src/Wireless.o
 .debug_macro   0x000205e3       0x16 Core/Src/Wireless.o
 .debug_macro   0x000205f9      0x16f Core/Src/Wireless.o
 .debug_macro   0x00020768       0x57 Core/Src/Wireless.o
 .debug_macro   0x000207bf     0x1add Core/Src/Wireless.o
 .debug_macro   0x0002229c      0x6ca Core/Src/Wireless.o
 .debug_macro   0x00022966      0x11e Core/Src/Wireless.o
 .debug_macro   0x00022a84      0x277 Core/Src/Wireless.o
 .debug_macro   0x00022cfb       0x27 Core/Src/Wireless.o
 .debug_macro   0x00022d22      0x24f Core/Src/Wireless.o
 .debug_macro   0x00022f71       0x71 Core/Src/Wireless.o
 .debug_macro   0x00022fe2       0x58 Core/Src/Wireless.o
 .debug_macro   0x0002303a      0x23a Core/Src/Wireless.o
 .debug_macro   0x00023274      0x156 Core/Src/Wireless.o
 .debug_macro   0x000233ca      0x3de Core/Src/Wireless.o
 .debug_macro   0x000237a8       0x12 Core/Src/Wireless.o
 .debug_macro   0x000237ba      0x209 Core/Src/Wireless.o
 .debug_macro   0x000239c3       0x61 Core/Src/Wireless.o
 .debug_macro   0x00023a24       0x90 Core/Src/Wireless.o
 .debug_macro   0x00023ab4      0x132 Core/Src/Wireless.o
 .debug_macro   0x00023be6      0x10c Core/Src/Wireless.o
 .debug_macro   0x00023cf2       0x35 Core/Src/Wireless.o
 .debug_macro   0x00023d27      0x2e2 Core/Src/Wireless.o
 .debug_macro   0x00024009      0x2e2 Core/Src/Wireless.o
 .debug_macro   0x000242eb      0x65b Core/Src/Wireless.o
 .debug_macro   0x00024946      0x2aa Core/Src/Wireless.o
 .debug_macro   0x00024bf0      0x169 Core/Src/Wireless.o
 .debug_macro   0x00024d59      0x4e8 Core/Src/Wireless.o
 .debug_macro   0x00025241       0x47 Core/Src/Wireless.o
 .debug_macro   0x00025288      0x16c Core/Src/Wireless.o
 .debug_macro   0x000253f4      0x318 Core/Src/Wireless.o
 .debug_macro   0x0002570c      0x250 Core/Src/Wireless.o
 .debug_macro   0x0002595c       0x16 Core/Src/Wireless.o
 .debug_macro   0x00025972       0x16 Core/Src/Wireless.o
 .debug_macro   0x00025988       0x35 Core/Src/Wireless.o
 .debug_macro   0x000259bd       0x16 Core/Src/Wireless.o
 .debug_macro   0x000259d3       0x4c Core/Src/Wireless.o
 .debug_macro   0x00025a1f      0x3f6 Core/Src/main.o
 .debug_macro   0x00025e15       0x10 Core/Src/main.o
 .debug_macro   0x00025e25       0x28 Core/Src/main.o
 .debug_macro   0x00025e4d       0x28 Core/Src/main.o
 .debug_macro   0x00025e75       0x10 Core/Src/main.o
 .debug_macro   0x00025e85      0x256 Core/Src/main.o
 .debug_macro   0x000260db      0x351 Core/Src/stm32f7xx_hal_msp.o
 .debug_macro   0x0002642c      0x35b Core/Src/stm32f7xx_it.o
 .debug_macro   0x00026787      0x348 Core/Src/system_stm32f7xx.o
 .debug_macro   0x00026acf      0x366 Drivers/STM32F7xx_HAL_Driver/Src/stm32f7xx_hal.o
 .debug_macro   0x00026e35      0x342 Drivers/STM32F7xx_HAL_Driver/Src/stm32f7xx_hal_cortex.o
 .debug_macro   0x00027177      0x349 Drivers/STM32F7xx_HAL_Driver/Src/stm32f7xx_hal_dma.o
 .debug_macro   0x000274c0      0x37a Drivers/STM32F7xx_HAL_Driver/Src/stm32f7xx_hal_gpio.o
 .debug_macro   0x0002783a      0x40e Drivers/STM32F7xx_HAL_Driver/Src/stm32f7xx_hal_i2c.o
 .debug_macro   0x00027c48      0x342 Drivers/STM32F7xx_HAL_Driver/Src/stm32f7xx_hal_i2c_ex.o
 .debug_macro   0x00027f8a      0x35a Drivers/STM32F7xx_HAL_Driver/Src/stm32f7xx_hal_pwr_ex.o
 .debug_macro   0x000282e4      0x366 Drivers/STM32F7xx_HAL_Driver/Src/stm32f7xx_hal_qspi.o
 .debug_macro   0x0002864a      0x366 Drivers/STM32F7xx_HAL_Driver/Src/stm32f7xx_hal_rcc.o
 .debug_macro   0x000289b0      0x342 Drivers/STM32F7xx_HAL_Driver/Src/stm32f7xx_hal_rcc_ex.o
 .debug_macro   0x00028cf2      0x34a Drivers/STM32F7xx_HAL_Driver/Src/stm32f7xx_hal_spi.o
 .debug_macro   0x0002903c      0x343 Drivers/STM32F7xx_HAL_Driver/Src/stm32f7xx_hal_tim.o
 .debug_macro   0x0002937f      0x34e Drivers/STM32F7xx_HAL_Driver/Src/stm32f7xx_hal_tim_ex.o
 .debug_macro   0x000296cd      0x34a Drivers/STM32F7xx_HAL_Driver/Src/stm32f7xx_hal_uart.o
 .debug_macro   0x00029a17      0x38f Lib/PuTTY.o
 .debug_macro   0x00029da6       0x58 Lib/PuTTY.o
 .debug_macro   0x00029dfe       0x3b Lib/PuTTY.o
 .debug_macro   0x00029e39       0x22 Lib/PuTTY.o
 .debug_macro   0x00029e5b      0x3ba Lib/SX1280/SX1280.o
 .debug_macro   0x0002a215      0x363 Util/gpio_util.o
 .debug_macro   0x0002a578      0x31e Util/gpio_util.o

.debug_line     0x00000000    0x11aed
 .debug_line    0x00000000      0xa05 Core/Src/Wireless.o
 .debug_line    0x00000a05      0xd8c Core/Src/main.o
 .debug_line    0x00001791      0xb16 Core/Src/stm32f7xx_hal_msp.o
 .debug_line    0x000022a7      0x9ad Core/Src/stm32f7xx_it.o
 .debug_line    0x00002c54      0x856 Core/Src/system_stm32f7xx.o
 .debug_line    0x000034aa      0xa71 Drivers/STM32F7xx_HAL_Driver/Src/stm32f7xx_hal.o
 .debug_line    0x00003f1b      0xa67 Drivers/STM32F7xx_HAL_Driver/Src/stm32f7xx_hal_cortex.o
 .debug_line    0x00004982      0xb58 Drivers/STM32F7xx_HAL_Driver/Src/stm32f7xx_hal_dma.o
 .debug_line    0x000054da      0x9b7 Drivers/STM32F7xx_HAL_Driver/Src/stm32f7xx_hal_gpio.o
 .debug_line    0x00005e91     0x1939 Drivers/STM32F7xx_HAL_Driver/Src/stm32f7xx_hal_i2c.o
 .debug_line    0x000077ca      0x8ef Drivers/STM32F7xx_HAL_Driver/Src/stm32f7xx_hal_i2c_ex.o
 .debug_line    0x000080b9      0x974 Drivers/STM32F7xx_HAL_Driver/Src/stm32f7xx_hal_pwr_ex.o
 .debug_line    0x00008a2d      0xea1 Drivers/STM32F7xx_HAL_Driver/Src/stm32f7xx_hal_qspi.o
 .debug_line    0x000098ce      0xaf0 Drivers/STM32F7xx_HAL_Driver/Src/stm32f7xx_hal_rcc.o
 .debug_line    0x0000a3be      0xa70 Drivers/STM32F7xx_HAL_Driver/Src/stm32f7xx_hal_rcc_ex.o
 .debug_line    0x0000ae2e     0x12bc Drivers/STM32F7xx_HAL_Driver/Src/stm32f7xx_hal_spi.o
 .debug_line    0x0000c0ea     0x17ff Drivers/STM32F7xx_HAL_Driver/Src/stm32f7xx_hal_tim.o
 .debug_line    0x0000d8e9      0xf81 Drivers/STM32F7xx_HAL_Driver/Src/stm32f7xx_hal_tim_ex.o
 .debug_line    0x0000e86a     0x11e3 Drivers/STM32F7xx_HAL_Driver/Src/stm32f7xx_hal_uart.o
 .debug_line    0x0000fa4d      0xa0e Lib/PuTTY.o
 .debug_line    0x0001045b      0xde5 Lib/SX1280/SX1280.o
 .debug_line    0x00011240      0x82e Util/gpio_util.o
 .debug_line    0x00011a6e       0x7f startup/startup_stm32f767xx.o

.debug_str      0x00000000    0xf8706
 .debug_str     0x00000000    0xf2343 Core/Src/Wireless.o
                              0xf276e (size before relaxing)
 .debug_str     0x000f2343     0x1bca Core/Src/main.o
                              0xf4399 (size before relaxing)
 .debug_str     0x000f3f0d      0x1c8 Core/Src/stm32f7xx_hal_msp.o
                              0xf2973 (size before relaxing)
 .debug_str     0x000f40d5      0x255 Core/Src/stm32f7xx_it.o
                              0xf1ffe (size before relaxing)
 .debug_str     0x000f432a       0x70 Core/Src/system_stm32f7xx.o
                              0xf09f0 (size before relaxing)
 .debug_str     0x000f439a      0x45b Drivers/STM32F7xx_HAL_Driver/Src/stm32f7xx_hal.o
                              0xf145a (size before relaxing)
 .debug_str     0x000f47f5      0x31d Drivers/STM32F7xx_HAL_Driver/Src/stm32f7xx_hal_cortex.o
                              0xf13d5 (size before relaxing)
 .debug_str     0x000f4b12      0x2f9 Drivers/STM32F7xx_HAL_Driver/Src/stm32f7xx_hal_dma.o
                              0xf0d36 (size before relaxing)
 .debug_str     0x000f4e0b      0x1a9 Drivers/STM32F7xx_HAL_Driver/Src/stm32f7xx_hal_gpio.o
                              0xf0bc6 (size before relaxing)
 .debug_str     0x000f4fb4      0xd54 Drivers/STM32F7xx_HAL_Driver/Src/stm32f7xx_hal_i2c.o
                              0xf1a88 (size before relaxing)
 .debug_str     0x000f5d08       0x6c Drivers/STM32F7xx_HAL_Driver/Src/stm32f7xx_hal_i2c_ex.o
                              0xf0ead (size before relaxing)
 .debug_str     0x000f5d74      0x1dd Drivers/STM32F7xx_HAL_Driver/Src/stm32f7xx_hal_pwr_ex.o
                              0xf0c82 (size before relaxing)
 .debug_str     0x000f5f51      0x69d Drivers/STM32F7xx_HAL_Driver/Src/stm32f7xx_hal_qspi.o
                              0xf1352 (size before relaxing)
 .debug_str     0x000f65ee      0x220 Drivers/STM32F7xx_HAL_Driver/Src/stm32f7xx_hal_rcc.o
                              0xf0d40 (size before relaxing)
 .debug_str     0x000f680e      0x13d Drivers/STM32F7xx_HAL_Driver/Src/stm32f7xx_hal_rcc_ex.o
                              0xf0ce5 (size before relaxing)
 .debug_str     0x000f694b      0x4af Drivers/STM32F7xx_HAL_Driver/Src/stm32f7xx_hal_spi.o
                              0xf119b (size before relaxing)
 .debug_str     0x000f6dfa      0xab8 Drivers/STM32F7xx_HAL_Driver/Src/stm32f7xx_hal_tim.o
                              0xf1987 (size before relaxing)
 .debug_str     0x000f78b2      0x4e7 Drivers/STM32F7xx_HAL_Driver/Src/stm32f7xx_hal_tim_ex.o
                              0xf14f6 (size before relaxing)
 .debug_str     0x000f7d99      0x569 Drivers/STM32F7xx_HAL_Driver/Src/stm32f7xx_hal_uart.o
                              0xf1434 (size before relaxing)
 .debug_str     0x000f8302      0x194 Lib/PuTTY.o
                              0xf16e2 (size before relaxing)
 .debug_str     0x000f8496      0x22d Lib/SX1280/SX1280.o
                              0xf295a (size before relaxing)
 .debug_str     0x000f86c3       0x14 Util/gpio_util.o
                              0xf1553 (size before relaxing)
 .debug_str     0x000f86d7       0x2f startup/startup_stm32f767xx.o
                                 0x62 (size before relaxing)

.comment        0x00000000       0x7f
 .comment       0x00000000       0x7f Core/Src/Wireless.o
                                 0x80 (size before relaxing)
 .comment       0x0000007f       0x80 Core/Src/main.o
 .comment       0x0000007f       0x80 Core/Src/stm32f7xx_hal_msp.o
 .comment       0x0000007f       0x80 Core/Src/stm32f7xx_it.o
 .comment       0x0000007f       0x80 Core/Src/system_stm32f7xx.o
 .comment       0x0000007f       0x80 Drivers/STM32F7xx_HAL_Driver/Src/stm32f7xx_hal.o
 .comment       0x0000007f       0x80 Drivers/STM32F7xx_HAL_Driver/Src/stm32f7xx_hal_cortex.o
 .comment       0x0000007f       0x80 Drivers/STM32F7xx_HAL_Driver/Src/stm32f7xx_hal_dma.o
 .comment       0x0000007f       0x80 Drivers/STM32F7xx_HAL_Driver/Src/stm32f7xx_hal_gpio.o
 .comment       0x0000007f       0x80 Drivers/STM32F7xx_HAL_Driver/Src/stm32f7xx_hal_i2c.o
 .comment       0x0000007f       0x80 Drivers/STM32F7xx_HAL_Driver/Src/stm32f7xx_hal_i2c_ex.o
 .comment       0x0000007f       0x80 Drivers/STM32F7xx_HAL_Driver/Src/stm32f7xx_hal_pwr_ex.o
 .comment       0x0000007f       0x80 Drivers/STM32F7xx_HAL_Driver/Src/stm32f7xx_hal_qspi.o
 .comment       0x0000007f       0x80 Drivers/STM32F7xx_HAL_Driver/Src/stm32f7xx_hal_rcc.o
 .comment       0x0000007f       0x80 Drivers/STM32F7xx_HAL_Driver/Src/stm32f7xx_hal_rcc_ex.o
 .comment       0x0000007f       0x80 Drivers/STM32F7xx_HAL_Driver/Src/stm32f7xx_hal_spi.o
 .comment       0x0000007f       0x80 Drivers/STM32F7xx_HAL_Driver/Src/stm32f7xx_hal_tim.o
 .comment       0x0000007f       0x80 Drivers/STM32F7xx_HAL_Driver/Src/stm32f7xx_hal_tim_ex.o
 .comment       0x0000007f       0x80 Drivers/STM32F7xx_HAL_Driver/Src/stm32f7xx_hal_uart.o
 .comment       0x0000007f       0x80 Lib/PuTTY.o
 .comment       0x0000007f       0x80 Lib/SX1280/SX1280.o