Archive member included to satisfy reference by file (symbol)

c:/ac6/systemworkbench/plugins/fr.ac6.mcu.externaltools.arm-none.win32_1.16.0.201807130628/tools/compiler/bin/../lib/gcc/arm-none-eabi/7.2.1/thumb/v7e-m/fpv5/hard\libgcc.a(_aeabi_uldivmod.o)
                              Drivers/STM32F7xx_HAL_Driver/Src/stm32f7xx_hal_rcc.o (__aeabi_uldivmod)
c:/ac6/systemworkbench/plugins/fr.ac6.mcu.externaltools.arm-none.win32_1.16.0.201807130628/tools/compiler/bin/../lib/gcc/arm-none-eabi/7.2.1/thumb/v7e-m/fpv5/hard\libgcc.a(_udivmoddi4.o)
                              c:/ac6/systemworkbench/plugins/fr.ac6.mcu.externaltools.arm-none.win32_1.16.0.201807130628/tools/compiler/bin/../lib/gcc/arm-none-eabi/7.2.1/thumb/v7e-m/fpv5/hard\libgcc.a(_aeabi_uldivmod.o) (__udivmoddi4)
c:/ac6/systemworkbench/plugins/fr.ac6.mcu.externaltools.arm-none.win32_1.16.0.201807130628/tools/compiler/bin/../lib/gcc/arm-none-eabi/7.2.1/thumb/v7e-m/fpv5/hard\libgcc.a(_dvmd_tls.o)
                              c:/ac6/systemworkbench/plugins/fr.ac6.mcu.externaltools.arm-none.win32_1.16.0.201807130628/tools/compiler/bin/../lib/gcc/arm-none-eabi/7.2.1/thumb/v7e-m/fpv5/hard\libgcc.a(_aeabi_uldivmod.o) (__aeabi_ldiv0)
c:/ac6/systemworkbench/plugins/fr.ac6.mcu.externaltools.arm-none.win32_1.16.0.201807130628/tools/compiler/bin/../lib/gcc/arm-none-eabi/7.2.1/../../../../arm-none-eabi/lib/thumb/v7e-m/fpv5/hard\libc_nano.a(lib_a-exit.o)
                              c:/ac6/systemworkbench/plugins/fr.ac6.mcu.externaltools.arm-none.win32_1.16.0.201807130628/tools/compiler/bin/../lib/gcc/arm-none-eabi/7.2.1/../../../../arm-none-eabi/lib/thumb/v7e-m/fpv5/hard/crt0.o (exit)
c:/ac6/systemworkbench/plugins/fr.ac6.mcu.externaltools.arm-none.win32_1.16.0.201807130628/tools/compiler/bin/../lib/gcc/arm-none-eabi/7.2.1/../../../../arm-none-eabi/lib/thumb/v7e-m/fpv5/hard\libc_nano.a(lib_a-impure.o)
                              c:/ac6/systemworkbench/plugins/fr.ac6.mcu.externaltools.arm-none.win32_1.16.0.201807130628/tools/compiler/bin/../lib/gcc/arm-none-eabi/7.2.1/../../../../arm-none-eabi/lib/thumb/v7e-m/fpv5/hard\libc_nano.a(lib_a-exit.o) (_global_impure_ptr)
c:/ac6/systemworkbench/plugins/fr.ac6.mcu.externaltools.arm-none.win32_1.16.0.201807130628/tools/compiler/bin/../lib/gcc/arm-none-eabi/7.2.1/../../../../arm-none-eabi/lib/thumb/v7e-m/fpv5/hard\libc_nano.a(lib_a-init.o)
                              c:/ac6/systemworkbench/plugins/fr.ac6.mcu.externaltools.arm-none.win32_1.16.0.201807130628/tools/compiler/bin/../lib/gcc/arm-none-eabi/7.2.1/../../../../arm-none-eabi/lib/thumb/v7e-m/fpv5/hard/crt0.o (__libc_init_array)
c:/ac6/systemworkbench/plugins/fr.ac6.mcu.externaltools.arm-none.win32_1.16.0.201807130628/tools/compiler/bin/../lib/gcc/arm-none-eabi/7.2.1/../../../../arm-none-eabi/lib/thumb/v7e-m/fpv5/hard\libc_nano.a(lib_a-itoa.o)
                              Lib/SX1280/SX1280.o (itoa)
c:/ac6/systemworkbench/plugins/fr.ac6.mcu.externaltools.arm-none.win32_1.16.0.201807130628/tools/compiler/bin/../lib/gcc/arm-none-eabi/7.2.1/../../../../arm-none-eabi/lib/thumb/v7e-m/fpv5/hard\libc_nano.a(lib_a-malloc.o)
                              Lib/MTi/xbus/xbusparser.o (malloc)
c:/ac6/systemworkbench/plugins/fr.ac6.mcu.externaltools.arm-none.win32_1.16.0.201807130628/tools/compiler/bin/../lib/gcc/arm-none-eabi/7.2.1/../../../../arm-none-eabi/lib/thumb/v7e-m/fpv5/hard\libc_nano.a(lib_a-memcpy-stub.o)
                              Core/Src/Wireless.o (memcpy)
c:/ac6/systemworkbench/plugins/fr.ac6.mcu.externaltools.arm-none.win32_1.16.0.201807130628/tools/compiler/bin/../lib/gcc/arm-none-eabi/7.2.1/../../../../arm-none-eabi/lib/thumb/v7e-m/fpv5/hard\libc_nano.a(lib_a-memset.o)
                              c:/ac6/systemworkbench/plugins/fr.ac6.mcu.externaltools.arm-none.win32_1.16.0.201807130628/tools/compiler/bin/../lib/gcc/arm-none-eabi/7.2.1/../../../../arm-none-eabi/lib/thumb/v7e-m/fpv5/hard/crt0.o (memset)
c:/ac6/systemworkbench/plugins/fr.ac6.mcu.externaltools.arm-none.win32_1.16.0.201807130628/tools/compiler/bin/../lib/gcc/arm-none-eabi/7.2.1/../../../../arm-none-eabi/lib/thumb/v7e-m/fpv5/hard\libc_nano.a(lib_a-nano-freer.o)
                              c:/ac6/systemworkbench/plugins/fr.ac6.mcu.externaltools.arm-none.win32_1.16.0.201807130628/tools/compiler/bin/../lib/gcc/arm-none-eabi/7.2.1/../../../../arm-none-eabi/lib/thumb/v7e-m/fpv5/hard\libc_nano.a(lib_a-malloc.o) (_free_r)
c:/ac6/systemworkbench/plugins/fr.ac6.mcu.externaltools.arm-none.win32_1.16.0.201807130628/tools/compiler/bin/../lib/gcc/arm-none-eabi/7.2.1/../../../../arm-none-eabi/lib/thumb/v7e-m/fpv5/hard\libc_nano.a(lib_a-nano-mallocr.o)
                              c:/ac6/systemworkbench/plugins/fr.ac6.mcu.externaltools.arm-none.win32_1.16.0.201807130628/tools/compiler/bin/../lib/gcc/arm-none-eabi/7.2.1/../../../../arm-none-eabi/lib/thumb/v7e-m/fpv5/hard\libc_nano.a(lib_a-malloc.o) (_malloc_r)
[...]
Memory Configuration

Name             Origin             Length             Attributes
RAM              0x20000000         0x00080000         xrw
FLASH            0x08000000         0x00200000         xr
*default*        0x00000000         0xffffffff

Linker script and memory map

LOAD c:/ac6/systemworkbench/plugins/fr.ac6.mcu.externaltools.arm-none.win32_1.16.0.201807130628/tools/compiler/bin/../lib/gcc/arm-none-eabi/7.2.1/thumb/v7e-m/fpv5/hard/crti.o
LOAD c:/ac6/systemworkbench/plugins/fr.ac6.mcu.externaltools.arm-none.win32_1.16.0.201807130628/tools/compiler/bin/../lib/gcc/arm-none-eabi/7.2.1/thumb/v7e-m/fpv5/hard/crtbegin.o
LOAD c:/ac6/systemworkbench/plugins/fr.ac6.mcu.externaltools.arm-none.win32_1.16.0.201807130628/tools/compiler/bin/../lib/gcc/arm-none-eabi/7.2.1/../../../../arm-none-eabi/lib/thumb/v7e-m/fpv5/hard/crt0.o
LOAD Core/Src/Wireless.o
LOAD Core/Src/main.o
LOAD Core/Src/stm32f7xx_hal_msp.o
LOAD Core/Src/stm32f7xx_it.o
LOAD Core/Src/system_stm32f7xx.o
LOAD Core/Src/wheels.o
LOAD Drivers/STM32F7xx_HAL_Driver/Src/stm32f7xx_hal.o
LOAD Drivers/STM32F7xx_HAL_Driver/Src/stm32f7xx_hal_cortex.o
LOAD Drivers/STM32F7xx_HAL_Driver/Src/stm32f7xx_hal_dma.o
LOAD Drivers/STM32F7xx_HAL_Driver/Src/stm32f7xx_hal_dma_ex.o
LOAD Drivers/STM32F7xx_HAL_Driver/Src/stm32f7xx_hal_flash.o
LOAD Drivers/STM32F7xx_HAL_Driver/Src/stm32f7xx_hal_flash_ex.o
LOAD Drivers/STM32F7xx_HAL_Driver/Src/stm32f7xx_hal_gpio.o
LOAD Drivers/STM32F7xx_HAL_Driver/Src/stm32f7xx_hal_i2c.o
LOAD Drivers/STM32F7xx_HAL_Driver/Src/stm32f7xx_hal_i2c_ex.o
LOAD Drivers/STM32F7xx_HAL_Driver/Src/stm32f7xx_hal_pwr.o
LOAD Drivers/STM32F7xx_HAL_Driver/Src/stm32f7xx_hal_pwr_ex.o
LOAD Drivers/STM32F7xx_HAL_Driver/Src/stm32f7xx_hal_qspi.o
LOAD Drivers/STM32F7xx_HAL_Driver/Src/stm32f7xx_hal_rcc.o
LOAD Drivers/STM32F7xx_HAL_Driver/Src/stm32f7xx_hal_rcc_ex.o
LOAD Drivers/STM32F7xx_HAL_Driver/Src/stm32f7xx_hal_spi.o
LOAD Drivers/STM32F7xx_HAL_Driver/Src/stm32f7xx_hal_tim.o
LOAD Drivers/STM32F7xx_HAL_Driver/Src/stm32f7xx_hal_tim_ex.o
LOAD Drivers/STM32F7xx_HAL_Driver/Src/stm32f7xx_hal_uart.o
LOAD Lib/MTi/xbus/xbusmessage.o
LOAD Lib/MTi/xbus/xbusparser.o
LOAD Lib/MTi/xbus/xbusutility.o
LOAD Lib/MTi/xbus/xsdeviceid.o
LOAD Lib/PuTTY.o
LOAD Lib/SX1280/SX1280.o
LOAD Util/gpio_util.o
LOAD Util/tim_util.o
LOAD startup/startup_stm32f767xx.o
LOAD c:/ac6/systemworkbench/plugins/fr.ac6.mcu.externaltools.arm-none.win32_1.16.0.201807130628/tools/compiler/bin/../lib/gcc/arm-none-eabi/7.2.1/../../../../arm-none-eabi/lib/thumb/v7e-m/fpv5/hard\libm.a
START GROUP
LOAD c:/ac6/systemworkbench/plugins/fr.ac6.mcu.externaltools.arm-none.win32_1.16.0.201807130628/tools/compiler/bin/../lib/gcc/arm-none-eabi/7.2.1/thumb/v7e-m/fpv5/hard\libgcc.a
LOAD c:/ac6/systemworkbench/plugins/fr.ac6.mcu.externaltools.arm-none.win32_1.16.0.201807130628/tools/compiler/bin/../lib/gcc/arm-none-eabi/7.2.1/../../../../arm-none-eabi/lib/thumb/v7e-m/fpv5/hard\libc_nano.a
END GROUP
START GROUP
LOAD c:/ac6/systemworkbench/plugins/fr.ac6.mcu.externaltools.arm-none.win32_1.16.0.201807130628/tools/compiler/bin/../lib/gcc/arm-none-eabi/7.2.1/thumb/v7e-m/fpv5/hard\libgcc.a
LOAD c:/ac6/systemworkbench/plugins/fr.ac6.mcu.externaltools.arm-none.win32_1.16.0.201807130628/tools/compiler/bin/../lib/gcc/arm-none-eabi/7.2.1/../../../../arm-none-eabi/lib/thumb/v7e-m/fpv5/hard\libc_nano.a
LOAD c:/ac6/systemworkbench/plugins/fr.ac6.mcu.externaltools.arm-none.win32_1.16.0.201807130628/tools/compiler/bin/../lib/gcc/arm-none-eabi/7.2.1/../../../../arm-none-eabi/lib/thumb/v7e-m/fpv5/hard\libnosys.a
END GROUP
START GROUP
LOAD c:/ac6/systemworkbench/plugins/fr.ac6.mcu.externaltools.arm-none.win32_1.16.0.201807130628/tools/compiler/bin/../lib/gcc/arm-none-eabi/7.2.1/thumb/v7e-m/fpv5/hard\libgcc.a
LOAD c:/ac6/systemworkbench/plugins/fr.ac6.mcu.externaltools.arm-none.win32_1.16.0.201807130628/tools/compiler/bin/../lib/gcc/arm-none-eabi/7.2.1/../../../../arm-none-eabi/lib/thumb/v7e-m/fpv5/hard\libc_nano.a
LOAD c:/ac6/systemworkbench/plugins/fr.ac6.mcu.externaltools.arm-none.win32_1.16.0.201807130628/tools/compiler/bin/../lib/gcc/arm-none-eabi/7.2.1/../../../../arm-none-eabi/lib/thumb/v7e-m/fpv5/hard\libnosys.a
END GROUP
LOAD c:/ac6/systemworkbench/plugins/fr.ac6.mcu.externaltools.arm-none.win32_1.16.0.201807130628/tools/compiler/bin/../lib/gcc/arm-none-eabi/7.2.1/thumb/v7e-m/fpv5/hard/crtend.o
LOAD c:/ac6/systemworkbench/plugins/fr.ac6.mcu.externaltools.arm-none.win32_1.16.0.201807130628/tools/compiler/bin/../lib/gcc/arm-none-eabi/7.2.1/thumb/v7e-m/fpv5/hard/crtn.o
                0x20080000                _estack = 0x20080000
                0x00000200                _Min_Heap_Size = 0x200
                0x00000400                _Min_Stack_Size = 0x400

.isr_vector     0x08000000      0x1f8
                0x08000000                . = ALIGN (0x4)
 *(.isr_vector)
 .isr_vector    0x08000000      0x1f8 startup/startup_stm32f767xx.o
                0x08000000                g_pfnVectors
                0x080001f8                . = ALIGN (0x4)

.text           0x08000200     0x600c
                0x08000200                . = ALIGN (0x4)
 *(.text)
 .text          0x08000200       0x40 c:/ac6/systemworkbench/plugins/fr.ac6.mcu.externaltools.arm-none.win32_1.16.0.201807130628/tools/compiler/bin/../lib/gcc/arm-none-eabi/7.2.1/thumb/v7e-m/fpv5/hard/crtbegin.o
 .text          0x08000240       0x30 c:/ac6/systemworkbench/plugins/fr.ac6.mcu.externaltools.arm-none.win32_1.16.0.201807130628/tools/compiler/bin/../lib/gcc/arm-none-eabi/7.2.1/thumb/v7e-m/fpv5/hard\libgcc.a(_aeabi_uldivmod.o)
                0x08000240                __aeabi_uldivmod
 .text          0x08000270      0x2cc c:/ac6/systemworkbench/plugins/fr.ac6.mcu.externaltools.arm-none.win32_1.16.0.201807130628/tools/compiler/bin/../lib/gcc/arm-none-eabi/7.2.1/thumb/v7e-m/fpv5/hard\libgcc.a(_udivmoddi4.o)
                0x08000270                __udivmoddi4
 .text          0x0800053c        0x4 c:/ac6/systemworkbench/plugins/fr.ac6.mcu.externaltools.arm-none.win32_1.16.0.201807130628/tools/compiler/bin/../lib/gcc/arm-none-eabi/7.2.1/thumb/v7e-m/fpv5/hard\libgcc.a(_dvmd_tls.o)
                0x0800053c                __aeabi_idiv0
                0x0800053c                __aeabi_ldiv0
 .text          0x08000540       0x10 c:/ac6/systemworkbench/plugins/fr.ac6.mcu.externaltools.arm-none.win32_1.16.0.201807130628/tools/compiler/bin/../lib/gcc/arm-none-eabi/7.2.1/../../../../arm-none-eabi/lib/thumb/v7e-m/fpv5/hard\libc_nano.a(lib_a-strlen.o)
                0x08000540                strlen
 .text          0x08000550       0xa0 c:/ac6/systemworkbench/plugins/fr.ac6.mcu.externaltools.arm-none.win32_1.16.0.201807130628/tools/compiler/bin/../lib/gcc/arm-none-eabi/7.2.1/../../../../arm-none-eabi/lib/thumb/v7e-m/fpv5/hard\libc_nano.a(lib_a-memchr.o)
                0x08000550                memchr
 *(.text*)
 .text.Wireless_Init
                0x080005f0       0xd4 Core/Src/Wireless.o
                0x080005f0                Wireless_Init
 .text.ReceivePacket
                0x080006c4       0x20 Core/Src/Wireless.o
                0x080006c4                ReceivePacket
 .text.Wireless_IRQ_Handler
                0x080006e4       0x80 Core/Src/Wireless.o
                0x080006e4                Wireless_IRQ_Handler
 .text.Wireless_DMA_Handler
                0x08000764       0x40 Core/Src/Wireless.o
                0x08000764                Wireless_DMA_Handler
 .text.MX_GPIO_Init
                0x080007a4      0x284 Core/Src/main.o
 .text.MX_DMA_Init
                0x08000a28       0x94 Core/Src/main.o
 .text.MX_TIM2_Init
                0x08000abc       0x50 Core/Src/main.o
 .text.MX_TIM3_Init
                0x08000b0c       0x54 Core/Src/main.o
 .text.MX_TIM4_Init
                0x08000b60       0x54 Core/Src/main.o
 .text.MX_TIM1_Init
                0x08000bb4       0x58 Core/Src/main.o
 .text.MX_TIM5_Init
                0x08000c0c       0x54 Core/Src/main.o
 .text.MX_TIM6_Init
                0x08000c60       0x3c Core/Src/main.o
 .text.MX_TIM7_Init
                0x08000c9c       0x3c Core/Src/main.o
 .text.MX_TIM11_Init
                0x08000cd8       0x24 Core/Src/main.o
 .text.MX_TIM13_Init
                0x08000cfc       0x24 Core/Src/main.o
 .text.MX_TIM14_Init
                0x08000d20       0x24 Core/Src/main.o
 .text.MX_TIM8_Init
                0x08000d44       0xc4 Core/Src/main.o
 .text.MX_TIM10_Init
                0x08000e08       0x58 Core/Src/main.o
 .text.MX_TIM9_Init
                0x08000e60       0x60 Core/Src/main.o
 .text.MX_I2C1_Init
                0x08000ec0       0x44 Core/Src/main.o
 .text.MX_SPI4_Init
                0x08000f04       0x44 Core/Src/main.o
 .text.MX_SPI1_Init
                0x08000f48       0x44 Core/Src/main.o
 .text.MX_UART5_Init
                0x08000f8c       0x30 Core/Src/main.o
 .text.MX_QUADSPI_Init
                0x08000fbc       0x30 Core/Src/main.o
 .text.MX_TIM12_Init
                0x08000fec       0x40 Core/Src/main.o
 .text.HAL_SPI_TxRxCpltCallback
                0x0800102c       0x24 Core/Src/main.o
                0x0800102c                HAL_SPI_TxRxCpltCallback
 .text.HAL_GPIO_EXTI_Callback
                0x08001050       0x24 Core/Src/main.o
                0x08001050                HAL_GPIO_EXTI_Callback
 .text.SystemClock_Config
                0x08001074       0xb4 Core/Src/main.o
                0x08001074                SystemClock_Config
 .text.main     0x08001128      0x12c Core/Src/main.o
                0x08001128                main
 .text.Error_Handler
                0x08001254        0x2 Core/Src/main.o
                0x08001254                Error_Handler
 *fill*         0x08001256        0x2 
 .text.HAL_MspInit
                0x08001258       0x30 Core/Src/stm32f7xx_hal_msp.o
                0x08001258                HAL_MspInit
 .text.HAL_I2C_MspInit
                0x08001288       0xc8 Core/Src/stm32f7xx_hal_msp.o
                0x08001288                HAL_I2C_MspInit
 .text.HAL_QSPI_MspInit
                0x08001350      0x120 Core/Src/stm32f7xx_hal_msp.o
                0x08001350                HAL_QSPI_MspInit
 .text.HAL_SPI_MspInit
                0x08001470      0x1bc Core/Src/stm32f7xx_hal_msp.o
                0x08001470                HAL_SPI_MspInit
 .text.HAL_TIM_Encoder_MspInit
                0x0800162c      0x1ac Core/Src/stm32f7xx_hal_msp.o
                0x0800162c                HAL_TIM_Encoder_MspInit
 .text.HAL_TIM_Base_MspInit
                0x080017d8       0xec Core/Src/stm32f7xx_hal_msp.o
                0x080017d8                HAL_TIM_Base_MspInit
 .text.HAL_TIM_PWM_MspInit
                0x080018c4       0x4c Core/Src/stm32f7xx_hal_msp.o
                0x080018c4                HAL_TIM_PWM_MspInit
 .text.HAL_TIM_MspPostInit
                0x08001910       0xc8 Core/Src/stm32f7xx_hal_msp.o
                0x08001910                HAL_TIM_MspPostInit
 .text.HAL_UART_MspInit
                0x080019d8       0xb8 Core/Src/stm32f7xx_hal_msp.o
                0x080019d8                HAL_UART_MspInit
 .text.NMI_Handler
                0x08001a90        0x2 Core/Src/stm32f7xx_it.o
                0x08001a90                NMI_Handler
 .text.HardFault_Handler
                0x08001a92        0x2 Core/Src/stm32f7xx_it.o
                0x08001a92                HardFault_Handler
 .text.MemManage_Handler
                0x08001a94        0x2 Core/Src/stm32f7xx_it.o
                0x08001a94                MemManage_Handler
 .text.BusFault_Handler
                0x08001a96        0x2 Core/Src/stm32f7xx_it.o
                0x08001a96                BusFault_Handler
 .text.UsageFault_Handler
                0x08001a98        0x2 Core/Src/stm32f7xx_it.o
                0x08001a98                UsageFault_Handler
 .text.SVC_Handler
                0x08001a9a        0x2 Core/Src/stm32f7xx_it.o
                0x08001a9a                SVC_Handler
 .text.DebugMon_Handler
                0x08001a9c        0x2 Core/Src/stm32f7xx_it.o
                0x08001a9c                DebugMon_Handler
 .text.PendSV_Handler
                0x08001a9e        0x2 Core/Src/stm32f7xx_it.o
                0x08001a9e                PendSV_Handler
 .text.SysTick_Handler
                0x08001aa0        0x8 Core/Src/stm32f7xx_it.o
                0x08001aa0                SysTick_Handler
 .text.DMA1_Stream0_IRQHandler
                0x08001aa8       0x10 Core/Src/stm32f7xx_it.o
                0x08001aa8                DMA1_Stream0_IRQHandler
 .text.EXTI9_5_IRQHandler
                0x08001ab8       0x10 Core/Src/stm32f7xx_it.o
                0x08001ab8                EXTI9_5_IRQHandler
 .text.I2C1_EV_IRQHandler
                0x08001ac8       0x10 Core/Src/stm32f7xx_it.o
                0x08001ac8                I2C1_EV_IRQHandler
 .text.SPI1_IRQHandler
                0x08001ad8       0x10 Core/Src/stm32f7xx_it.o
                0x08001ad8                SPI1_IRQHandler
 .text.EXTI15_10_IRQHandler
                0x08001ae8       0x14 Core/Src/stm32f7xx_it.o
                0x08001ae8                EXTI15_10_IRQHandler
 .text.DMA1_Stream7_IRQHandler
                0x08001afc       0x10 Core/Src/stm32f7xx_it.o
                0x08001afc                DMA1_Stream7_IRQHandler
 .text.UART5_IRQHandler
                0x08001b0c       0x10 Core/Src/stm32f7xx_it.o
                0x08001b0c                UART5_IRQHandler
 .text.DMA2_Stream0_IRQHandler
                0x08001b1c       0x10 Core/Src/stm32f7xx_it.o
                0x08001b1c                DMA2_Stream0_IRQHandler
 .text.DMA2_Stream1_IRQHandler
                0x08001b2c       0x10 Core/Src/stm32f7xx_it.o
                0x08001b2c                DMA2_Stream1_IRQHandler
 .text.DMA2_Stream2_IRQHandler
                0x08001b3c       0x10 Core/Src/stm32f7xx_it.o
                0x08001b3c                DMA2_Stream2_IRQHandler
 .text.DMA2_Stream3_IRQHandler
                0x08001b4c       0x10 Core/Src/stm32f7xx_it.o
                0x08001b4c                DMA2_Stream3_IRQHandler
 .text.SPI4_IRQHandler
                0x08001b5c       0x10 Core/Src/stm32f7xx_it.o
                0x08001b5c                SPI4_IRQHandler
 .text.QUADSPI_IRQHandler
                0x08001b6c       0x10 Core/Src/stm32f7xx_it.o
                0x08001b6c                QUADSPI_IRQHandler
 .text.SystemInit
                0x08001b7c       0x50 Core/Src/system_stm32f7xx.o
                0x08001b7c                SystemInit
 .text.HAL_InitTick
                0x08001bcc       0x48 Drivers/STM32F7xx_HAL_Driver/Src/stm32f7xx_hal.o
                0x08001bcc                HAL_InitTick
 .text.HAL_Init
                0x08001c14       0x24 Drivers/STM32F7xx_HAL_Driver/Src/stm32f7xx_hal.o
                0x08001c14                HAL_Init
 .text.HAL_IncTick
                0x08001c38       0x18 Drivers/STM32F7xx_HAL_Driver/Src/stm32f7xx_hal.o
                0x08001c38                HAL_IncTick
 .text.HAL_GetTick
                0x08001c50        0xc Drivers/STM32F7xx_HAL_Driver/Src/stm32f7xx_hal.o
                0x08001c50                HAL_GetTick
 .text.HAL_Delay
                0x08001c5c       0x28 Drivers/STM32F7xx_HAL_Driver/Src/stm32f7xx_hal.o
                0x08001c5c                HAL_Delay
 .text.HAL_NVIC_SetPriorityGrouping
                0x08001c84       0x24 Drivers/STM32F7xx_HAL_Driver/Src/stm32f7xx_hal_cortex.o
                0x08001c84                HAL_NVIC_SetPriorityGrouping
 .text.HAL_NVIC_SetPriority
                0x08001ca8       0x64 Drivers/STM32F7xx_HAL_Driver/Src/stm32f7xx_hal_cortex.o
                0x08001ca8                HAL_NVIC_SetPriority
 .text.HAL_NVIC_EnableIRQ
                0x08001d0c       0x18 Drivers/STM32F7xx_HAL_Driver/Src/stm32f7xx_hal_cortex.o
                0x08001d0c                HAL_NVIC_EnableIRQ
 .text.HAL_SYSTICK_Config
                0x08001d24       0x2c Drivers/STM32F7xx_HAL_Driver/Src/stm32f7xx_hal_cortex.o
                0x08001d24                HAL_SYSTICK_Config
 .text.DMA_SetConfig
                0x08001d50       0x2c Drivers/STM32F7xx_HAL_Driver/Src/stm32f7xx_hal_dma.o
 .text.DMA_CalcBaseAndBitshift
                0x08001d7c       0x38 Drivers/STM32F7xx_HAL_Driver/Src/stm32f7xx_hal_dma.o
 .text.DMA_CheckFifoParam
                0x08001db4       0x8e Drivers/STM32F7xx_HAL_Driver/Src/stm32f7xx_hal_dma.o
 *fill*         0x08001e42        0x2 
 .text.HAL_DMA_Init
                0x08001e44       0xcc Drivers/STM32F7xx_HAL_Driver/Src/stm32f7xx_hal_dma.o
                0x08001e44                HAL_DMA_Init
 .text.HAL_DMA_Start_IT
                0x08001f10       0x74 Drivers/STM32F7xx_HAL_Driver/Src/stm32f7xx_hal_dma.o
                0x08001f10                HAL_DMA_Start_IT
 .text.HAL_DMA_Abort_IT
                0x08001f84       0x26 Drivers/STM32F7xx_HAL_Driver/Src/stm32f7xx_hal_dma.o
                0x08001f84                HAL_DMA_Abort_IT
 *fill*         0x08001faa        0x2 
 .text.HAL_DMA_IRQHandler
                0x08001fac      0x1dc Drivers/STM32F7xx_HAL_Driver/Src/stm32f7xx_hal_dma.o
                0x08001fac                HAL_DMA_IRQHandler
 .text.HAL_GPIO_Init
                0x08002188      0x1e0 Drivers/STM32F7xx_HAL_Driver/Src/stm32f7xx_hal_gpio.o
                0x08002188                HAL_GPIO_Init
 .text.HAL_GPIO_ReadPin
                0x08002368        0xe Drivers/STM32F7xx_HAL_Driver/Src/stm32f7xx_hal_gpio.o
                0x08002368                HAL_GPIO_ReadPin
 .text.HAL_GPIO_WritePin
                0x08002376        0xc Drivers/STM32F7xx_HAL_Driver/Src/stm32f7xx_hal_gpio.o
                0x08002376                HAL_GPIO_WritePin
 .text.HAL_GPIO_TogglePin
                0x08002382        0x8 Drivers/STM32F7xx_HAL_Driver/Src/stm32f7xx_hal_gpio.o
                0x08002382                HAL_GPIO_TogglePin
 *fill*         0x0800238a        0x2 
 .text.HAL_GPIO_EXTI_IRQHandler
                0x0800238c       0x1c Drivers/STM32F7xx_HAL_Driver/Src/stm32f7xx_hal_gpio.o
                0x0800238c                HAL_GPIO_EXTI_IRQHandler
 .text.HAL_I2C_Init
                0x080023a8       0xbc Drivers/STM32F7xx_HAL_Driver/Src/stm32f7xx_hal_i2c.o
                0x080023a8                HAL_I2C_Init
 .text.HAL_I2C_EV_IRQHandler
                0x08002464       0x10 Drivers/STM32F7xx_HAL_Driver/Src/stm32f7xx_hal_i2c.o
                0x08002464                HAL_I2C_EV_IRQHandler
 .text.HAL_I2CEx_ConfigAnalogFilter
                0x08002474       0x5c Drivers/STM32F7xx_HAL_Driver/Src/stm32f7xx_hal_i2c_ex.o
                0x08002474                HAL_I2CEx_ConfigAnalogFilter
 .text.HAL_I2CEx_ConfigDigitalFilter
                0x080024d0       0x58 Drivers/STM32F7xx_HAL_Driver/Src/stm32f7xx_hal_i2c_ex.o
                0x080024d0                HAL_I2CEx_ConfigDigitalFilter
 .text.HAL_I2CEx_EnableFastModePlus
                0x08002528       0x2c Drivers/STM32F7xx_HAL_Driver/Src/stm32f7xx_hal_i2c_ex.o
                0x08002528                HAL_I2CEx_EnableFastModePlus
 .text.HAL_PWREx_EnableOverDrive
                0x08002554       0x7c Drivers/STM32F7xx_HAL_Driver/Src/stm32f7xx_hal_pwr_ex.o
                0x08002554                HAL_PWREx_EnableOverDrive
 .text.QSPI_WaitFlagStateUntilTimeout
                0x080025d0       0x4a Drivers/STM32F7xx_HAL_Driver/Src/stm32f7xx_hal_qspi.o
 .text.HAL_QSPI_ErrorCallback
                0x0800261a        0x2 Drivers/STM32F7xx_HAL_Driver/Src/stm32f7xx_hal_qspi.o
                0x0800261a                HAL_QSPI_ErrorCallback
 .text.QSPI_DMAAbortCplt
                0x0800261c       0x3c Drivers/STM32F7xx_HAL_Driver/Src/stm32f7xx_hal_qspi.o
 .text.HAL_QSPI_AbortCpltCallback
                0x08002658        0x2 Drivers/STM32F7xx_HAL_Driver/Src/stm32f7xx_hal_qspi.o
                0x08002658                HAL_QSPI_AbortCpltCallback
 .text.HAL_QSPI_CmdCpltCallback
                0x0800265a        0x2 Drivers/STM32F7xx_HAL_Driver/Src/stm32f7xx_hal_qspi.o
                0x0800265a                HAL_QSPI_CmdCpltCallback
 .text.HAL_QSPI_RxCpltCallback
                0x0800265c        0x2 Drivers/STM32F7xx_HAL_Driver/Src/stm32f7xx_hal_qspi.o
                0x0800265c                HAL_QSPI_RxCpltCallback
 .text.HAL_QSPI_TxCpltCallback
                0x0800265e        0x2 Drivers/STM32F7xx_HAL_Driver/Src/stm32f7xx_hal_qspi.o
                0x0800265e                HAL_QSPI_TxCpltCallback
 .text.HAL_QSPI_FifoThresholdCallback
                0x08002660        0x2 Drivers/STM32F7xx_HAL_Driver/Src/stm32f7xx_hal_qspi.o
                0x08002660                HAL_QSPI_FifoThresholdCallback
 .text.HAL_QSPI_StatusMatchCallback
                0x08002662        0x2 Drivers/STM32F7xx_HAL_Driver/Src/stm32f7xx_hal_qspi.o
                0x08002662                HAL_QSPI_StatusMatchCallback
 .text.HAL_QSPI_TimeOutCallback
                0x08002664        0x2 Drivers/STM32F7xx_HAL_Driver/Src/stm32f7xx_hal_qspi.o
                0x08002664                HAL_QSPI_TimeOutCallback
 *fill*         0x08002666        0x2 
 .text.HAL_QSPI_IRQHandler
                0x08002668      0x200 Drivers/STM32F7xx_HAL_Driver/Src/stm32f7xx_hal_qspi.o
                0x08002668                HAL_QSPI_IRQHandler
 .text.HAL_QSPI_SetTimeout
                0x08002868        0x4 Drivers/STM32F7xx_HAL_Driver/Src/stm32f7xx_hal_qspi.o
                0x08002868                HAL_QSPI_SetTimeout
 .text.HAL_QSPI_Init
                0x0800286c       0xc8 Drivers/STM32F7xx_HAL_Driver/Src/stm32f7xx_hal_qspi.o
                0x0800286c                HAL_QSPI_Init
 .text.HAL_RCC_OscConfig
                0x08002934      0x3d4 Drivers/STM32F7xx_HAL_Driver/Src/stm32f7xx_hal_rcc.o
                0x08002934                HAL_RCC_OscConfig
 .text.HAL_RCC_GetSysClockFreq
                0x08002d08       0xd8 Drivers/STM32F7xx_HAL_Driver/Src/stm32f7xx_hal_rcc.o
                0x08002d08                HAL_RCC_GetSysClockFreq
 .text.HAL_RCC_ClockConfig
                0x08002de0      0x164 Drivers/STM32F7xx_HAL_Driver/Src/stm32f7xx_hal_rcc.o
                0x08002de0                HAL_RCC_ClockConfig
 .text.HAL_RCC_GetHCLKFreq
                0x08002f44        0xc Drivers/STM32F7xx_HAL_Driver/Src/stm32f7xx_hal_rcc.o
                0x08002f44                HAL_RCC_GetHCLKFreq
 .text.HAL_RCC_GetPCLK1Freq
                0x08002f50       0x20 Drivers/STM32F7xx_HAL_Driver/Src/stm32f7xx_hal_rcc.o
                0x08002f50                HAL_RCC_GetPCLK1Freq
 .text.HAL_RCC_GetPCLK2Freq
                0x08002f70       0x20 Drivers/STM32F7xx_HAL_Driver/Src/stm32f7xx_hal_rcc.o
                0x08002f70                HAL_RCC_GetPCLK2Freq
 .text.HAL_RCCEx_PeriphCLKConfig
                0x08002f90      0x604 Drivers/STM32F7xx_HAL_Driver/Src/stm32f7xx_hal_rcc_ex.o
                0x08002f90                HAL_RCCEx_PeriphCLKConfig
 .text.SPI_WaitFlagStateUntilTimeout
                0x08003594       0x8a Drivers/STM32F7xx_HAL_Driver/Src/stm32f7xx_hal_spi.o
 .text.SPI_WaitFifoStateUntilTimeout
                0x0800361e       0xa8 Drivers/STM32F7xx_HAL_Driver/Src/stm32f7xx_hal_spi.o
 .text.SPI_EndRxTxTransaction
                0x080036c6       0x66 Drivers/STM32F7xx_HAL_Driver/Src/stm32f7xx_hal_spi.o
 .text.SPI_EndRxTransaction
                0x0800372c       0x88 Drivers/STM32F7xx_HAL_Driver/Src/stm32f7xx_hal_spi.o
 .text.HAL_SPI_Init
                0x080037b4       0xba Drivers/STM32F7xx_HAL_Driver/Src/stm32f7xx_hal_spi.o
                0x080037b4                HAL_SPI_Init
 .text.HAL_SPI_TransmitReceive
                0x0800386e      0x29c Drivers/STM32F7xx_HAL_Driver/Src/stm32f7xx_hal_spi.o
                0x0800386e                HAL_SPI_TransmitReceive
 *fill*         0x08003b0a        0x2 
 .text.HAL_SPI_TransmitReceive_DMA
                0x08003b0c      0x1e4 Drivers/STM32F7xx_HAL_Driver/Src/stm32f7xx_hal_spi.o
                0x08003b0c                HAL_SPI_TransmitReceive_DMA
 .text.HAL_SPI_RxCpltCallback
                0x08003cf0        0x2 Drivers/STM32F7xx_HAL_Driver/Src/stm32f7xx_hal_spi.o
                0x08003cf0                HAL_SPI_RxCpltCallback
 .text.HAL_SPI_RxHalfCpltCallback
                0x08003cf2        0x2 Drivers/STM32F7xx_HAL_Driver/Src/stm32f7xx_hal_spi.o
                0x08003cf2                HAL_SPI_RxHalfCpltCallback
 .text.SPI_DMAHalfReceiveCplt
                0x08003cf4        0xa Drivers/STM32F7xx_HAL_Driver/Src/stm32f7xx_hal_spi.o
 .text.HAL_SPI_TxRxHalfCpltCallback
                0x08003cfe        0x2 Drivers/STM32F7xx_HAL_Driver/Src/stm32f7xx_hal_spi.o
                0x08003cfe                HAL_SPI_TxRxHalfCpltCallback
 .text.SPI_DMAHalfTransmitReceiveCplt
                0x08003d00        0xa Drivers/STM32F7xx_HAL_Driver/Src/stm32f7xx_hal_spi.o
 .text.HAL_SPI_ErrorCallback
                0x08003d0a        0x2 Drivers/STM32F7xx_HAL_Driver/Src/stm32f7xx_hal_spi.o
                0x08003d0a                HAL_SPI_ErrorCallback
 .text.SPI_DMAError
                0x08003d0c       0x22 Drivers/STM32F7xx_HAL_Driver/Src/stm32f7xx_hal_spi.o
 .text.SPI_DMAReceiveCplt
                0x08003d2e       0x58 Drivers/STM32F7xx_HAL_Driver/Src/stm32f7xx_hal_spi.o
 .text.SPI_DMATransmitReceiveCplt
                0x08003d86       0x5e Drivers/STM32F7xx_HAL_Driver/Src/stm32f7xx_hal_spi.o
 .text.HAL_SPI_IRQHandler
                0x08003de4      0x108 Drivers/STM32F7xx_HAL_Driver/Src/stm32f7xx_hal_spi.o
                0x08003de4                HAL_SPI_IRQHandler
 .text.SPI_DMAAbortOnError
                0x08003eec       0x12 Drivers/STM32F7xx_HAL_Driver/Src/stm32f7xx_hal_spi.o
 .text.TIM_TI1_ConfigInputStage
                0x08003efe       0x26 Drivers/STM32F7xx_HAL_Driver/Src/stm32f7xx_hal_tim.o
 .text.TIM_TI2_ConfigInputStage
                0x08003f24       0x28 Drivers/STM32F7xx_HAL_Driver/Src/stm32f7xx_hal_tim.o
 .text.TIM_ITRx_SetConfig
                0x08003f4c       0x10 Drivers/STM32F7xx_HAL_Driver/Src/stm32f7xx_hal_tim.o
 .text.TIM_Base_SetConfig
                0x08003f5c      0x10c Drivers/STM32F7xx_HAL_Driver/Src/stm32f7xx_hal_tim.o
                0x08003f5c                TIM_Base_SetConfig
 .text.HAL_TIM_Base_Init
                0x08004068       0x32 Drivers/STM32F7xx_HAL_Driver/Src/stm32f7xx_hal_tim.o
                0x08004068                HAL_TIM_Base_Init
 .text.HAL_TIM_PWM_Init
                0x0800409a       0x32 Drivers/STM32F7xx_HAL_Driver/Src/stm32f7xx_hal_tim.o
                0x0800409a                HAL_TIM_PWM_Init
 .text.HAL_TIM_Encoder_Init
                0x080040cc       0x9c Drivers/STM32F7xx_HAL_Driver/Src/stm32f7xx_hal_tim.o
                0x080040cc                HAL_TIM_Encoder_Init
 .text.TIM_OC1_SetConfig
                0x08004168       0x60 Drivers/STM32F7xx_HAL_Driver/Src/stm32f7xx_hal_tim.o
                0x08004168                TIM_OC1_SetConfig
 .text.TIM_OC2_SetConfig
                0x080041c8       0x68 Drivers/STM32F7xx_HAL_Driver/Src/stm32f7xx_hal_tim.o
                0x080041c8                TIM_OC2_SetConfig
 .text.TIM_OC3_SetConfig
                0x08004230       0x68 Drivers/STM32F7xx_HAL_Driver/Src/stm32f7xx_hal_tim.o
                0x08004230                TIM_OC3_SetConfig
 .text.TIM_OC4_SetConfig
                0x08004298       0x54 Drivers/STM32F7xx_HAL_Driver/Src/stm32f7xx_hal_tim.o
                0x08004298                TIM_OC4_SetConfig
 .text.TIM_ETR_SetConfig
                0x080042ec       0x18 Drivers/STM32F7xx_HAL_Driver/Src/stm32f7xx_hal_tim.o
                0x080042ec                TIM_ETR_SetConfig
 .text.HAL_TIM_ConfigClockSource
                0x08004304      0x114 Drivers/STM32F7xx_HAL_Driver/Src/stm32f7xx_hal_tim.o
                0x08004304                HAL_TIM_ConfigClockSource
 .text.TIM_OC5_SetConfig
                0x08004418       0x54 Drivers/STM32F7xx_HAL_Driver/Src/stm32f7xx_hal_tim_ex.o
 .text.TIM_OC6_SetConfig
                0x0800446c       0x54 Drivers/STM32F7xx_HAL_Driver/Src/stm32f7xx_hal_tim_ex.o
 .text.HAL_TIMEx_MasterConfigSynchronization
                0x080044c0       0x58 Drivers/STM32F7xx_HAL_Driver/Src/stm32f7xx_hal_tim_ex.o
                0x080044c0                HAL_TIMEx_MasterConfigSynchronization
 .text.HAL_TIMEx_ConfigBreakDeadTime
                0x08004518       0x94 Drivers/STM32F7xx_HAL_Driver/Src/stm32f7xx_hal_tim_ex.o
                0x08004518                HAL_TIMEx_ConfigBreakDeadTime
 .text.HAL_TIM_PWM_ConfigChannel
                0x080045ac      0x134 Drivers/STM32F7xx_HAL_Driver/Src/stm32f7xx_hal_tim_ex.o
                0x080045ac                HAL_TIM_PWM_ConfigChannel
 .text.UART_Transmit_IT
                0x080046e0       0x6c Drivers/STM32F7xx_HAL_Driver/Src/stm32f7xx_hal_uart.o
 .text.UART_EndTxTransfer
                0x0800474c       0x12 Drivers/STM32F7xx_HAL_Driver/Src/stm32f7xx_hal_uart.o
 .text.UART_EndRxTransfer
                0x0800475e       0x1c Drivers/STM32F7xx_HAL_Driver/Src/stm32f7xx_hal_uart.o
 .text.HAL_UART_Receive_IT
                0x0800477a       0xb2 Drivers/STM32F7xx_HAL_Driver/Src/stm32f7xx_hal_uart.o
                0x0800477a                HAL_UART_Receive_IT
 .text.HAL_UART_Transmit_DMA
                0x0800482c       0x90 Drivers/STM32F7xx_HAL_Driver/Src/stm32f7xx_hal_uart.o
                0x0800482c                HAL_UART_Transmit_DMA
 .text.UART_WaitOnFlagUntilTimeout
                0x080048bc       0x62 Drivers/STM32F7xx_HAL_Driver/Src/stm32f7xx_hal_uart.o
                0x080048bc                UART_WaitOnFlagUntilTimeout
 .text.HAL_UART_TxCpltCallback
                0x0800491e        0x2 Drivers/STM32F7xx_HAL_Driver/Src/stm32f7xx_hal_uart.o
                0x0800491e                HAL_UART_TxCpltCallback
 .text.UART_DMATransmitCplt
                0x08004920       0x32 Drivers/STM32F7xx_HAL_Driver/Src/stm32f7xx_hal_uart.o
 .text.UART_EndTransmit_IT
                0x08004952       0x1a Drivers/STM32F7xx_HAL_Driver/Src/stm32f7xx_hal_uart.o
 .text.HAL_UART_TxHalfCpltCallback
                0x0800496c        0x2 Drivers/STM32F7xx_HAL_Driver/Src/stm32f7xx_hal_uart.o
                0x0800496c                HAL_UART_TxHalfCpltCallback
 .text.UART_DMATxHalfCplt
                0x0800496e        0xa Drivers/STM32F7xx_HAL_Driver/Src/stm32f7xx_hal_uart.o
 .text.HAL_UART_RxCpltCallback
                0x08004978        0x2 Drivers/STM32F7xx_HAL_Driver/Src/stm32f7xx_hal_uart.o
                0x08004978                HAL_UART_RxCpltCallback
 .text.UART_Receive_IT
                0x0800497a       0x82 Drivers/STM32F7xx_HAL_Driver/Src/stm32f7xx_hal_uart.o
 .text.HAL_UART_ErrorCallback
                0x080049fc        0x2 Drivers/STM32F7xx_HAL_Driver/Src/stm32f7xx_hal_uart.o
                0x080049fc                HAL_UART_ErrorCallback
 .text.UART_DMAError
                0x080049fe       0x56 Drivers/STM32F7xx_HAL_Driver/Src/stm32f7xx_hal_uart.o
 .text.HAL_UART_IRQHandler
                0x08004a54      0x138 Drivers/STM32F7xx_HAL_Driver/Src/stm32f7xx_hal_uart.o
                0x08004a54                HAL_UART_IRQHandler
 .text.UART_DMAAbortOnError
                0x08004b8c       0x14 Drivers/STM32F7xx_HAL_Driver/Src/stm32f7xx_hal_uart.o
 .text.UART_SetConfig
                0x08004ba0      0x35c Drivers/STM32F7xx_HAL_Driver/Src/stm32f7xx_hal_uart.o
                0x08004ba0                UART_SetConfig
 .text.UART_AdvFeatureConfig
                0x08004efc       0xca Drivers/STM32F7xx_HAL_Driver/Src/stm32f7xx_hal_uart.o
                0x08004efc                UART_AdvFeatureConfig
 .text.UART_CheckIdleState
                0x08004fc6       0x48 Drivers/STM32F7xx_HAL_Driver/Src/stm32f7xx_hal_uart.o
                0x08004fc6                UART_CheckIdleState
 .text.HAL_UART_Init
                0x0800500e       0x66 Drivers/STM32F7xx_HAL_Driver/Src/stm32f7xx_hal_uart.o
                0x0800500e                HAL_UART_Init
 .text.Putty_HexOut
                0x08005074       0x30 Lib/PuTTY.o
 .text.Putty_TextOut
                0x080050a4       0x12 Lib/PuTTY.o
 *fill*         0x080050b6        0x2 
 .text.Putty_printf
                0x080050b8       0x30 Lib/PuTTY.o
                0x080050b8                Putty_printf
 .text.Putty_Init
                0x080050e8       0x34 Lib/PuTTY.o
                0x080050e8                Putty_Init
 .text.SendData
                0x0800511c       0xfe Lib/SX1280/SX1280.o
                0x0800511c                SendData
 .text.setStandby
                0x0800521a       0x1e Lib/SX1280/SX1280.o
                0x0800521a                setStandby
 .text.SX1280WakeUp
                0x08005238       0xba Lib/SX1280/SX1280.o
                0x08005238                SX1280WakeUp
 .text.setFS    0x080052f2       0x18 Lib/SX1280/SX1280.o
                0x080052f2                setFS
 .text.setAutoFS
                0x0800530a       0x1e Lib/SX1280/SX1280.o
                0x0800530a                setAutoFS
 .text.setRFFrequency
                0x08005328       0x48 Lib/SX1280/SX1280.o
                0x08005328                setRFFrequency
 .text.setChannel
                0x08005370       0x30 Lib/SX1280/SX1280.o
                0x08005370                setChannel
 .text.setPacketType
                0x080053a0       0x1e Lib/SX1280/SX1280.o
                0x080053a0                setPacketType
 .text.setTXParam
                0x080053be       0x22 Lib/SX1280/SX1280.o
                0x080053be                setTXParam
 .text.setBufferBase
                0x080053e0       0x22 Lib/SX1280/SX1280.o
                0x080053e0                setBufferBase
 .text.setModulationParam
                0x08005402       0x28 Lib/SX1280/SX1280.o
                0x08005402                setModulationParam
 .text.setPacketParam
                0x0800542a       0x2e Lib/SX1280/SX1280.o
                0x0800542a                setPacketParam
 .text.getRXBufferStatus
                0x08005458       0x32 Lib/SX1280/SX1280.o
                0x08005458                getRXBufferStatus
 .text.getPacketStatus
                0x0800548a       0x36 Lib/SX1280/SX1280.o
                0x0800548a                getPacketStatus
 .text.setDIOIRQParams
                0x080054c0       0x54 Lib/SX1280/SX1280.o
                0x080054c0                setDIOIRQParams
 .text.getIRQ   0x08005514       0x64 Lib/SX1280/SX1280.o
                0x08005514                getIRQ
 .text.clearIRQ
                0x08005578       0x24 Lib/SX1280/SX1280.o
                0x08005578                clearIRQ
 .text.setRX    0x0800559c       0x38 Lib/SX1280/SX1280.o
                0x0800559c                setRX
 .text.writeRegister
                0x080055d4       0x34 Lib/SX1280/SX1280.o
                0x080055d4                writeRegister
 .text.readRegister
                0x08005608       0x40 Lib/SX1280/SX1280.o
                0x08005608                readRegister
 .text.modifyRegister
                0x08005648       0x36 Lib/SX1280/SX1280.o
                0x08005648                modifyRegister
 .text.SendData_DMA
                0x0800567e       0x5e Lib/SX1280/SX1280.o
                0x0800567e                SendData_DMA
 .text.readBuffer
                0x080056dc       0x32 Lib/SX1280/SX1280.o
                0x080056dc                readBuffer
 .text.DMA_Callback
                0x0800570e       0x2e Lib/SX1280/SX1280.o
                0x0800570e                DMA_Callback
 .text.setSyncSensitivity
                0x0800573c       0x22 Lib/SX1280/SX1280.o
                0x0800573c                setSyncSensitivity
 .text.setSyncWords
                0x0800575e       0x66 Lib/SX1280/SX1280.o
                0x0800575e                setSyncWords
 .text.setSyncWordTolerance
                0x080057c4       0x12 Lib/SX1280/SX1280.o
                0x080057c4                setSyncWordTolerance
 .text.SX1280Setup
                0x080057d6       0x5a Lib/SX1280/SX1280.o
                0x080057d6                SX1280Setup
 .text.Reset_Handler
                0x08005830       0x50 startup/startup_stm32f767xx.o
                0x08005830                Reset_Handler
 .text.Default_Handler
                0x08005880        0x2 startup/startup_stm32f767xx.o
                0x08005880                RTC_Alarm_IRQHandler
                0x08005880                EXTI2_IRQHandler
                0x08005880                TIM8_CC_IRQHandler
                0x08005880                UART8_IRQHandler
                0x08005880                TIM1_CC_IRQHandler
                0x08005880                DMA2_Stream5_IRQHandler
                0x08005880                JPEG_IRQHandler
                0x08005880                DMA1_Stream5_IRQHandler
                0x08005880                CAN3_RX1_IRQHandler
                0x08005880                PVD_IRQHandler
                0x08005880                TAMP_STAMP_IRQHandler
                0x08005880                CAN2_RX1_IRQHandler
                0x08005880                EXTI3_IRQHandler
                0x08005880                TIM8_TRG_COM_TIM14_IRQHandler
                0x08005880                DFSDM1_FLT1_IRQHandler
                0x08005880                TIM1_UP_TIM10_IRQHandler
                0x08005880                TIM8_UP_TIM13_IRQHandler
                0x08005880                I2C3_ER_IRQHandler
                0x08005880                DFSDM1_FLT2_IRQHandler
                0x08005880                EXTI0_IRQHandler
                0x08005880                I2C2_EV_IRQHandler
                0x08005880                DMA1_Stream2_IRQHandler
                0x08005880                CAN1_RX0_IRQHandler
                0x08005880                FPU_IRQHandler
                0x08005880                OTG_HS_WKUP_IRQHandler
                0x08005880                CAN3_SCE_IRQHandler
                0x08005880                LTDC_ER_IRQHandler
                0x08005880                CAN2_SCE_IRQHandler
                0x08005880                TIM6_DAC_IRQHandler
                0x08005880                TIM1_BRK_TIM9_IRQHandler
                0x08005880                DCMI_IRQHandler
                0x08005880                CAN2_RX0_IRQHandler
                0x08005880                SAI2_IRQHandler
                0x08005880                DFSDM1_FLT3_IRQHandler
                0x08005880                USART6_IRQHandler
                0x08005880                CAN3_RX0_IRQHandler
                0x08005880                USART3_IRQHandler
                0x08005880                CAN1_RX1_IRQHandler
                0x08005880                TIM4_IRQHandler
                0x08005880                DMA1_Stream6_IRQHandler
                0x08005880                DMA1_Stream1_IRQHandler
                0x08005880                UART4_IRQHandler
                0x08005880                TIM3_IRQHandler
                0x08005880                RCC_IRQHandler
                0x08005880                TIM8_BRK_TIM12_IRQHandler
                0x08005880                Default_Handler
                0x08005880                CEC_IRQHandler
                0x08005880                ADC_IRQHandler
                0x08005880                SPI5_IRQHandler
                0x08005880                TIM7_IRQHandler
                0x08005880                SDMMC1_IRQHandler
                0x08005880                CAN2_TX_IRQHandler
                0x08005880                TIM5_IRQHandler
                0x08005880                DMA2_Stream7_IRQHandler
                0x08005880                I2C3_EV_IRQHandler
                0x08005880                RTC_WKUP_IRQHandler
                0x08005880                LTDC_IRQHandler
                0x08005880                ETH_WKUP_IRQHandler
                0x08005880                SPDIF_RX_IRQHandler
                0x08005880                SPI2_IRQHandler
                0x08005880                OTG_HS_EP1_IN_IRQHandler
                0x08005880                CAN1_TX_IRQHandler
                0x08005880                EXTI4_IRQHandler
                0x08005880                RNG_IRQHandler
                0x08005880                ETH_IRQHandler
                0x08005880                OTG_HS_EP1_OUT_IRQHandler
                0x08005880                WWDG_IRQHandler
                0x08005880                SPI6_IRQHandler
                0x08005880                MDIOS_IRQHandler
                0x08005880                I2C4_EV_IRQHandler
                0x08005880                CAN3_TX_IRQHandler
                0x08005880                TIM2_IRQHandler
                0x08005880                OTG_FS_WKUP_IRQHandler
                0x08005880                TIM1_TRG_COM_TIM11_IRQHandler
                0x08005880                OTG_HS_IRQHandler
                0x08005880                DMA2D_IRQHandler
                0x08005880                EXTI1_IRQHandler
                0x08005880                SDMMC2_IRQHandler
                0x08005880                UART7_IRQHandler
                0x08005880                USART2_IRQHandler
                0x08005880                DFSDM1_FLT0_IRQHandler
                0x08005880                I2C2_ER_IRQHandler
                0x08005880                CAN1_SCE_IRQHandler
                0x08005880                FLASH_IRQHandler
                0x08005880                DMA2_Stream4_IRQHandler
                0x08005880                USART1_IRQHandler
                0x08005880                OTG_FS_IRQHandler
                0x08005880                SPI3_IRQHandler
                0x08005880                DMA1_Stream4_IRQHandler
                0x08005880                I2C1_ER_IRQHandler
                0x08005880                FMC_IRQHandler
                0x08005880                LPTIM1_IRQHandler
                0x08005880                I2C4_ER_IRQHandler
                0x08005880                DMA2_Stream6_IRQHandler
                0x08005880                SAI1_IRQHandler
                0x08005880                DMA1_Stream3_IRQHandler
 *fill*         0x08005882        0x2 
 .text.__libc_init_array
                0x08005884       0x48 c:/ac6/systemworkbench/plugins/fr.ac6.mcu.externaltools.arm-none.win32_1.16.0.201807130628/tools/compiler/bin/../lib/gcc/arm-none-eabi/7.2.1/../../../../arm-none-eabi/lib/thumb/v7e-m/fpv5/hard\libc_nano.a(lib_a-init.o)
                0x08005884                __libc_init_array
 .text.__itoa   0x080058cc       0x30 c:/ac6/systemworkbench/plugins/fr.ac6.mcu.externaltools.arm-none.win32_1.16.0.201807130628/tools/compiler/bin/../lib/gcc/arm-none-eabi/7.2.1/../../../../arm-none-eabi/lib/thumb/v7e-m/fpv5/hard\libc_nano.a(lib_a-itoa.o)
                0x080058cc                __itoa
 .text.itoa     0x080058fc        0x4 c:/ac6/systemworkbench/plugins/fr.ac6.mcu.externaltools.arm-none.win32_1.16.0.201807130628/tools/compiler/bin/../lib/gcc/arm-none-eabi/7.2.1/../../../../arm-none-eabi/lib/thumb/v7e-m/fpv5/hard\libc_nano.a(lib_a-itoa.o)
                0x080058fc                itoa
 .text.memcpy   0x08005900       0x16 c:/ac6/systemworkbench/plugins/fr.ac6.mcu.externaltools.arm-none.win32_1.16.0.201807130628/tools/compiler/bin/../lib/gcc/arm-none-eabi/7.2.1/../../../../arm-none-eabi/lib/thumb/v7e-m/fpv5/hard\libc_nano.a(lib_a-memcpy-stub.o)
                0x08005900                memcpy
 .text.memset   0x08005916       0x10 c:/ac6/systemworkbench/plugins/fr.ac6.mcu.externaltools.arm-none.win32_1.16.0.201807130628/tools/compiler/bin/../lib/gcc/arm-none-eabi/7.2.1/../../../../arm-none-eabi/lib/thumb/v7e-m/fpv5/hard\libc_nano.a(lib_a-memset.o)
                0x08005916                memset
 *fill*         0x08005926        0x2 
 .text._free_r  0x08005928       0x9c c:/ac6/systemworkbench/plugins/fr.ac6.mcu.externaltools.arm-none.win32_1.16.0.201807130628/tools/compiler/bin/../lib/gcc/arm-none-eabi/7.2.1/../../../../arm-none-eabi/lib/thumb/v7e-m/fpv5/hard\libc_nano.a(lib_a-nano-freer.o)
                0x08005928                _free_r
 .text._malloc_r
                0x080059c4       0xb4 c:/ac6/systemworkbench/plugins/fr.ac6.mcu.externaltools.arm-none.win32_1.16.0.201807130628/tools/compiler/bin/../lib/gcc/arm-none-eabi/7.2.1/../../../../arm-none-eabi/lib/thumb/v7e-m/fpv5/hard\libc_nano.a(lib_a-nano-mallocr.o)
                0x080059c4                _malloc_r
 .text._sbrk_r  0x08005a78       0x20 c:/ac6/systemworkbench/plugins/fr.ac6.mcu.externaltools.arm-none.win32_1.16.0.201807130628/tools/compiler/bin/../lib/gcc/arm-none-eabi/7.2.1/../../../../arm-none-eabi/lib/thumb/v7e-m/fpv5/hard\libc_nano.a(lib_a-sbrkr.o)
                0x08005a78                _sbrk_r
 .text.sprintf  0x08005a98       0x40 c:/ac6/systemworkbench/plugins/fr.ac6.mcu.externaltools.arm-none.win32_1.16.0.201807130628/tools/compiler/bin/../lib/gcc/arm-none-eabi/7.2.1/../../../../arm-none-eabi/lib/thumb/v7e-m/fpv5/hard\libc_nano.a(lib_a-sprintf.o)
                0x08005a98                siprintf
                0x08005a98                sprintf
 .text.__utoa   0x08005ad8       0x7c c:/ac6/systemworkbench/plugins/fr.ac6.mcu.externaltools.arm-none.win32_1.16.0.201807130628/tools/compiler/bin/../lib/gcc/arm-none-eabi/7.2.1/../../../../arm-none-eabi/lib/thumb/v7e-m/fpv5/hard\libc_nano.a(lib_a-utoa.o)
                0x08005ad8                __utoa
 .text._vsprintf_r
                0x08005b54       0x2c c:/ac6/systemworkbench/plugins/fr.ac6.mcu.externaltools.arm-none.win32_1.16.0.201807130628/tools/compiler/bin/../lib/gcc/arm-none-eabi/7.2.1/../../../../arm-none-eabi/lib/thumb/v7e-m/fpv5/hard\libc_nano.a(lib_a-vsprintf.o)
                0x08005b54                _vsprintf_r
                0x08005b54                _vsiprintf_r
 .text.vsprintf
                0x08005b80       0x14 c:/ac6/systemworkbench/plugins/fr.ac6.mcu.externaltools.arm-none.win32_1.16.0.201807130628/tools/compiler/bin/../lib/gcc/arm-none-eabi/7.2.1/../../../../arm-none-eabi/lib/thumb/v7e-m/fpv5/hard\libc_nano.a(lib_a-vsprintf.o)
                0x08005b80                vsiprintf
                0x08005b80                vsprintf
 .text.__malloc_lock
                0x08005b94        0x2 c:/ac6/systemworkbench/plugins/fr.ac6.mcu.externaltools.arm-none.win32_1.16.0.201807130628/tools/compiler/bin/../lib/gcc/arm-none-eabi/7.2.1/../../../../arm-none-eabi/lib/thumb/v7e-m/fpv5/hard\libc_nano.a(lib_a-mlock.o)
                0x08005b94                __malloc_lock
 .text.__malloc_unlock
                0x08005b96        0x2 c:/ac6/systemworkbench/plugins/fr.ac6.mcu.externaltools.arm-none.win32_1.16.0.201807130628/tools/compiler/bin/../lib/gcc/arm-none-eabi/7.2.1/../../../../arm-none-eabi/lib/thumb/v7e-m/fpv5/hard\libc_nano.a(lib_a-mlock.o)
                0x08005b96                __malloc_unlock
 .text.__ssputs_r
                0x08005b98       0xb4 c:/ac6/systemworkbench/plugins/fr.ac6.mcu.externaltools.arm-none.win32_1.16.0.201807130628/tools/compiler/bin/../lib/gcc/arm-none-eabi/7.2.1/../../../../arm-none-eabi/lib/thumb/v7e-m/fpv5/hard\libc_nano.a(lib_a-nano-svfprintf.o)
                0x08005b98                __ssputs_r
 .text._svfprintf_r
                0x08005c4c      0x1ec c:/ac6/systemworkbench/plugins/fr.ac6.mcu.externaltools.arm-none.win32_1.16.0.201807130628/tools/compiler/bin/../lib/gcc/arm-none-eabi/7.2.1/../../../../arm-none-eabi/lib/thumb/v7e-m/fpv5/hard\libc_nano.a(lib_a-nano-svfprintf.o)
                0x08005c4c                _svfiprintf_r
                0x08005c4c                _svfprintf_r
 .text._printf_common
                0x08005e38       0xea c:/ac6/systemworkbench/plugins/fr.ac6.mcu.externaltools.arm-none.win32_1.16.0.201807130628/tools/compiler/bin/../lib/gcc/arm-none-eabi/7.2.1/../../../../arm-none-eabi/lib/thumb/v7e-m/fpv5/hard\libc_nano.a(lib_a-nano-vfprintf_i.o)
                0x08005e38                _printf_common
 *fill*         0x08005f22        0x2 
 .text._printf_i
                0x08005f24      0x224 c:/ac6/systemworkbench/plugins/fr.ac6.mcu.externaltools.arm-none.win32_1.16.0.201807130628/tools/compiler/bin/../lib/gcc/arm-none-eabi/7.2.1/../../../../arm-none-eabi/lib/thumb/v7e-m/fpv5/hard\libc_nano.a(lib_a-nano-vfprintf_i.o)
                0x08005f24                _printf_i
 .text.memmove  0x08006148       0x32 c:/ac6/systemworkbench/plugins/fr.ac6.mcu.externaltools.arm-none.win32_1.16.0.201807130628/tools/compiler/bin/../lib/gcc/arm-none-eabi/7.2.1/../../../../arm-none-eabi/lib/thumb/v7e-m/fpv5/hard\libc_nano.a(lib_a-memmove.o)
                0x08006148                memmove
 .text._realloc_r
                0x0800617a       0x4c c:/ac6/systemworkbench/plugins/fr.ac6.mcu.externaltools.arm-none.win32_1.16.0.201807130628/tools/compiler/bin/../lib/gcc/arm-none-eabi/7.2.1/../../../../arm-none-eabi/lib/thumb/v7e-m/fpv5/hard\libc_nano.a(lib_a-nano-reallocr.o)
                0x0800617a                _realloc_r
 .text._malloc_usable_size_r
                0x080061c6       0x10 c:/ac6/systemworkbench/plugins/fr.ac6.mcu.externaltools.arm-none.win32_1.16.0.201807130628/tools/compiler/bin/../lib/gcc/arm-none-eabi/7.2.1/../../../../arm-none-eabi/lib/thumb/v7e-m/fpv5/hard\libc_nano.a(lib_a-nano-msizer.o)
                0x080061c6                _malloc_usable_size_r
 *fill*         0x080061d6        0x2 
 .text._sbrk    0x080061d8       0x1c c:/ac6/systemworkbench/plugins/fr.ac6.mcu.externaltools.arm-none.win32_1.16.0.201807130628/tools/compiler/bin/../lib/gcc/arm-none-eabi/7.2.1/../../../../arm-none-eabi/lib/thumb/v7e-m/fpv5/hard\libnosys.a(sbrk.o)
                0x080061d8                _sbrk
 *(.glue_7)
 .glue_7        0x080061f4        0x0 linker stubs
 *(.glue_7t)
 .glue_7t       0x080061f4        0x0 linker stubs
 *(.eh_frame)
 .eh_frame      0x080061f4        0x0 c:/ac6/systemworkbench/plugins/fr.ac6.mcu.externaltools.arm-none.win32_1.16.0.201807130628/tools/compiler/bin/../lib/gcc/arm-none-eabi/7.2.1/thumb/v7e-m/fpv5/hard/crtbegin.o
 *(.init)
 .init          0x080061f4        0x4 c:/ac6/systemworkbench/plugins/fr.ac6.mcu.externaltools.arm-none.win32_1.16.0.201807130628/tools/compiler/bin/../lib/gcc/arm-none-eabi/7.2.1/thumb/v7e-m/fpv5/hard/crti.o
                0x080061f4                _init
 .init          0x080061f8        0x8 c:/ac6/systemworkbench/plugins/fr.ac6.mcu.externaltools.arm-none.win32_1.16.0.201807130628/tools/compiler/bin/../lib/gcc/arm-none-eabi/7.2.1/thumb/v7e-m/fpv5/hard/crtn.o
 *(.fini)
 .fini          0x08006200        0x4 c:/ac6/systemworkbench/plugins/fr.ac6.mcu.externaltools.arm-none.win32_1.16.0.201807130628/tools/compiler/bin/../lib/gcc/arm-none-eabi/7.2.1/thumb/v7e-m/fpv5/hard/crti.o
                0x08006200                _fini
 .fini          0x08006204        0x8 c:/ac6/systemworkbench/plugins/fr.ac6.mcu.externaltools.arm-none.win32_1.16.0.201807130628/tools/compiler/bin/../lib/gcc/arm-none-eabi/7.2.1/thumb/v7e-m/fpv5/hard/crtn.o
                0x0800620c                . = ALIGN (0x4)
                0x0800620c                _etext = .

.vfp11_veneer   0x0800620c        0x0
 .vfp11_veneer  0x0800620c        0x0 linker stubs

.v4_bx          0x0800620c        0x0
 .v4_bx         0x0800620c        0x0 linker stubs

.iplt           0x0800620c        0x0
 .iplt          0x0800620c        0x0 c:/ac6/systemworkbench/plugins/fr.ac6.mcu.externaltools.arm-none.win32_1.16.0.201807130628/tools/compiler/bin/../lib/gcc/arm-none-eabi/7.2.1/thumb/v7e-m/fpv5/hard/crtbegin.o

.rodata         0x0800620c      0x190
                0x0800620c                . = ALIGN (0x4)
 *(.rodata)
 .rodata        0x0800620c       0x18 Core/Src/system_stm32f7xx.o
                0x0800620c                AHBPrescTable
                0x0800621c                APBPrescTable
 .rodata        0x08006224        0x8 Drivers/STM32F7xx_HAL_Driver/Src/stm32f7xx_hal_dma.o
 *(.rodata*)
 .rodata.str1.4
                0x0800622c       0x63 Core/Src/Wireless.o
                                 0x67 (size before relaxing)
 *fill*         0x0800628f        0x1 
 .rodata.str1.4
                0x08006290       0x4b Lib/PuTTY.o
                                 0x57 (size before relaxing)
 *fill*         0x080062db        0x1 
 .rodata.str1.4
                0x080062dc       0x68 Lib/SX1280/SX1280.o
                                 0x6b (size before relaxing)
 .rodata.__utoa.str1.1
                0x08006344       0x25 c:/ac6/systemworkbench/plugins/fr.ac6.mcu.externaltools.arm-none.win32_1.16.0.201807130628/tools/compiler/bin/../lib/gcc/arm-none-eabi/7.2.1/../../../../arm-none-eabi/lib/thumb/v7e-m/fpv5/hard\libc_nano.a(lib_a-utoa.o)
 .rodata._svfprintf_r.str1.1
                0x08006369       0x11 c:/ac6/systemworkbench/plugins/fr.ac6.mcu.externaltools.arm-none.win32_1.16.0.201807130628/tools/compiler/bin/../lib/gcc/arm-none-eabi/7.2.1/../../../../arm-none-eabi/lib/thumb/v7e-m/fpv5/hard\libc_nano.a(lib_a-nano-svfprintf.o)
 .rodata._printf_i.str1.1
                0x0800637a       0x22 c:/ac6/systemworkbench/plugins/fr.ac6.mcu.externaltools.arm-none.win32_1.16.0.201807130628/tools/compiler/bin/../lib/gcc/arm-none-eabi/7.2.1/../../../../arm-none-eabi/lib/thumb/v7e-m/fpv5/hard\libc_nano.a(lib_a-nano-vfprintf_i.o)
                0x0800639c                . = ALIGN (0x4)

.ARM.extab
 *(.ARM.extab* .gnu.linkonce.armextab.*)

.ARM            0x0800639c        0x8
                0x0800639c                __exidx_start = .
 *(.ARM.exidx*)
 .ARM.exidx     0x0800639c        0x8 c:/ac6/systemworkbench/plugins/fr.ac6.mcu.externaltools.arm-none.win32_1.16.0.201807130628/tools/compiler/bin/../lib/gcc/arm-none-eabi/7.2.1/thumb/v7e-m/fpv5/hard\libgcc.a(_udivmoddi4.o)
                0x080063a4                __exidx_end = .

.rel.dyn        0x080063a4        0x0
 .rel.iplt      0x080063a4        0x0 c:/ac6/systemworkbench/plugins/fr.ac6.mcu.externaltools.arm-none.win32_1.16.0.201807130628/tools/compiler/bin/../lib/gcc/arm-none-eabi/7.2.1/thumb/v7e-m/fpv5/hard/crtbegin.o

.preinit_array  0x080063a4        0x0
                0x080063a4                PROVIDE (__preinit_array_start, .)
 *(.preinit_array*)
                0x080063a4                PROVIDE (__preinit_array_end, .)

.init_array     0x080063a4        0x4
                0x080063a4                PROVIDE (__init_array_start, .)
 *(SORT_BY_NAME(.init_array.*))
 *(.init_array*)
 .init_array    0x080063a4        0x4 c:/ac6/systemworkbench/plugins/fr.ac6.mcu.externaltools.arm-none.win32_1.16.0.201807130628/tools/compiler/bin/../lib/gcc/arm-none-eabi/7.2.1/thumb/v7e-m/fpv5/hard/crtbegin.o
                0x080063a8                PROVIDE (__init_array_end, .)

.fini_array     0x080063a8        0x4
                [!provide]                PROVIDE (__fini_array_start, .)
 *(SORT_BY_NAME(.fini_array.*))
 *(.fini_array*)
 .fini_array    0x080063a8        0x4 c:/ac6/systemworkbench/plugins/fr.ac6.mcu.externaltools.arm-none.win32_1.16.0.201807130628/tools/compiler/bin/../lib/gcc/arm-none-eabi/7.2.1/thumb/v7e-m/fpv5/hard/crtbegin.o
                [!provide]                PROVIDE (__fini_array_end, .)
                0x080063ac                _sidata = LOADADDR (.data)

.data           0x20000000      0x230 load address 0x080063ac
                0x20000000                . = ALIGN (0x4)
                0x20000000                _sdata = .
 *(.data)
 .data          0x20000000       0x38 Core/Src/Wireless.o
                0x20000000                set
 .data          0x20000038        0x4 Core/Src/system_stm32f7xx.o
                0x20000038                SystemCoreClock
 .data          0x2000003c        0x8 Drivers/STM32F7xx_HAL_Driver/Src/stm32f7xx_hal.o
                0x2000003c                uwTickFreq
                0x20000040                uwTickPrio
 .data          0x20000044      0x188 Util/gpio_util.o
                0x20000044                SX_BUSY_pin
                0x2000004c                SX_NSS_pin
                0x20000054                SX_RST_pin
                0x2000005c                SX_IRQ_pin
                0x20000064                MTi_IRQ_pin
                0x2000006c                MTi_RST_pin
                0x20000074                FRQ_sel
                0x2000007c                ID3_pin
                0x20000084                ID2_pin
                0x2000008c                ID1_pin
                0x20000094                ID0_pin
                0x2000009c                LED6_pin
                0x200000a4                LED5_pin
                0x200000ac                LED4_pin
                0x200000b4                LED3_pin
                0x200000bc                LED2_pin
                0x200000c4                LED1_pin
                0x200000cc                LED0_pin
                0x200000d4                Dribbler_PWM_pin
                0x200000dc                Bat_pin
                0x200000e4                LF_ENC_B_pin
                0x200000ec                LF_ENC_A_pin
                0x200000f4                LB_ENC_B_pin
                0x200000fc                LB_ENC_A_pin
                0x20000104                RF_ENC_B_pin
                0x2000010c                RF_ENC_A_pin
                0x20000114                RB_ENC_B_pin
                0x2000011c                RB_ENC_A_pin
                0x20000124                LF_LOCK_pin
                0x2000012c                LB_LOCK_pin
                0x20000134                RF_LOCK_pin
                0x2000013c                RB_LOCK_pin
                0x20000144                LF_DIR_pin
                0x2000014c                LB_DIR_pin
                0x20000154                RF_DIR_pin
                0x2000015c                RB_DIR_pin
                0x20000164                LF_PWM_pin
                0x2000016c                LB_PWM_pin
                0x20000174                RF_PWM_pin
                0x2000017c                RB_PWM_pin
                0x20000184                Geneva_ENC_B_pin
                0x2000018c                Geneva_ENC_A_pin
                0x20000194                Geneva_DIR_B_pin
                0x2000019c                Geneva_DIR_A_pin
                0x200001a4                Geneva_PWM_pin
                0x200001ac                Charge_done_pin
                0x200001b4                Charge_pin
                0x200001bc                Chip_pin
                0x200001c4                Kick_pin
 *(.data*)
 .data._impure_ptr
                0x200001cc        0x4 c:/ac6/systemworkbench/plugins/fr.ac6.mcu.externaltools.arm-none.win32_1.16.0.201807130628/tools/compiler/bin/../lib/gcc/arm-none-eabi/7.2.1/../../../../arm-none-eabi/lib/thumb/v7e-m/fpv5/hard\libc_nano.a(lib_a-impure.o)
                0x200001cc                _impure_ptr
 .data.impure_data
                0x200001d0       0x60 c:/ac6/systemworkbench/plugins/fr.ac6.mcu.externaltools.arm-none.win32_1.16.0.201807130628/tools/compiler/bin/../lib/gcc/arm-none-eabi/7.2.1/../../../../arm-none-eabi/lib/thumb/v7e-m/fpv5/hard\libc_nano.a(lib_a-impure.o)
                0x20000230                . = ALIGN (0x4)
                0x20000230                _edata = .

.igot.plt       0x20000230        0x0 load address 0x080065dc
 .igot.plt      0x20000230        0x0 c:/ac6/systemworkbench/plugins/fr.ac6.mcu.externaltools.arm-none.win32_1.16.0.201807130628/tools/compiler/bin/../lib/gcc/arm-none-eabi/7.2.1/thumb/v7e-m/fpv5/hard/crtbegin.o
                0x20000230                . = ALIGN (0x4)

.bss            0x20000230     0x115c load address 0x080065dc
                0x20000230                _sbss = .
                0x20000230                __bss_start__ = _sbss
 *(.bss)
 .bss           0x20000230       0x1c c:/ac6/systemworkbench/plugins/fr.ac6.mcu.externaltools.arm-none.win32_1.16.0.201807130628/tools/compiler/bin/../lib/gcc/arm-none-eabi/7.2.1/thumb/v7e-m/fpv5/hard/crtbegin.o
 *(.bss*)
 .bss.__malloc_free_list
                0x2000024c        0x4 c:/ac6/systemworkbench/plugins/fr.ac6.mcu.externaltools.arm-none.win32_1.16.0.201807130628/tools/compiler/bin/../lib/gcc/arm-none-eabi/7.2.1/../../../../arm-none-eabi/lib/thumb/v7e-m/fpv5/hard\libc_nano.a(lib_a-nano-mallocr.o)
                0x2000024c                __malloc_free_list
 .bss.__malloc_sbrk_start
                0x20000250        0x4 c:/ac6/systemworkbench/plugins/fr.ac6.mcu.externaltools.arm-none.win32_1.16.0.201807130628/tools/compiler/bin/../lib/gcc/arm-none-eabi/7.2.1/../../../../arm-none-eabi/lib/thumb/v7e-m/fpv5/hard\libc_nano.a(lib_a-nano-mallocr.o)
                0x20000250                __malloc_sbrk_start
 .bss.heap_end.5377
                0x20000254        0x4 c:/ac6/systemworkbench/plugins/fr.ac6.mcu.externaltools.arm-none.win32_1.16.0.201807130628/tools/compiler/bin/../lib/gcc/arm-none-eabi/7.2.1/../../../../arm-none-eabi/lib/thumb/v7e-m/fpv5/hard\libnosys.a(sbrk.o)
 *(COMMON)
 COMMON         0x20000258      0x99c Core/Src/Wireless.o
                0x20000258                Putty_Vars
                0x20000aa0                SX1280_struct
                0x20000ae0                PC_to_Bot
                0x20000ae4                SX
                0x20000ae8                PacketStat
                0x20000af0                TX_buffer
                0x20000b70                RX_buffer
                0x20000bf0                Bot_to_PC
 COMMON         0x20000bf4      0x790 Core/Src/main.o
                0x20000bf4                hdma_quadspi
                0x20000c54                htim8
                0x20000c94                htim4
                0x20000cd4                hi2c1
                0x20000d20                htim10
                0x20000d60                hdma_spi4_rx
                0x20000dc0                htim5
                0x20000e00                htim3
                0x20000e40                huart5
                0x20000eb0                htim13
                0x20000ef0                hdma_spi4_tx
                0x20000f50                htim11
                0x20000f90                hspi4
                0x20000ff4                htim6
                0x20001034                htim1
                0x20001074                hdma_i2c1_rx
                0x200010d4                htim9
                0x20001114                hspi1
                0x20001178                htim2
                0x200011b8                hdma_spi1_rx
                0x20001218                htim14
                0x20001258                htim12
                0x20001298                htim7
                0x200012d8                hdma_uart5_tx
                0x20001338                hqspi
 COMMON         0x20001384        0x4 Drivers/STM32F7xx_HAL_Driver/Src/stm32f7xx_hal.o
                0x20001384                uwTick
 COMMON         0x20001388        0x4 c:/ac6/systemworkbench/plugins/fr.ac6.mcu.externaltools.arm-none.win32_1.16.0.201807130628/tools/compiler/bin/../lib/gcc/arm-none-eabi/7.2.1/../../../../arm-none-eabi/lib/thumb/v7e-m/fpv5/hard\libc_nano.a(lib_a-reent.o)
                0x20001388                errno
                0x2000138c                . = ALIGN (0x4)
                0x2000138c                _ebss = .
                0x2000138c                __bss_end__ = _ebss

._user_heap_stack
                0x2000138c      0x604 load address 0x080065dc
                0x20001390                . = ALIGN (0x8)
 *fill*         0x2000138c        0x4 
                0x20001390                PROVIDE (end, .)
                [!provide]                PROVIDE (_end, .)
                0x20001590                . = (. + _Min_Heap_Size)
 *fill*         0x20001390      0x200 
                0x20001990                . = (. + _Min_Stack_Size)
 *fill*         0x20001590      0x400 
                0x20001990                . = ALIGN (0x8)

/DISCARD/
 libc.a(*)
 libm.a(*)
 libgcc.a(*)

.ARM.attributes
                0x00000000       0x2e
 *(.ARM.attributes)
 .ARM.attributes
                0x00000000       0x20 c:/ac6/systemworkbench/plugins/fr.ac6.mcu.externaltools.arm-none.win32_1.16.0.201807130628/tools/compiler/bin/../lib/gcc/arm-none-eabi/7.2.1/thumb/v7e-m/fpv5/hard/crti.o
 .ARM.attributes
                0x00000020       0x32 c:/ac6/systemworkbench/plugins/fr.ac6.mcu.externaltools.arm-none.win32_1.16.0.201807130628/tools/compiler/bin/../lib/gcc/arm-none-eabi/7.2.1/thumb/v7e-m/fpv5/hard/crtbegin.o
 .ARM.attributes
                0x00000052       0x37 Core/Src/Wireless.o
 .ARM.attributes
                0x00000089       0x37 Core/Src/main.o
 .ARM.attributes
                0x000000c0       0x37 Core/Src/stm32f7xx_hal_msp.o
 .ARM.attributes
                0x000000f7       0x37 Core/Src/stm32f7xx_it.o
 .ARM.attributes
                0x0000012e       0x37 Core/Src/system_stm32f7xx.o
 .ARM.attributes
                0x00000165       0x37 Drivers/STM32F7xx_HAL_Driver/Src/stm32f7xx_hal.o
 .ARM.attributes
                0x0000019c       0x37 Drivers/STM32F7xx_HAL_Driver/Src/stm32f7xx_hal_cortex.o
 .ARM.attributes
                0x000001d3       0x37 Drivers/STM32F7xx_HAL_Driver/Src/stm32f7xx_hal_dma.o
 .ARM.attributes
                0x0000020a       0x37 Drivers/STM32F7xx_HAL_Driver/Src/stm32f7xx_hal_gpio.o
 .ARM.attributes
                0x00000241       0x37 Drivers/STM32F7xx_HAL_Driver/Src/stm32f7xx_hal_i2c.o
 .ARM.attributes
                0x00000278       0x37 Drivers/STM32F7xx_HAL_Driver/Src/stm32f7xx_hal_i2c_ex.o
 .ARM.attributes
                0x000002af       0x37 Drivers/STM32F7xx_HAL_Driver/Src/stm32f7xx_hal_pwr_ex.o
 .ARM.attributes
                0x000002e6       0x37 Drivers/STM32F7xx_HAL_Driver/Src/stm32f7xx_hal_qspi.o
 .ARM.attributes
                0x0000031d       0x37 Drivers/STM32F7xx_HAL_Driver/Src/stm32f7xx_hal_rcc.o
 .ARM.attributes
                0x00000354       0x37 Drivers/STM32F7xx_HAL_Driver/Src/stm32f7xx_hal_rcc_ex.o
 .ARM.attributes
                0x0000038b       0x37 Drivers/STM32F7xx_HAL_Driver/Src/stm32f7xx_hal_spi.o
 .ARM.attributes
                0x000003c2       0x37 Drivers/STM32F7xx_HAL_Driver/Src/stm32f7xx_hal_tim.o
 .ARM.attributes
                0x000003f9       0x37 Drivers/STM32F7xx_HAL_Driver/Src/stm32f7xx_hal_tim_ex.o
 .ARM.attributes
                0x00000430       0x37 Drivers/STM32F7xx_HAL_Driver/Src/stm32f7xx_hal_uart.o
 .ARM.attributes
                0x00000467       0x37 Lib/PuTTY.o
 .ARM.attributes
                0x0000049e       0x37 Lib/SX1280/SX1280.o
 .ARM.attributes
                0x000004d5       0x37 Util/gpio_util.o
 .ARM.attributes
                0x0000050c       0x21 startup/startup_stm32f767xx.o
 .ARM.attributes
                0x0000052d       0x20 c:/ac6/systemworkbench/plugins/fr.ac6.mcu.externaltools.arm-none.win32_1.16.0.201807130628/tools/compiler/bin/../lib/gcc/arm-none-eabi/7.2.1/thumb/v7e-m/fpv5/hard\libgcc.a(_aeabi_uldivmod.o)
 .ARM.attributes
                0x0000054d       0x32 c:/ac6/systemworkbench/plugins/fr.ac6.mcu.externaltools.arm-none.win32_1.16.0.201807130628/tools/compiler/bin/../lib/gcc/arm-none-eabi/7.2.1/thumb/v7e-m/fpv5/hard\libgcc.a(_udivmoddi4.o)
 .ARM.attributes
                0x0000057f       0x20 c:/ac6/systemworkbench/plugins/fr.ac6.mcu.externaltools.arm-none.win32_1.16.0.201807130628/tools/compiler/bin/../lib/gcc/arm-none-eabi/7.2.1/thumb/v7e-m/fpv5/hard\libgcc.a(_dvmd_tls.o)
 .ARM.attributes
                0x0000059f       0x32 c:/ac6/systemworkbench/plugins/fr.ac6.mcu.externaltools.arm-none.win32_1.16.0.201807130628/tools/compiler/bin/../lib/gcc/arm-none-eabi/7.2.1/../../../../arm-none-eabi/lib/thumb/v7e-m/fpv5/hard\libc_nano.a(lib_a-impure.o)
 .ARM.attributes
                0x000005d1       0x32 c:/ac6/systemworkbench/plugins/fr.ac6.mcu.externaltools.arm-none.win32_1.16.0.201807130628/tools/compiler/bin/../lib/gcc/arm-none-eabi/7.2.1/../../../../arm-none-eabi/lib/thumb/v7e-m/fpv5/hard\libc_nano.a(lib_a-init.o)
 .ARM.attributes
                0x00000603       0x32 c:/ac6/systemworkbench/plugins/fr.ac6.mcu.externaltools.arm-none.win32_1.16.0.201807130628/tools/compiler/bin/../lib/gcc/arm-none-eabi/7.2.1/../../../../arm-none-eabi/lib/thumb/v7e-m/fpv5/hard\libc_nano.a(lib_a-itoa.o)
 .ARM.attributes
                0x00000635       0x32 c:/ac6/systemworkbench/plugins/fr.ac6.mcu.externaltools.arm-none.win32_1.16.0.201807130628/tools/compiler/bin/../lib/gcc/arm-none-eabi/7.2.1/../../../../arm-none-eabi/lib/thumb/v7e-m/fpv5/hard\libc_nano.a(lib_a-memcpy-stub.o)
 .ARM.attributes
                0x00000667       0x32 c:/ac6/systemworkbench/plugins/fr.ac6.mcu.externaltools.arm-none.win32_1.16.0.201807130628/tools/compiler/bin/../lib/gcc/arm-none-eabi/7.2.1/../../../../arm-none-eabi/lib/thumb/v7e-m/fpv5/hard\libc_nano.a(lib_a-memset.o)
 .ARM.attributes
                0x00000699       0x32 c:/ac6/systemworkbench/plugins/fr.ac6.mcu.externaltools.arm-none.win32_1.16.0.201807130628/tools/compiler/bin/../lib/gcc/arm-none-eabi/7.2.1/../../../../arm-none-eabi/lib/thumb/v7e-m/fpv5/hard\libc_nano.a(lib_a-nano-freer.o)
 .ARM.attributes
                0x000006cb       0x32 c:/ac6/systemworkbench/plugins/fr.ac6.mcu.externaltools.arm-none.win32_1.16.0.201807130628/tools/compiler/bin/../lib/gcc/arm-none-eabi/7.2.1/../../../../arm-none-eabi/lib/thumb/v7e-m/fpv5/hard\libc_nano.a(lib_a-nano-mallocr.o)
 .ARM.attributes
                0x000006fd       0x32 c:/ac6/systemworkbench/plugins/fr.ac6.mcu.externaltools.arm-none.win32_1.16.0.201807130628/tools/compiler/bin/../lib/gcc/arm-none-eabi/7.2.1/../../../../arm-none-eabi/lib/thumb/v7e-m/fpv5/hard\libc_nano.a(lib_a-sbrkr.o)
 .ARM.attributes
                0x0000072f       0x32 c:/ac6/systemworkbench/plugins/fr.ac6.mcu.externaltools.arm-none.win32_1.16.0.201807130628/tools/compiler/bin/../lib/gcc/arm-none-eabi/7.2.1/../../../../arm-none-eabi/lib/thumb/v7e-m/fpv5/hard\libc_nano.a(lib_a-sprintf.o)
 .ARM.attributes
                0x00000761       0x19 c:/ac6/systemworkbench/plugins/fr.ac6.mcu.externaltools.arm-none.win32_1.16.0.201807130628/tools/compiler/bin/../lib/gcc/arm-none-eabi/7.2.1/../../../../arm-none-eabi/lib/thumb/v7e-m/fpv5/hard\libc_nano.a(lib_a-strlen.o)
 .ARM.attributes
                0x0000077a       0x32 c:/ac6/systemworkbench/plugins/fr.ac6.mcu.externaltools.arm-none.win32_1.16.0.201807130628/tools/compiler/bin/../lib/gcc/arm-none-eabi/7.2.1/../../../../arm-none-eabi/lib/thumb/v7e-m/fpv5/hard\libc_nano.a(lib_a-utoa.o)
 .ARM.attributes
                0x000007ac       0x32 c:/ac6/systemworkbench/plugins/fr.ac6.mcu.externaltools.arm-none.win32_1.16.0.201807130628/tools/compiler/bin/../lib/gcc/arm-none-eabi/7.2.1/../../../../arm-none-eabi/lib/thumb/v7e-m/fpv5/hard\libc_nano.a(lib_a-vsprintf.o)
 .ARM.attributes
                0x000007de       0x32 c:/ac6/systemworkbench/plugins/fr.ac6.mcu.externaltools.arm-none.win32_1.16.0.201807130628/tools/compiler/bin/../lib/gcc/arm-none-eabi/7.2.1/../../../../arm-none-eabi/lib/thumb/v7e-m/fpv5/hard\libc_nano.a(lib_a-mlock.o)
 .ARM.attributes
                0x00000810       0x32 c:/ac6/systemworkbench/plugins/fr.ac6.mcu.externaltools.arm-none.win32_1.16.0.201807130628/tools/compiler/bin/../lib/gcc/arm-none-eabi/7.2.1/../../../../arm-none-eabi/lib/thumb/v7e-m/fpv5/hard\libc_nano.a(lib_a-nano-svfprintf.o)
 .ARM.attributes
                0x00000842       0x32 c:/ac6/systemworkbench/plugins/fr.ac6.mcu.externaltools.arm-none.win32_1.16.0.201807130628/tools/compiler/bin/../lib/gcc/arm-none-eabi/7.2.1/../../../../arm-none-eabi/lib/thumb/v7e-m/fpv5/hard\libc_nano.a(lib_a-nano-vfprintf_i.o)
 .ARM.attributes
                0x00000874       0x32 c:/ac6/systemworkbench/plugins/fr.ac6.mcu.externaltools.arm-none.win32_1.16.0.201807130628/tools/compiler/bin/../lib/gcc/arm-none-eabi/7.2.1/../../../../arm-none-eabi/lib/thumb/v7e-m/fpv5/hard\libc_nano.a(lib_a-reent.o)
 .ARM.attributes
                0x000008a6       0x1e c:/ac6/systemworkbench/plugins/fr.ac6.mcu.externaltools.arm-none.win32_1.16.0.201807130628/tools/compiler/bin/../lib/gcc/arm-none-eabi/7.2.1/../../../../arm-none-eabi/lib/thumb/v7e-m/fpv5/hard\libc_nano.a(lib_a-memchr.o)
 .ARM.attributes
                0x000008c4       0x32 c:/ac6/systemworkbench/plugins/fr.ac6.mcu.externaltools.arm-none.win32_1.16.0.201807130628/tools/compiler/bin/../lib/gcc/arm-none-eabi/7.2.1/../../../../arm-none-eabi/lib/thumb/v7e-m/fpv5/hard\libc_nano.a(lib_a-memmove.o)
 .ARM.attributes
                0x000008f6       0x32 c:/ac6/systemworkbench/plugins/fr.ac6.mcu.externaltools.arm-none.win32_1.16.0.201807130628/tools/compiler/bin/../lib/gcc/arm-none-eabi/7.2.1/../../../../arm-none-eabi/lib/thumb/v7e-m/fpv5/hard\libc_nano.a(lib_a-nano-reallocr.o)
 .ARM.attributes
                0x00000928       0x32 c:/ac6/systemworkbench/plugins/fr.ac6.mcu.externaltools.arm-none.win32_1.16.0.201807130628/tools/compiler/bin/../lib/gcc/arm-none-eabi/7.2.1/../../../../arm-none-eabi/lib/thumb/v7e-m/fpv5/hard\libc_nano.a(lib_a-nano-msizer.o)
 .ARM.attributes
                0x0000095a       0x32 c:/ac6/systemworkbench/plugins/fr.ac6.mcu.externaltools.arm-none.win32_1.16.0.201807130628/tools/compiler/bin/../lib/gcc/arm-none-eabi/7.2.1/../../../../arm-none-eabi/lib/thumb/v7e-m/fpv5/hard\libnosys.a(sbrk.o)
 .ARM.attributes
                0x0000098c       0x20 c:/ac6/systemworkbench/plugins/fr.ac6.mcu.externaltools.arm-none.win32_1.16.0.201807130628/tools/compiler/bin/../lib/gcc/arm-none-eabi/7.2.1/thumb/v7e-m/fpv5/hard/crtn.o
OUTPUT(robot3.elf elf32-littlearm)

.debug_info     0x00000000    0x29579
 .debug_info    0x00000000     0x1b5e Core/Src/Wireless.o
 .debug_info    0x00001b5e     0x424b Core/Src/main.o
 .debug_info    0x00005da9     0x2b96 Core/Src/stm32f7xx_hal_msp.o
 .debug_info    0x0000893f     0x195a Core/Src/stm32f7xx_it.o
 .debug_info    0x0000a299      0xf12 Core/Src/system_stm32f7xx.o
 .debug_info    0x0000b1ab     0x135e Drivers/STM32F7xx_HAL_Driver/Src/stm32f7xx_hal.o
 .debug_info    0x0000c509     0x19b9 Drivers/STM32F7xx_HAL_Driver/Src/stm32f7xx_hal_cortex.o
 .debug_info    0x0000dec2     0x127d Drivers/STM32F7xx_HAL_Driver/Src/stm32f7xx_hal_dma.o
 .debug_info    0x0000f13f      0xfc7 Drivers/STM32F7xx_HAL_Driver/Src/stm32f7xx_hal_gpio.o
 .debug_info    0x00010106     0x3a17 Drivers/STM32F7xx_HAL_Driver/Src/stm32f7xx_hal_i2c.o
 .debug_info    0x00013b1d     0x11d0 Drivers/STM32F7xx_HAL_Driver/Src/stm32f7xx_hal_i2c_ex.o
 .debug_info    0x00014ced     0x124b Drivers/STM32F7xx_HAL_Driver/Src/stm32f7xx_hal_pwr_ex.o
 .debug_info    0x00015f38     0x1eb5 Drivers/STM32F7xx_HAL_Driver/Src/stm32f7xx_hal_qspi.o
 .debug_info    0x00017ded     0x136a Drivers/STM32F7xx_HAL_Driver/Src/stm32f7xx_hal_rcc.o
 .debug_info    0x00019157     0x1099 Drivers/STM32F7xx_HAL_Driver/Src/stm32f7xx_hal_rcc_ex.o
 .debug_info    0x0001a1f0     0x2617 Drivers/STM32F7xx_HAL_Driver/Src/stm32f7xx_hal_spi.o
 .debug_info    0x0001c807     0x372e Drivers/STM32F7xx_HAL_Driver/Src/stm32f7xx_hal_tim.o
 .debug_info    0x0001ff35     0x1fc2 Drivers/STM32F7xx_HAL_Driver/Src/stm32f7xx_hal_tim_ex.o
 .debug_info    0x00021ef7     0x206c Drivers/STM32F7xx_HAL_Driver/Src/stm32f7xx_hal_uart.o
 .debug_info    0x00023f63     0x1c85 Lib/PuTTY.o
 .debug_info    0x00025be8     0x2ab2 Lib/SX1280/SX1280.o
 .debug_info    0x0002869a      0xebd Util/gpio_util.o
 .debug_info    0x00029557       0x22 startup/startup_stm32f767xx.o

.debug_abbrev   0x00000000     0x415b
 .debug_abbrev  0x00000000      0x34d Core/Src/Wireless.o
 .debug_abbrev  0x0000034d      0x3db Core/Src/main.o
 .debug_abbrev  0x00000728      0x2c0 Core/Src/stm32f7xx_hal_msp.o
 .debug_abbrev  0x000009e8      0x25f Core/Src/stm32f7xx_it.o
 .debug_abbrev  0x00000c47      0x212 Core/Src/system_stm32f7xx.o
 .debug_abbrev  0x00000e59      0x2e5 Drivers/STM32F7xx_HAL_Driver/Src/stm32f7xx_hal.o
 .debug_abbrev  0x0000113e      0x3d6 Drivers/STM32F7xx_HAL_Driver/Src/stm32f7xx_hal_cortex.o
 .debug_abbrev  0x00001514      0x32a Drivers/STM32F7xx_HAL_Driver/Src/stm32f7xx_hal_dma.o
 .debug_abbrev  0x0000183e      0x2a7 Drivers/STM32F7xx_HAL_Driver/Src/stm32f7xx_hal_gpio.o
 .debug_abbrev  0x00001ae5      0x2f0 Drivers/STM32F7xx_HAL_Driver/Src/stm32f7xx_hal_i2c.o
 .debug_abbrev  0x00001dd5      0x248 Drivers/STM32F7xx_HAL_Driver/Src/stm32f7xx_hal_i2c_ex.o
 .debug_abbrev  0x0000201d      0x2db Drivers/STM32F7xx_HAL_Driver/Src/stm32f7xx_hal_pwr_ex.o
 .debug_abbrev  0x000022f8      0x327 Drivers/STM32F7xx_HAL_Driver/Src/stm32f7xx_hal_qspi.o
 .debug_abbrev  0x0000261f      0x356 Drivers/STM32F7xx_HAL_Driver/Src/stm32f7xx_hal_rcc.o
 .debug_abbrev  0x00002975      0x2ad Drivers/STM32F7xx_HAL_Driver/Src/stm32f7xx_hal_rcc_ex.o
 .debug_abbrev  0x00002c22      0x2f2 Drivers/STM32F7xx_HAL_Driver/Src/stm32f7xx_hal_spi.o
 .debug_abbrev  0x00002f14      0x2b5 Drivers/STM32F7xx_HAL_Driver/Src/stm32f7xx_hal_tim.o
 .debug_abbrev  0x000031c9      0x2e0 Drivers/STM32F7xx_HAL_Driver/Src/stm32f7xx_hal_tim_ex.o
 .debug_abbrev  0x000034a9      0x314 Drivers/STM32F7xx_HAL_Driver/Src/stm32f7xx_hal_uart.o
 .debug_abbrev  0x000037bd      0x376 Lib/PuTTY.o
 .debug_abbrev  0x00003b33      0x465 Lib/SX1280/SX1280.o
 .debug_abbrev  0x00003f98      0x1b1 Util/gpio_util.o
 .debug_abbrev  0x00004149       0x12 startup/startup_stm32f767xx.o

.debug_loc      0x00000000    0x11039
 .debug_loc     0x00000000      0x296 Core/Src/Wireless.o
 .debug_loc     0x00000296      0x132 Core/Src/main.o
 .debug_loc     0x000003c8      0x365 Core/Src/stm32f7xx_hal_msp.o
 .debug_loc     0x0000072d      0x13e Core/Src/system_stm32f7xx.o
 .debug_loc     0x0000086b       0xfd Drivers/STM32F7xx_HAL_Driver/Src/stm32f7xx_hal.o
 .debug_loc     0x00000968      0x5c0 Drivers/STM32F7xx_HAL_Driver/Src/stm32f7xx_hal_cortex.o
 .debug_loc     0x00000f28      0xbc6 Drivers/STM32F7xx_HAL_Driver/Src/stm32f7xx_hal_dma.o
 .debug_loc     0x00001aee      0x469 Drivers/STM32F7xx_HAL_Driver/Src/stm32f7xx_hal_gpio.o
 .debug_loc     0x00001f57     0x3ae2 Drivers/STM32F7xx_HAL_Driver/Src/stm32f7xx_hal_i2c.o
 .debug_loc     0x00005a39      0x176 Drivers/STM32F7xx_HAL_Driver/Src/stm32f7xx_hal_i2c_ex.o
 .debug_loc     0x00005baf      0x198 Drivers/STM32F7xx_HAL_Driver/Src/stm32f7xx_hal_pwr_ex.o
 .debug_loc     0x00005d47     0x1370 Drivers/STM32F7xx_HAL_Driver/Src/stm32f7xx_hal_qspi.o
 .debug_loc     0x000070b7      0x4cf Drivers/STM32F7xx_HAL_Driver/Src/stm32f7xx_hal_rcc.o
 .debug_loc     0x00007586      0x5fc Drivers/STM32F7xx_HAL_Driver/Src/stm32f7xx_hal_rcc_ex.o
 .debug_loc     0x00007b82     0x1acd Drivers/STM32F7xx_HAL_Driver/Src/stm32f7xx_hal_spi.o
 .debug_loc     0x0000964f     0x36d5 Drivers/STM32F7xx_HAL_Driver/Src/stm32f7xx_hal_tim.o
 .debug_loc     0x0000cd24     0x1bd7 Drivers/STM32F7xx_HAL_Driver/Src/stm32f7xx_hal_tim_ex.o
 .debug_loc     0x0000e8fb     0x1612 Drivers/STM32F7xx_HAL_Driver/Src/stm32f7xx_hal_uart.o
 .debug_loc     0x0000ff0d      0x264 Lib/PuTTY.o
 .debug_loc     0x00010171      0xec8 Lib/SX1280/SX1280.o

.debug_aranges  0x00000000     0x14f8
 .debug_aranges
                0x00000000       0x48 Core/Src/Wireless.o
 .debug_aranges
                0x00000048       0xf0 Core/Src/main.o
 .debug_aranges
                0x00000138       0x98 Core/Src/stm32f7xx_hal_msp.o
 .debug_aranges
                0x000001d0       0xc8 Core/Src/stm32f7xx_it.o
 .debug_aranges
                0x00000298       0x28 Core/Src/system_stm32f7xx.o
 .debug_aranges
                0x000002c0      0x110 Drivers/STM32F7xx_HAL_Driver/Src/stm32f7xx_hal.o
 .debug_aranges
                0x000003d0       0xa8 Drivers/STM32F7xx_HAL_Driver/Src/stm32f7xx_hal_cortex.o
 .debug_aranges
                0x00000478       0x90 Drivers/STM32F7xx_HAL_Driver/Src/stm32f7xx_hal_dma.o
 .debug_aranges
                0x00000508       0x58 Drivers/STM32F7xx_HAL_Driver/Src/stm32f7xx_hal_gpio.o
 .debug_aranges
                0x00000560      0x260 Drivers/STM32F7xx_HAL_Driver/Src/stm32f7xx_hal_i2c.o
 .debug_aranges
                0x000007c0       0x38 Drivers/STM32F7xx_HAL_Driver/Src/stm32f7xx_hal_i2c_ex.o
 .debug_aranges
                0x000007f8       0x80 Drivers/STM32F7xx_HAL_Driver/Src/stm32f7xx_hal_pwr_ex.o
 .debug_aranges
                0x00000878      0x160 Drivers/STM32F7xx_HAL_Driver/Src/stm32f7xx_hal_qspi.o
 .debug_aranges
                0x000009d8       0x88 Drivers/STM32F7xx_HAL_Driver/Src/stm32f7xx_hal_rcc.o
 .debug_aranges
                0x00000a60       0x50 Drivers/STM32F7xx_HAL_Driver/Src/stm32f7xx_hal_rcc_ex.o
 .debug_aranges
                0x00000ab0      0x1d8 Drivers/STM32F7xx_HAL_Driver/Src/stm32f7xx_hal_spi.o
 .debug_aranges
                0x00000c88      0x368 Drivers/STM32F7xx_HAL_Driver/Src/stm32f7xx_hal_tim.o
 .debug_aranges
                0x00000ff0      0x178 Drivers/STM32F7xx_HAL_Driver/Src/stm32f7xx_hal_tim_ex.o
 .debug_aranges
                0x00001168      0x190 Drivers/STM32F7xx_HAL_Driver/Src/stm32f7xx_hal_uart.o
 .debug_aranges
                0x000012f8       0x78 Lib/PuTTY.o
 .debug_aranges
                0x00001370      0x148 Lib/SX1280/SX1280.o
 .debug_aranges
                0x000014b8       0x18 Util/gpio_util.o
 .debug_aranges
                0x000014d0       0x28 startup/startup_stm32f767xx.o

.debug_ranges   0x00000000     0x13e8
 .debug_ranges  0x00000000       0x38 Core/Src/Wireless.o
 .debug_ranges  0x00000038       0xe0 Core/Src/main.o
 .debug_ranges  0x00000118       0x88 Core/Src/stm32f7xx_hal_msp.o
 .debug_ranges  0x000001a0       0xb8 Core/Src/stm32f7xx_it.o
 .debug_ranges  0x00000258       0x18 Core/Src/system_stm32f7xx.o
 .debug_ranges  0x00000270      0x100 Drivers/STM32F7xx_HAL_Driver/Src/stm32f7xx_hal.o
 .debug_ranges  0x00000370       0xf8 Drivers/STM32F7xx_HAL_Driver/Src/stm32f7xx_hal_cortex.o
 .debug_ranges  0x00000468       0x80 Drivers/STM32F7xx_HAL_Driver/Src/stm32f7xx_hal_dma.o
 .debug_ranges  0x000004e8       0x48 Drivers/STM32F7xx_HAL_Driver/Src/stm32f7xx_hal_gpio.o
 .debug_ranges  0x00000530      0x250 Drivers/STM32F7xx_HAL_Driver/Src/stm32f7xx_hal_i2c.o
 .debug_ranges  0x00000780       0x28 Drivers/STM32F7xx_HAL_Driver/Src/stm32f7xx_hal_i2c_ex.o
 .debug_ranges  0x000007a8       0x70 Drivers/STM32F7xx_HAL_Driver/Src/stm32f7xx_hal_pwr_ex.o
 .debug_ranges  0x00000818      0x150 Drivers/STM32F7xx_HAL_Driver/Src/stm32f7xx_hal_qspi.o
 .debug_ranges  0x00000968       0x78 Drivers/STM32F7xx_HAL_Driver/Src/stm32f7xx_hal_rcc.o
 .debug_ranges  0x000009e0       0x40 Drivers/STM32F7xx_HAL_Driver/Src/stm32f7xx_hal_rcc_ex.o
 .debug_ranges  0x00000a20      0x1c8 Drivers/STM32F7xx_HAL_Driver/Src/stm32f7xx_hal_spi.o
 .debug_ranges  0x00000be8      0x358 Drivers/STM32F7xx_HAL_Driver/Src/stm32f7xx_hal_tim.o
 .debug_ranges  0x00000f40      0x168 Drivers/STM32F7xx_HAL_Driver/Src/stm32f7xx_hal_tim_ex.o
 .debug_ranges  0x000010a8      0x180 Drivers/STM32F7xx_HAL_Driver/Src/stm32f7xx_hal_uart.o
 .debug_ranges  0x00001228       0x68 Lib/PuTTY.o
 .debug_ranges  0x00001290      0x138 Lib/SX1280/SX1280.o
 .debug_ranges  0x000013c8       0x20 startup/startup_stm32f767xx.o

.debug_macro    0x00000000    0x2a8f1
 .debug_macro   0x00000000      0x3d1 Core/Src/Wireless.o
 .debug_macro   0x000003d1      0xa6c Core/Src/Wireless.o
 .debug_macro   0x00000e3d       0x22 Core/Src/Wireless.o
 .debug_macro   0x00000e5f      0x191 Core/Src/Wireless.o
 .debug_macro   0x00000ff0       0x2e Core/Src/Wireless.o
 .debug_macro   0x0000101e       0x3b Core/Src/Wireless.o
 .debug_macro   0x00001059       0x22 Core/Src/Wireless.o
 .debug_macro   0x0000107b       0x87 Core/Src/Wireless.o
 .debug_macro   0x00001102       0x51 Core/Src/Wireless.o
 .debug_macro   0x00001153       0xef Core/Src/Wireless.o
 .debug_macro   0x00001242       0x6a Core/Src/Wireless.o
 .debug_macro   0x000012ac      0x1df Core/Src/Wireless.o
 .debug_macro   0x0000148b       0x35 Core/Src/Wireless.o
 .debug_macro   0x000014c0       0x50 Core/Src/Wireless.o
 .debug_macro   0x00001510     0x1114 Core/Src/Wireless.o
 .debug_macro   0x00002624    0x19f38 Core/Src/Wireless.o
 .debug_macro   0x0001c55c       0x43 Core/Src/Wireless.o
 .debug_macro   0x0001c59f     0x35cf Core/Src/Wireless.o
 .debug_macro   0x0001fb6e       0x58 Core/Src/Wireless.o
 .debug_macro   0x0001fbc6       0x17 Core/Src/Wireless.o
 .debug_macro   0x0001fbdd       0x35 Core/Src/Wireless.o
 .debug_macro   0x0001fc12       0x9c Core/Src/Wireless.o
 .debug_macro   0x0001fcae       0x16 Core/Src/Wireless.o
 .debug_macro   0x0001fcc4       0x97 Core/Src/Wireless.o
 .debug_macro   0x0001fd5b      0x330 Core/Src/Wireless.o
 .debug_macro   0x0002008b       0xfd Core/Src/Wireless.o
 .debug_macro   0x00020188       0x10 Core/Src/Wireless.o
 .debug_macro   0x00020198       0x58 Core/Src/Wireless.o
 .debug_macro   0x000201f0       0x1f Core/Src/Wireless.o
 .debug_macro   0x0002020f       0x43 Core/Src/Wireless.o
 .debug_macro   0x00020252       0x20 Core/Src/Wireless.o
 .debug_macro   0x00020272      0x18e Core/Src/Wireless.o
 .debug_macro   0x00020400       0x10 Core/Src/Wireless.o
 .debug_macro   0x00020410       0x1c Core/Src/Wireless.o
 .debug_macro   0x0002042c       0x52 Core/Src/Wireless.o
 .debug_macro   0x0002047e       0x40 Core/Src/Wireless.o
 .debug_macro   0x000204be       0x10 Core/Src/Wireless.o
 .debug_macro   0x000204ce       0x40 Core/Src/Wireless.o
 .debug_macro   0x0002050e       0xd7 Core/Src/Wireless.o
 .debug_macro   0x000205e5       0x1c Core/Src/Wireless.o
 .debug_macro   0x00020601       0x3d Core/Src/Wireless.o
 .debug_macro   0x0002063e       0x16 Core/Src/Wireless.o
 .debug_macro   0x00020654      0x16f Core/Src/Wireless.o
 .debug_macro   0x000207c3       0x57 Core/Src/Wireless.o
 .debug_macro   0x0002081a     0x1add Core/Src/Wireless.o
 .debug_macro   0x000222f7      0x6ca Core/Src/Wireless.o
 .debug_macro   0x000229c1      0x11e Core/Src/Wireless.o
 .debug_macro   0x00022adf      0x277 Core/Src/Wireless.o
 .debug_macro   0x00022d56       0x27 Core/Src/Wireless.o
 .debug_macro   0x00022d7d      0x24f Core/Src/Wireless.o
 .debug_macro   0x00022fcc       0x71 Core/Src/Wireless.o
 .debug_macro   0x0002303d       0x58 Core/Src/Wireless.o
 .debug_macro   0x00023095      0x23a Core/Src/Wireless.o
 .debug_macro   0x000232cf      0x156 Core/Src/Wireless.o
 .debug_macro   0x00023425      0x3de Core/Src/Wireless.o
 .debug_macro   0x00023803       0x12 Core/Src/Wireless.o
 .debug_macro   0x00023815      0x209 Core/Src/Wireless.o
 .debug_macro   0x00023a1e       0x61 Core/Src/Wireless.o
 .debug_macro   0x00023a7f       0x90 Core/Src/Wireless.o
 .debug_macro   0x00023b0f      0x132 Core/Src/Wireless.o
 .debug_macro   0x00023c41      0x10c Core/Src/Wireless.o
 .debug_macro   0x00023d4d       0x35 Core/Src/Wireless.o
 .debug_macro   0x00023d82      0x2e2 Core/Src/Wireless.o
 .debug_macro   0x00024064      0x2e2 Core/Src/Wireless.o
 .debug_macro   0x00024346      0x65b Core/Src/Wireless.o
 .debug_macro   0x000249a1      0x2aa Core/Src/Wireless.o
 .debug_macro   0x00024c4b      0x169 Core/Src/Wireless.o
 .debug_macro   0x00024db4      0x4e8 Core/Src/Wireless.o
 .debug_macro   0x0002529c       0x47 Core/Src/Wireless.o
 .debug_macro   0x000252e3      0x16c Core/Src/Wireless.o
 .debug_macro   0x0002544f      0x318 Core/Src/Wireless.o
 .debug_macro   0x00025767      0x250 Core/Src/Wireless.o
 .debug_macro   0x000259b7       0x16 Core/Src/Wireless.o
 .debug_macro   0x000259cd       0x16 Core/Src/Wireless.o
 .debug_macro   0x000259e3       0x35 Core/Src/Wireless.o
 .debug_macro   0x00025a18       0x16 Core/Src/Wireless.o
 .debug_macro   0x00025a2e       0x4c Core/Src/Wireless.o
 .debug_macro   0x00025a7a      0x3f6 Core/Src/main.o
 .debug_macro   0x00025e70       0x10 Core/Src/main.o
 .debug_macro   0x00025e80       0x28 Core/Src/main.o
 .debug_macro   0x00025ea8       0x28 Core/Src/main.o
 .debug_macro   0x00025ed0       0x10 Core/Src/main.o
 .debug_macro   0x00025ee0      0x256 Core/Src/main.o
 .debug_macro   0x00026136      0x351 Core/Src/stm32f7xx_hal_msp.o
 .debug_macro   0x00026487      0x35b Core/Src/stm32f7xx_it.o
 .debug_macro   0x000267e2      0x348 Core/Src/system_stm32f7xx.o
 .debug_macro   0x00026b2a      0x366 Drivers/STM32F7xx_HAL_Driver/Src/stm32f7xx_hal.o
 .debug_macro   0x00026e90      0x342 Drivers/STM32F7xx_HAL_Driver/Src/stm32f7xx_hal_cortex.o
 .debug_macro   0x000271d2      0x349 Drivers/STM32F7xx_HAL_Driver/Src/stm32f7xx_hal_dma.o
 .debug_macro   0x0002751b      0x37a Drivers/STM32F7xx_HAL_Driver/Src/stm32f7xx_hal_gpio.o
 .debug_macro   0x00027895      0x40e Drivers/STM32F7xx_HAL_Driver/Src/stm32f7xx_hal_i2c.o
 .debug_macro   0x00027ca3      0x342 Drivers/STM32F7xx_HAL_Driver/Src/stm32f7xx_hal_i2c_ex.o
 .debug_macro   0x00027fe5      0x35a Drivers/STM32F7xx_HAL_Driver/Src/stm32f7xx_hal_pwr_ex.o
 .debug_macro   0x0002833f      0x366 Drivers/STM32F7xx_HAL_Driver/Src/stm32f7xx_hal_qspi.o
 .debug_macro   0x000286a5      0x366 Drivers/STM32F7xx_HAL_Driver/Src/stm32f7xx_hal_rcc.o
 .debug_macro   0x00028a0b      0x342 Drivers/STM32F7xx_HAL_Driver/Src/stm32f7xx_hal_rcc_ex.o
 .debug_macro   0x00028d4d      0x34a Drivers/STM32F7xx_HAL_Driver/Src/stm32f7xx_hal_spi.o
 .debug_macro   0x00029097      0x343 Drivers/STM32F7xx_HAL_Driver/Src/stm32f7xx_hal_tim.o
 .debug_macro   0x000293da      0x34e Drivers/STM32F7xx_HAL_Driver/Src/stm32f7xx_hal_tim_ex.o
 .debug_macro   0x00029728      0x34a Drivers/STM32F7xx_HAL_Driver/Src/stm32f7xx_hal_uart.o
 .debug_macro   0x00029a72      0x38f Lib/PuTTY.o
 .debug_macro   0x00029e01       0x58 Lib/PuTTY.o
 .debug_macro   0x00029e59       0x3b Lib/PuTTY.o
 .debug_macro   0x00029e94       0x22 Lib/PuTTY.o
 .debug_macro   0x00029eb6      0x3ba Lib/SX1280/SX1280.o
 .debug_macro   0x0002a270      0x363 Util/gpio_util.o
 .debug_macro   0x0002a5d3      0x31e Util/gpio_util.o

.debug_line     0x00000000    0x12155
 .debug_line    0x00000000      0xa79 Core/Src/Wireless.o
 .debug_line    0x00000a79      0xdcf Core/Src/main.o
 .debug_line    0x00001848      0xb5c Core/Src/stm32f7xx_hal_msp.o
 .debug_line    0x000023a4      0x9f3 Core/Src/stm32f7xx_it.o
 .debug_line    0x00002d97      0x89c Core/Src/system_stm32f7xx.o
 .debug_line    0x00003633      0xab7 Drivers/STM32F7xx_HAL_Driver/Src/stm32f7xx_hal.o
 .debug_line    0x000040ea      0xaad Drivers/STM32F7xx_HAL_Driver/Src/stm32f7xx_hal_cortex.o
 .debug_line    0x00004b97      0xb9e Drivers/STM32F7xx_HAL_Driver/Src/stm32f7xx_hal_dma.o
 .debug_line    0x00005735      0x9fd Drivers/STM32F7xx_HAL_Driver/Src/stm32f7xx_hal_gpio.o
 .debug_line    0x00006132     0x197f Drivers/STM32F7xx_HAL_Driver/Src/stm32f7xx_hal_i2c.o
 .debug_line    0x00007ab1      0x935 Drivers/STM32F7xx_HAL_Driver/Src/stm32f7xx_hal_i2c_ex.o
 .debug_line    0x000083e6      0x9ba Drivers/STM32F7xx_HAL_Driver/Src/stm32f7xx_hal_pwr_ex.o
 .debug_line    0x00008da0      0xee7 Drivers/STM32F7xx_HAL_Driver/Src/stm32f7xx_hal_qspi.o
 .debug_line    0x00009c87      0xb36 Drivers/STM32F7xx_HAL_Driver/Src/stm32f7xx_hal_rcc.o
 .debug_line    0x0000a7bd      0xab6 Drivers/STM32F7xx_HAL_Driver/Src/stm32f7xx_hal_rcc_ex.o
 .debug_line    0x0000b273     0x1302 Drivers/STM32F7xx_HAL_Driver/Src/stm32f7xx_hal_spi.o
 .debug_line    0x0000c575     0x1845 Drivers/STM32F7xx_HAL_Driver/Src/stm32f7xx_hal_tim.o
 .debug_line    0x0000ddba      0xfc7 Drivers/STM32F7xx_HAL_Driver/Src/stm32f7xx_hal_tim_ex.o
 .debug_line    0x0000ed81     0x1229 Drivers/STM32F7xx_HAL_Driver/Src/stm32f7xx_hal_uart.o
 .debug_line    0x0000ffaa      0xa62 Lib/PuTTY.o
 .debug_line    0x00010a0c      0xe56 Lib/SX1280/SX1280.o
 .debug_line    0x00011862      0x874 Util/gpio_util.o
 .debug_line    0x000120d6       0x7f startup/startup_stm32f767xx.o

.debug_str      0x00000000    0xf8838
 .debug_str     0x00000000    0xf248e Core/Src/Wireless.o
                              0xf28c5 (size before relaxing)
 .debug_str     0x000f248e     0x1b92 Core/Src/main.o
                              0xf4490 (size before relaxing)
 .debug_str     0x000f4020      0x1c8 Core/Src/stm32f7xx_hal_msp.o
                              0xf2ac4 (size before relaxing)
 .debug_str     0x000f41e8      0x255 Core/Src/stm32f7xx_it.o
                              0xf214f (size before relaxing)
 .debug_str     0x000f443d       0x70 Core/Src/system_stm32f7xx.o
                              0xf0b41 (size before relaxing)
 .debug_str     0x000f44ad      0x45b Drivers/STM32F7xx_HAL_Driver/Src/stm32f7xx_hal.o
                              0xf15ab (size before relaxing)
 .debug_str     0x000f4908      0x31d Drivers/STM32F7xx_HAL_Driver/Src/stm32f7xx_hal_cortex.o
                              0xf1526 (size before relaxing)
 .debug_str     0x000f4c25      0x2f9 Drivers/STM32F7xx_HAL_Driver/Src/stm32f7xx_hal_dma.o
                              0xf0e87 (size before relaxing)
 .debug_str     0x000f4f1e      0x1c8 Drivers/STM32F7xx_HAL_Driver/Src/stm32f7xx_hal_gpio.o
                              0xf0d17 (size before relaxing)
 .debug_str     0x000f50e6      0xd54 Drivers/STM32F7xx_HAL_Driver/Src/stm32f7xx_hal_i2c.o
                              0xf1bd9 (size before relaxing)
 .debug_str     0x000f5e3a       0x6c Drivers/STM32F7xx_HAL_Driver/Src/stm32f7xx_hal_i2c_ex.o
                              0xf0ffe (size before relaxing)
 .debug_str     0x000f5ea6      0x1dd Drivers/STM32F7xx_HAL_Driver/Src/stm32f7xx_hal_pwr_ex.o
                              0xf0dd3 (size before relaxing)
 .debug_str     0x000f6083      0x69d Drivers/STM32F7xx_HAL_Driver/Src/stm32f7xx_hal_qspi.o
                              0xf14a3 (size before relaxing)
 .debug_str     0x000f6720      0x220 Drivers/STM32F7xx_HAL_Driver/Src/stm32f7xx_hal_rcc.o
                              0xf0e91 (size before relaxing)
 .debug_str     0x000f6940      0x13d Drivers/STM32F7xx_HAL_Driver/Src/stm32f7xx_hal_rcc_ex.o
                              0xf0e36 (size before relaxing)
 .debug_str     0x000f6a7d      0x4af Drivers/STM32F7xx_HAL_Driver/Src/stm32f7xx_hal_spi.o
                              0xf12ec (size before relaxing)
 .debug_str     0x000f6f2c      0xab8 Drivers/STM32F7xx_HAL_Driver/Src/stm32f7xx_hal_tim.o
                              0xf1ad8 (size before relaxing)
 .debug_str     0x000f79e4      0x4e7 Drivers/STM32F7xx_HAL_Driver/Src/stm32f7xx_hal_tim_ex.o
                              0xf1647 (size before relaxing)
 .debug_str     0x000f7ecb      0x569 Drivers/STM32F7xx_HAL_Driver/Src/stm32f7xx_hal_uart.o
                              0xf1585 (size before relaxing)
 .debug_str     0x000f8434      0x194 Lib/PuTTY.o
                              0xf1833 (size before relaxing)
 .debug_str     0x000f85c8      0x22c Lib/SX1280/SX1280.o
                              0xf2aa7 (size before relaxing)
 .debug_str     0x000f87f4       0x14 Util/gpio_util.o
                              0xf16a4 (size before relaxing)
 .debug_str     0x000f8808       0x30 startup/startup_stm32f767xx.o
                                 0x71 (size before relaxing)

.comment        0x00000000       0x7e
 .comment       0x00000000       0x7e Core/Src/Wireless.o
                                 0x7f (size before relaxing)
 .comment       0x0000007e       0x7f Core/Src/main.o